new:173:33:void* operator new(std::size_t, void*)	16	static
gthr-default.h:229:1:int __gthread_key_delete(__gthread_key_t)	16	static
shared_ptr_base.h:303:5:void std::_Sp_counted_base<_Lp>::_M_add_ref_copy() [with __gnu_cxx::_Lock_policy _Lp = __gnu_cxx::_S_single]	16	static
shared_ptr_base.h:308:5:void std::_Sp_counted_base<_Lp>::_M_release() [with __gnu_cxx::_Lock_policy _Lp = __gnu_cxx::_S_single]	16	static
frame.h:149:21:std::size_t desenet::Frame::length() const	16	static
frame.h:210:29:const uint8_t* desenet::Frame::buffer() const	16	static
shared_ptr_base.h:1169:7:std::__shared_ptr<_Tp, _Lp>::~__shared_ptr() [with _Tp = unsigned char; __gnu_cxx::_Lock_policy _Lp = __gnu_cxx::_S_single]	16	static
shared_ptr.h:103:11:std::shared_ptr<unsigned char>::~shared_ptr()	16	static
sharedbuffer.hpp:20:11:hei::SharedBuffer<unsigned char>::~SharedBuffer()	16	static
frame.cpp:14:1:desenet::Frame::Frame(std::size_t)	16	static
shared_ptr_base.h:1167:7:std::__shared_ptr<_Tp, _Lp>::__shared_ptr(const std::__shared_ptr<_Tp, _Lp>&) [with _Tp = unsigned char; __gnu_cxx::_Lock_policy _Lp = __gnu_cxx::_S_single]	16	static
shared_ptr.h:129:7:std::shared_ptr<_Tp>::shared_ptr(const std::shared_ptr<_Tp>&) [with _Tp = unsigned char]	16	static
sharedbuffer.hpp:20:11:hei::SharedBuffer<unsigned char>::SharedBuffer(const hei::SharedBuffer<unsigned char>&)	16	static
frame.cpp:23:1:desenet::Frame::Frame(const SharedByteBuffer&)	16	static
frame.cpp:29:16:static desenet::Frame desenet::Frame::useBuffer(uint8_t*, std::size_t)	40	static
frame.cpp:34:22:static const desenet::Frame desenet::Frame::useBuffer(const uint8_t*, std::size_t)	40	static
frame.cpp:39:16:static desenet::Frame desenet::Frame::copyFromBuffer(const uint8_t*, std::size_t)	40	static
frame.cpp:44:6:bool desenet::Frame::isValid() const	16	static
frame.cpp:51:6:void desenet::Frame::setLength(std::size_t)	16	static
frame.cpp:66:18:desenet::Address desenet::Frame::destination() const	16	static
frame.cpp:77:9:uint8_t desenet::Frame::payloadSize() const	32	static
frame.cpp:86:6:void desenet::Frame::setDestination(const Address&)	24	static
frame.cpp:92:6:void desenet::Frame::setPayloadSize(uint8_t)	24	static
frame.cpp:97:20:desenet::FrameType desenet::Frame::type() const	16	static
frame.cpp:106:6:void desenet::Frame::setType(desenet::FrameType)	16	static
frame.cpp:121:14:const char* desenet::Frame::toString() const	32	static
frame.cpp:127:14:static const char* desenet::Frame::toString(const uint8_t*, const size_t&)	24	static
frame.cpp:141:26:desenet::NetworkInterfaceDriver& desenet::operator<<(desenet::NetworkInterfaceDriver&, const desenet::Frame&)	24	static
shared_ptr_base.h:131:7:void std::_Sp_counted_base<_Lp>::_M_destroy() [with __gnu_cxx::_Lock_policy _Lp = __gnu_cxx::_S_single]	16	static
initializer_list:71:7:constexpr std::initializer_list<_E>::size_type std::initializer_list<_E>::size() const [with _E = unsigned char]	16	static
address.hpp:47:2:phy::Address<size>::Address(std::initializer_list<unsigned char>) [with unsigned int size = 4]	32	static
sharedbuffer.hpp:234:25:T& hei::SharedBuffer<T>::operator[](hei::SharedBuffer<T>::sizeType) const [with T = unsigned char]	16	static
sharedbuffer.hpp:224:19:T& hei::SharedBuffer<T>::operator[](hei::SharedBuffer<T>::sizeType) [with T = unsigned char]	16	static
sharedbuffer.hpp:244:17:T* hei::SharedBuffer<T>::data() [with T = unsigned char]	16	static
sharedbuffer.hpp:254:22:const T* hei::SharedBuffer<T>::data() const [with T = unsigned char]	16	static
sharedbuffer.hpp:205:18:hei::SharedBuffer<T>::sizeType hei::SharedBuffer<T>::length() const [with T = unsigned char]	16	static
sharedbuffer.hpp:43:67:hei::SharedBuffer<T>::SharedBuffer(hei::SharedBuffer<T>::sizeType) [with T = unsigned char]::<lambda(hei::SharedBuffer<unsigned char>::pointer)>	16	static
sharedbuffer.hpp:42:18:hei::SharedBuffer<T>::SharedBuffer(hei::SharedBuffer<T>::sizeType) [with T = unsigned char]	40	static
shared_ptr_base.h:727:7:std::__shared_count<_Lp>::~__shared_count() [with __gnu_cxx::_Lock_policy _Lp = __gnu_cxx::_S_single]	16	static
shared_ptr_base.h:733:7:std::__shared_count<_Lp>::__shared_count(const std::__shared_count<_Lp>&) [with __gnu_cxx::_Lock_policy _Lp = __gnu_cxx::_S_single]	16	static
sharedbuffer.hpp:67:53:hei::SharedBuffer<T>::proxy(hei::SharedBuffer<T>::pointer, hei::SharedBuffer<T>::sizeType) [with T = unsigned char]::<lambda(hei::SharedBuffer<unsigned char>::pointer)>	16	static
sharedbuffer.hpp:65:29:static hei::SharedBuffer<T> hei::SharedBuffer<T>::proxy(hei::SharedBuffer<T>::pointer, hei::SharedBuffer<T>::sizeType) [with T = unsigned char]	48	static
sharedbuffer.hpp:84:74:hei::SharedBuffer<T>::proxy(hei::SharedBuffer<T>::constPointer, hei::SharedBuffer<T>::sizeType) [with T = unsigned char]::<lambda(hei::SharedBuffer<unsigned char>::pointer)>	16	static
sharedbuffer.hpp:82:35:static const hei::SharedBuffer<T> hei::SharedBuffer<T>::proxy(hei::SharedBuffer<T>::constPointer, hei::SharedBuffer<T>::sizeType) [with T = unsigned char]	48	static
sharedbuffer.hpp:99:74:hei::SharedBuffer<T>::copy(hei::SharedBuffer<T>::constPointer, hei::SharedBuffer<T>::sizeType) [with T = unsigned char]::<lambda(hei::SharedBuffer<unsigned char>::pointer)>	16	static
sharedbuffer.hpp:97:29:static hei::SharedBuffer<T> hei::SharedBuffer<T>::copy(hei::SharedBuffer<T>::constPointer, hei::SharedBuffer<T>::sizeType) [with T = unsigned char]	48	static
sharedbuffer.hpp:214:14:bool hei::SharedBuffer<T>::empty() const [with T = unsigned char]	16	static
address.hpp:24:11:phy::Address<size>::Address() [with unsigned int size = 4]	16	static
address.hpp:56:10:phy::Address<size>::~Address() [with unsigned int size = 4]	16	static
address.hpp:56:10:phy::Address<size>::~Address() [with unsigned int size = 4]	16	static
address.hpp:115:7:void phy::Address<size>::copyFrom(const uint8_t*) [with unsigned int size = 4]	16	static
address.hpp:79:16:static size_t phy::Address<size>::addressSize() [with unsigned int size = 4]	4	static
address.hpp:254:25:const uint8_t* phy::Address<size>::data() const [with unsigned int size = 4]	16	static
shared_ptr_base.h:121:7:std::_Sp_counted_base<_Lp>::~_Sp_counted_base() [with __gnu_cxx::_Lock_policy _Lp = __gnu_cxx::_S_single]	16	static
shared_ptr_base.h:121:7:std::_Sp_counted_base<_Lp>::~_Sp_counted_base() [with __gnu_cxx::_Lock_policy _Lp = __gnu_cxx::_S_single]	16	static
initializer_list:75:7:constexpr const _E* std::initializer_list<_E>::begin() const [with _E = unsigned char]	16	static
initializer_list:79:7:constexpr const _E* std::initializer_list<_E>::end() const [with _E = unsigned char]	24	static
stl_algobase.h:465:5:_OI std::copy(_II, _II, _OI) [with _II = const unsigned char*; _OI = unsigned char*]	32	static
shared_ptr_base.h:1309:7:std::__shared_ptr<_Tp, _Lp>::element_type* std::__shared_ptr<_Tp, _Lp>::get() const [with _Tp = unsigned char; __gnu_cxx::_Lock_policy _Lp = __gnu_cxx::_S_single]	16	static
shared_ptr.h:127:17:constexpr std::shared_ptr<_Tp>::shared_ptr() [with _Tp = unsigned char]	16	static
shared_ptr.h:156:2:std::shared_ptr<_Tp>::shared_ptr(_Yp*, _Deleter) [with _Yp = unsigned char; _Deleter = hei::SharedBuffer<T>::SharedBuffer(hei::SharedBuffer<T>::sizeType) [with T = unsigned char]::<lambda(hei::SharedBuffer<unsigned char>::pointer)>; <template-parameter-2-3> = void; _Tp = unsigned char]	32	static
shared_ptr.h:333:7:std::shared_ptr<_Tp>& std::shared_ptr<_Tp>::operator=(std::shared_ptr<_Tp>&&) [with _Tp = unsigned char]	24	static
sharedbuffer.hpp:35:9:hei::SharedBuffer<T>::SharedBuffer() [with T = unsigned char]	16	static
shared_ptr.h:156:2:std::shared_ptr<_Tp>::shared_ptr(_Yp*, _Deleter) [with _Yp = unsigned char; _Deleter = hei::SharedBuffer<T>::proxy(hei::SharedBuffer<T>::pointer, hei::SharedBuffer<T>::sizeType) [with T = unsigned char]::<lambda(hei::SharedBuffer<unsigned char>::pointer)>; <template-parameter-2-3> = void; _Tp = unsigned char]	32	static
move.h:99:5:constexpr typename std::remove_reference<_Tp>::type&& std::move(_Tp&&) [with _Tp = std::shared_ptr<unsigned char>&]	16	static
shared_ptr_base.h:1176:7:std::__shared_ptr<_Tp, _Lp>::__shared_ptr(std::__shared_ptr<_Tp, _Lp>&&) [with _Tp = unsigned char; __gnu_cxx::_Lock_policy _Lp = __gnu_cxx::_S_single]	16	static
shared_ptr.h:156:2:std::shared_ptr<_Tp>::shared_ptr(_Yp*, _Deleter) [with _Yp = unsigned char; _Deleter = hei::SharedBuffer<T>::proxy(hei::SharedBuffer<T>::constPointer, hei::SharedBuffer<T>::sizeType) [with T = unsigned char]::<lambda(hei::SharedBuffer<unsigned char>::pointer)>; <template-parameter-2-3> = void; _Tp = unsigned char]	32	static
shared_ptr.h:156:2:std::shared_ptr<_Tp>::shared_ptr(_Yp*, _Deleter) [with _Yp = unsigned char; _Deleter = hei::SharedBuffer<T>::copy(hei::SharedBuffer<T>::constPointer, hei::SharedBuffer<T>::sizeType) [with T = unsigned char]::<lambda(hei::SharedBuffer<unsigned char>::pointer)>; <template-parameter-2-3> = void; _Tp = unsigned char]	32	static
cpp_type_traits.h:428:5:_Iterator std::__miter_base(_Iterator) [with _Iterator = const unsigned char*]	16	static
stl_algobase.h:438:5:_OI std::__copy_move_a2(_II, _II, _OI) [with bool _IsMove = false; _II = const unsigned char*; _OI = unsigned char*]	32	static
shared_ptr_base.h:1118:17:constexpr std::__shared_ptr<_Tp, _Lp>::__shared_ptr() [with _Tp = unsigned char; __gnu_cxx::_Lock_policy _Lp = __gnu_cxx::_S_single]	16	static
move.h:99:5:constexpr typename std::remove_reference<_Tp>::type&& std::move(_Tp&&) [with _Tp = hei::SharedBuffer<T>::SharedBuffer(hei::SharedBuffer<T>::sizeType) [with T = unsigned char]::<lambda(hei::SharedBuffer<unsigned char>::pointer)>&]	16	static
shared_ptr_base.h:1133:2:std::__shared_ptr<_Tp, _Lp>::__shared_ptr(_Yp*, _Deleter) [with _Yp = unsigned char; _Deleter = hei::SharedBuffer<T>::SharedBuffer(hei::SharedBuffer<T>::sizeType) [with T = unsigned char]::<lambda(hei::SharedBuffer<unsigned char>::pointer)>; <template-parameter-2-3> = void; _Tp = unsigned char; __gnu_cxx::_Lock_policy _Lp = __gnu_cxx::_S_single]	32	static
shared_ptr_base.h:1263:7:std::__shared_ptr<_Tp, _Lp>& std::__shared_ptr<_Tp, _Lp>::operator=(std::__shared_ptr<_Tp, _Lp>&&) [with _Tp = unsigned char; __gnu_cxx::_Lock_policy _Lp = __gnu_cxx::_S_single]	24	static
shared_ptr.h:307:17:constexpr std::shared_ptr<_Tp>::shared_ptr(std::nullptr_t) [with _Tp = unsigned char]	16	static
move.h:99:5:constexpr typename std::remove_reference<_Tp>::type&& std::move(_Tp&&) [with _Tp = hei::SharedBuffer<T>::proxy(hei::SharedBuffer<T>::pointer, hei::SharedBuffer<T>::sizeType) [with T = unsigned char]::<lambda(hei::SharedBuffer<unsigned char>::pointer)>&]	16	static
shared_ptr_base.h:1133:2:std::__shared_ptr<_Tp, _Lp>::__shared_ptr(_Yp*, _Deleter) [with _Yp = unsigned char; _Deleter = hei::SharedBuffer<T>::proxy(hei::SharedBuffer<T>::pointer, hei::SharedBuffer<T>::sizeType) [with T = unsigned char]::<lambda(hei::SharedBuffer<unsigned char>::pointer)>; <template-parameter-2-3> = void; _Tp = unsigned char; __gnu_cxx::_Lock_policy _Lp = __gnu_cxx::_S_single]	32	static
shared_ptr_base.h:616:17:constexpr std::__shared_count<_Lp>::__shared_count() [with __gnu_cxx::_Lock_policy _Lp = __gnu_cxx::_S_single]	16	static
shared_ptr_base.h:756:7:void std::__shared_count<_Lp>::_M_swap(std::__shared_count<_Lp>&) [with __gnu_cxx::_Lock_policy _Lp = __gnu_cxx::_S_single]	24	static
move.h:99:5:constexpr typename std::remove_reference<_Tp>::type&& std::move(_Tp&&) [with _Tp = hei::SharedBuffer<T>::proxy(hei::SharedBuffer<T>::constPointer, hei::SharedBuffer<T>::sizeType) [with T = unsigned char]::<lambda(hei::SharedBuffer<unsigned char>::pointer)>&]	16	static
shared_ptr_base.h:1133:2:std::__shared_ptr<_Tp, _Lp>::__shared_ptr(_Yp*, _Deleter) [with _Yp = unsigned char; _Deleter = hei::SharedBuffer<T>::proxy(hei::SharedBuffer<T>::constPointer, hei::SharedBuffer<T>::sizeType) [with T = unsigned char]::<lambda(hei::SharedBuffer<unsigned char>::pointer)>; <template-parameter-2-3> = void; _Tp = unsigned char; __gnu_cxx::_Lock_policy _Lp = __gnu_cxx::_S_single]	32	static
move.h:99:5:constexpr typename std::remove_reference<_Tp>::type&& std::move(_Tp&&) [with _Tp = hei::SharedBuffer<T>::copy(hei::SharedBuffer<T>::constPointer, hei::SharedBuffer<T>::sizeType) [with T = unsigned char]::<lambda(hei::SharedBuffer<unsigned char>::pointer)>&]	16	static
shared_ptr_base.h:1133:2:std::__shared_ptr<_Tp, _Lp>::__shared_ptr(_Yp*, _Deleter) [with _Yp = unsigned char; _Deleter = hei::SharedBuffer<T>::copy(hei::SharedBuffer<T>::constPointer, hei::SharedBuffer<T>::sizeType) [with T = unsigned char]::<lambda(hei::SharedBuffer<unsigned char>::pointer)>; <template-parameter-2-3> = void; _Tp = unsigned char; __gnu_cxx::_Lock_policy _Lp = __gnu_cxx::_S_single]	32	static
stl_algobase.h:280:5:_Iterator std::__niter_base(_Iterator) [with _Iterator = const unsigned char*]	16	static
stl_algobase.h:280:5:_Iterator std::__niter_base(_Iterator) [with _Iterator = unsigned char*]	16	static
stl_algobase.h:393:5:_OI std::__copy_move_a(_II, _II, _OI) [with bool _IsMove = false; _II = const unsigned char*; _OI = unsigned char*]	32	static
stl_algobase.h:295:5:_Iterator std::__niter_wrap(const _Iterator&, _Iterator) [with _Iterator = unsigned char*]	16	static
shared_ptr_base.h:646:2:std::__shared_count<_Lp>::__shared_count(_Ptr, _Deleter) [with _Ptr = unsigned char*; _Deleter = hei::SharedBuffer<T>::SharedBuffer(hei::SharedBuffer<T>::sizeType) [with T = unsigned char]::<lambda(hei::SharedBuffer<unsigned char>::pointer)>; <template-parameter-2-3> = void; __gnu_cxx::_Lock_policy _Lp = __gnu_cxx::_S_single]	40	static
shared_ptr_base.h:1388:2:typename std::enable_if<(! std::__shared_ptr<_Tp, _Lp>::__has_esft_base<_Yp2>::value)>::type std::__shared_ptr<_Tp, _Lp>::_M_enable_shared_from_this_with(_Yp*) [with _Yp = unsigned char; _Yp2 = unsigned char; _Tp = unsigned char; __gnu_cxx::_Lock_policy _Lp = __gnu_cxx::_S_single]	16	static
move.h:99:5:constexpr typename std::remove_reference<_Tp>::type&& std::move(_Tp&&) [with _Tp = std::__shared_ptr<unsigned char, __gnu_cxx::_S_single>&]	16	static
shared_ptr_base.h:1324:7:void std::__shared_ptr<_Tp, _Lp>::swap(std::__shared_ptr<_Tp, _Lp>&) [with _Tp = unsigned char; __gnu_cxx::_Lock_policy _Lp = __gnu_cxx::_S_single]	16	static
shared_ptr_base.h:646:2:std::__shared_count<_Lp>::__shared_count(_Ptr, _Deleter) [with _Ptr = unsigned char*; _Deleter = hei::SharedBuffer<T>::proxy(hei::SharedBuffer<T>::pointer, hei::SharedBuffer<T>::sizeType) [with T = unsigned char]::<lambda(hei::SharedBuffer<unsigned char>::pointer)>; <template-parameter-2-3> = void; __gnu_cxx::_Lock_policy _Lp = __gnu_cxx::_S_single]	40	static
shared_ptr_base.h:646:2:std::__shared_count<_Lp>::__shared_count(_Ptr, _Deleter) [with _Ptr = unsigned char*; _Deleter = hei::SharedBuffer<T>::proxy(hei::SharedBuffer<T>::constPointer, hei::SharedBuffer<T>::sizeType) [with T = unsigned char]::<lambda(hei::SharedBuffer<unsigned char>::pointer)>; <template-parameter-2-3> = void; __gnu_cxx::_Lock_policy _Lp = __gnu_cxx::_S_single]	40	static
shared_ptr_base.h:646:2:std::__shared_count<_Lp>::__shared_count(_Ptr, _Deleter) [with _Ptr = unsigned char*; _Deleter = hei::SharedBuffer<T>::copy(hei::SharedBuffer<T>::constPointer, hei::SharedBuffer<T>::sizeType) [with T = unsigned char]::<lambda(hei::SharedBuffer<unsigned char>::pointer)>; <template-parameter-2-3> = void; __gnu_cxx::_Lock_policy _Lp = __gnu_cxx::_S_single]	40	static
stl_algobase.h:375:2:static _Tp* std::__copy_move<_IsMove, true, std::random_access_iterator_tag>::__copy_m(const _Tp*, const _Tp*, _Tp*) [with _Tp = unsigned char; bool _IsMove = false]	32	static
shared_ptr_base.h:652:2:std::__shared_count<_Lp>::__shared_count(_Ptr, _Deleter, _Alloc) [with _Ptr = unsigned char*; _Deleter = hei::SharedBuffer<T>::SharedBuffer(hei::SharedBuffer<T>::sizeType) [with T = unsigned char]::<lambda(hei::SharedBuffer<unsigned char>::pointer)>; _Alloc = std::allocator<void>; <template-parameter-2-4> = void; __gnu_cxx::_Lock_policy _Lp = __gnu_cxx::_S_single]	56	static
move.h:99:5:constexpr typename std::remove_reference<_Tp>::type&& std::move(_Tp&&) [with _Tp = unsigned char*&]	16	static
move.h:182:5:typename std::enable_if<std::__and_<std::__not_<std::__is_tuple_like<_Tp> >, std::is_move_constructible<_Tp>, std::is_move_assignable<_Tp> >::value>::type std::swap(_Tp&, _Tp&) [with _Tp = unsigned char*]	24	static
shared_ptr_base.h:652:2:std::__shared_count<_Lp>::__shared_count(_Ptr, _Deleter, _Alloc) [with _Ptr = unsigned char*; _Deleter = hei::SharedBuffer<T>::proxy(hei::SharedBuffer<T>::pointer, hei::SharedBuffer<T>::sizeType) [with T = unsigned char]::<lambda(hei::SharedBuffer<unsigned char>::pointer)>; _Alloc = std::allocator<void>; <template-parameter-2-4> = void; __gnu_cxx::_Lock_policy _Lp = __gnu_cxx::_S_single]	56	static
shared_ptr_base.h:652:2:std::__shared_count<_Lp>::__shared_count(_Ptr, _Deleter, _Alloc) [with _Ptr = unsigned char*; _Deleter = hei::SharedBuffer<T>::proxy(hei::SharedBuffer<T>::constPointer, hei::SharedBuffer<T>::sizeType) [with T = unsigned char]::<lambda(hei::SharedBuffer<unsigned char>::pointer)>; _Alloc = std::allocator<void>; <template-parameter-2-4> = void; __gnu_cxx::_Lock_policy _Lp = __gnu_cxx::_S_single]	56	static
shared_ptr_base.h:652:2:std::__shared_count<_Lp>::__shared_count(_Ptr, _Deleter, _Alloc) [with _Ptr = unsigned char*; _Deleter = hei::SharedBuffer<T>::copy(hei::SharedBuffer<T>::constPointer, hei::SharedBuffer<T>::sizeType) [with T = unsigned char]::<lambda(hei::SharedBuffer<unsigned char>::pointer)>; _Alloc = std::allocator<void>; <template-parameter-2-4> = void; __gnu_cxx::_Lock_policy _Lp = __gnu_cxx::_S_single]	56	static
allocator.h:151:2:std::allocator< <template-parameter-1-1> >::allocator(const std::allocator<_Tp1>&) [with _Tp1 = void; _Tp = std::_Sp_counted_deleter<unsigned char*, hei::SharedBuffer<T>::SharedBuffer(hei::SharedBuffer<T>::sizeType) [with T = unsigned char]::<lambda(hei::SharedBuffer<unsigned char>::pointer)>, std::allocator<void>, __gnu_cxx::_S_single>]	16	static
allocator.h:153:7:std::allocator< <template-parameter-1-1> >::~allocator() [with _Tp = std::_Sp_counted_deleter<unsigned char*, hei::SharedBuffer<T>::SharedBuffer(hei::SharedBuffer<T>::sizeType) [with T = unsigned char]::<lambda(hei::SharedBuffer<unsigned char>::pointer)>, std::allocator<void>, __gnu_cxx::_S_single>]	16	static
allocated_ptr.h:95:5:std::__allocated_ptr<_Alloc> std::__allocate_guarded(_Alloc&) [with _Alloc = std::allocator<std::_Sp_counted_deleter<unsigned char*, hei::SharedBuffer<T>::SharedBuffer(hei::SharedBuffer<T>::sizeType) [with T = unsigned char]::<lambda(hei::SharedBuffer<unsigned char>::pointer)>, std::allocator<void>, __gnu_cxx::_S_single> >]	16	static
allocated_ptr.h:70:7:std::__allocated_ptr<_Alloc>::~__allocated_ptr() [with _Alloc = std::allocator<std::_Sp_counted_deleter<unsigned char*, hei::SharedBuffer<T>::SharedBuffer(hei::SharedBuffer<T>::sizeType) [with T = unsigned char]::<lambda(hei::SharedBuffer<unsigned char>::pointer)>, std::allocator<void>, __gnu_cxx::_S_single> >]	16	static
allocated_ptr.h:85:19:std::__allocated_ptr<_Alloc>::value_type* std::__allocated_ptr<_Alloc>::get() [with _Alloc = std::allocator<std::_Sp_counted_deleter<unsigned char*, hei::SharedBuffer<T>::SharedBuffer(hei::SharedBuffer<T>::sizeType) [with T = unsigned char]::<lambda(hei::SharedBuffer<unsigned char>::pointer)>, std::allocator<void>, __gnu_cxx::_S_single> >]	16	static
move.h:99:5:constexpr typename std::remove_reference<_Tp>::type&& std::move(_Tp&&) [with _Tp = std::allocator<void>&]	16	static
shared_ptr_base.h:464:7:std::_Sp_counted_deleter<_Ptr, _Deleter, _Alloc, _Lp>::_Sp_counted_deleter(_Ptr, _Deleter, const _Alloc&) [with _Ptr = unsigned char*; _Deleter = hei::SharedBuffer<T>::SharedBuffer(hei::SharedBuffer<T>::sizeType) [with T = unsigned char]::<lambda(hei::SharedBuffer<unsigned char>::pointer)>; _Alloc = std::allocator<void>; __gnu_cxx::_Lock_policy _Lp = __gnu_cxx::_S_single]	32	static
allocated_ptr.h:78:7:std::__allocated_ptr<_Alloc>& std::__allocated_ptr<_Alloc>::operator=(std::nullptr_t) [with _Alloc = std::allocator<std::_Sp_counted_deleter<unsigned char*, hei::SharedBuffer<T>::SharedBuffer(hei::SharedBuffer<T>::sizeType) [with T = unsigned char]::<lambda(hei::SharedBuffer<unsigned char>::pointer)>, std::allocator<void>, __gnu_cxx::_S_single> >]	16	static
allocator.h:151:2:std::allocator< <template-parameter-1-1> >::allocator(const std::allocator<_Tp1>&) [with _Tp1 = void; _Tp = std::_Sp_counted_deleter<unsigned char*, hei::SharedBuffer<T>::proxy(hei::SharedBuffer<T>::pointer, hei::SharedBuffer<T>::sizeType) [with T = unsigned char]::<lambda(hei::SharedBuffer<unsigned char>::pointer)>, std::allocator<void>, __gnu_cxx::_S_single>]	16	static
allocator.h:153:7:std::allocator< <template-parameter-1-1> >::~allocator() [with _Tp = std::_Sp_counted_deleter<unsigned char*, hei::SharedBuffer<T>::proxy(hei::SharedBuffer<T>::pointer, hei::SharedBuffer<T>::sizeType) [with T = unsigned char]::<lambda(hei::SharedBuffer<unsigned char>::pointer)>, std::allocator<void>, __gnu_cxx::_S_single>]	16	static
allocated_ptr.h:95:5:std::__allocated_ptr<_Alloc> std::__allocate_guarded(_Alloc&) [with _Alloc = std::allocator<std::_Sp_counted_deleter<unsigned char*, hei::SharedBuffer<T>::proxy(hei::SharedBuffer<T>::pointer, hei::SharedBuffer<T>::sizeType) [with T = unsigned char]::<lambda(hei::SharedBuffer<unsigned char>::pointer)>, std::allocator<void>, __gnu_cxx::_S_single> >]	16	static
allocated_ptr.h:70:7:std::__allocated_ptr<_Alloc>::~__allocated_ptr() [with _Alloc = std::allocator<std::_Sp_counted_deleter<unsigned char*, hei::SharedBuffer<T>::proxy(hei::SharedBuffer<T>::pointer, hei::SharedBuffer<T>::sizeType) [with T = unsigned char]::<lambda(hei::SharedBuffer<unsigned char>::pointer)>, std::allocator<void>, __gnu_cxx::_S_single> >]	16	static
allocated_ptr.h:85:19:std::__allocated_ptr<_Alloc>::value_type* std::__allocated_ptr<_Alloc>::get() [with _Alloc = std::allocator<std::_Sp_counted_deleter<unsigned char*, hei::SharedBuffer<T>::proxy(hei::SharedBuffer<T>::pointer, hei::SharedBuffer<T>::sizeType) [with T = unsigned char]::<lambda(hei::SharedBuffer<unsigned char>::pointer)>, std::allocator<void>, __gnu_cxx::_S_single> >]	16	static
shared_ptr_base.h:464:7:std::_Sp_counted_deleter<_Ptr, _Deleter, _Alloc, _Lp>::_Sp_counted_deleter(_Ptr, _Deleter, const _Alloc&) [with _Ptr = unsigned char*; _Deleter = hei::SharedBuffer<T>::proxy(hei::SharedBuffer<T>::pointer, hei::SharedBuffer<T>::sizeType) [with T = unsigned char]::<lambda(hei::SharedBuffer<unsigned char>::pointer)>; _Alloc = std::allocator<void>; __gnu_cxx::_Lock_policy _Lp = __gnu_cxx::_S_single]	32	static
allocated_ptr.h:78:7:std::__allocated_ptr<_Alloc>& std::__allocated_ptr<_Alloc>::operator=(std::nullptr_t) [with _Alloc = std::allocator<std::_Sp_counted_deleter<unsigned char*, hei::SharedBuffer<T>::proxy(hei::SharedBuffer<T>::pointer, hei::SharedBuffer<T>::sizeType) [with T = unsigned char]::<lambda(hei::SharedBuffer<unsigned char>::pointer)>, std::allocator<void>, __gnu_cxx::_S_single> >]	16	static
allocator.h:151:2:std::allocator< <template-parameter-1-1> >::allocator(const std::allocator<_Tp1>&) [with _Tp1 = void; _Tp = std::_Sp_counted_deleter<unsigned char*, hei::SharedBuffer<T>::proxy(hei::SharedBuffer<T>::constPointer, hei::SharedBuffer<T>::sizeType) [with T = unsigned char]::<lambda(hei::SharedBuffer<unsigned char>::pointer)>, std::allocator<void>, __gnu_cxx::_S_single>]	16	static
allocator.h:153:7:std::allocator< <template-parameter-1-1> >::~allocator() [with _Tp = std::_Sp_counted_deleter<unsigned char*, hei::SharedBuffer<T>::proxy(hei::SharedBuffer<T>::constPointer, hei::SharedBuffer<T>::sizeType) [with T = unsigned char]::<lambda(hei::SharedBuffer<unsigned char>::pointer)>, std::allocator<void>, __gnu_cxx::_S_single>]	16	static
allocated_ptr.h:95:5:std::__allocated_ptr<_Alloc> std::__allocate_guarded(_Alloc&) [with _Alloc = std::allocator<std::_Sp_counted_deleter<unsigned char*, hei::SharedBuffer<T>::proxy(hei::SharedBuffer<T>::constPointer, hei::SharedBuffer<T>::sizeType) [with T = unsigned char]::<lambda(hei::SharedBuffer<unsigned char>::pointer)>, std::allocator<void>, __gnu_cxx::_S_single> >]	16	static
allocated_ptr.h:70:7:std::__allocated_ptr<_Alloc>::~__allocated_ptr() [with _Alloc = std::allocator<std::_Sp_counted_deleter<unsigned char*, hei::SharedBuffer<T>::proxy(hei::SharedBuffer<T>::constPointer, hei::SharedBuffer<T>::sizeType) [with T = unsigned char]::<lambda(hei::SharedBuffer<unsigned char>::pointer)>, std::allocator<void>, __gnu_cxx::_S_single> >]	16	static
allocated_ptr.h:85:19:std::__allocated_ptr<_Alloc>::value_type* std::__allocated_ptr<_Alloc>::get() [with _Alloc = std::allocator<std::_Sp_counted_deleter<unsigned char*, hei::SharedBuffer<T>::proxy(hei::SharedBuffer<T>::constPointer, hei::SharedBuffer<T>::sizeType) [with T = unsigned char]::<lambda(hei::SharedBuffer<unsigned char>::pointer)>, std::allocator<void>, __gnu_cxx::_S_single> >]	16	static
shared_ptr_base.h:464:7:std::_Sp_counted_deleter<_Ptr, _Deleter, _Alloc, _Lp>::_Sp_counted_deleter(_Ptr, _Deleter, const _Alloc&) [with _Ptr = unsigned char*; _Deleter = hei::SharedBuffer<T>::proxy(hei::SharedBuffer<T>::constPointer, hei::SharedBuffer<T>::sizeType) [with T = unsigned char]::<lambda(hei::SharedBuffer<unsigned char>::pointer)>; _Alloc = std::allocator<void>; __gnu_cxx::_Lock_policy _Lp = __gnu_cxx::_S_single]	32	static
allocated_ptr.h:78:7:std::__allocated_ptr<_Alloc>& std::__allocated_ptr<_Alloc>::operator=(std::nullptr_t) [with _Alloc = std::allocator<std::_Sp_counted_deleter<unsigned char*, hei::SharedBuffer<T>::proxy(hei::SharedBuffer<T>::constPointer, hei::SharedBuffer<T>::sizeType) [with T = unsigned char]::<lambda(hei::SharedBuffer<unsigned char>::pointer)>, std::allocator<void>, __gnu_cxx::_S_single> >]	16	static
allocator.h:151:2:std::allocator< <template-parameter-1-1> >::allocator(const std::allocator<_Tp1>&) [with _Tp1 = void; _Tp = std::_Sp_counted_deleter<unsigned char*, hei::SharedBuffer<T>::copy(hei::SharedBuffer<T>::constPointer, hei::SharedBuffer<T>::sizeType) [with T = unsigned char]::<lambda(hei::SharedBuffer<unsigned char>::pointer)>, std::allocator<void>, __gnu_cxx::_S_single>]	16	static
allocator.h:153:7:std::allocator< <template-parameter-1-1> >::~allocator() [with _Tp = std::_Sp_counted_deleter<unsigned char*, hei::SharedBuffer<T>::copy(hei::SharedBuffer<T>::constPointer, hei::SharedBuffer<T>::sizeType) [with T = unsigned char]::<lambda(hei::SharedBuffer<unsigned char>::pointer)>, std::allocator<void>, __gnu_cxx::_S_single>]	16	static
allocated_ptr.h:95:5:std::__allocated_ptr<_Alloc> std::__allocate_guarded(_Alloc&) [with _Alloc = std::allocator<std::_Sp_counted_deleter<unsigned char*, hei::SharedBuffer<T>::copy(hei::SharedBuffer<T>::constPointer, hei::SharedBuffer<T>::sizeType) [with T = unsigned char]::<lambda(hei::SharedBuffer<unsigned char>::pointer)>, std::allocator<void>, __gnu_cxx::_S_single> >]	16	static
allocated_ptr.h:70:7:std::__allocated_ptr<_Alloc>::~__allocated_ptr() [with _Alloc = std::allocator<std::_Sp_counted_deleter<unsigned char*, hei::SharedBuffer<T>::copy(hei::SharedBuffer<T>::constPointer, hei::SharedBuffer<T>::sizeType) [with T = unsigned char]::<lambda(hei::SharedBuffer<unsigned char>::pointer)>, std::allocator<void>, __gnu_cxx::_S_single> >]	16	static
allocated_ptr.h:85:19:std::__allocated_ptr<_Alloc>::value_type* std::__allocated_ptr<_Alloc>::get() [with _Alloc = std::allocator<std::_Sp_counted_deleter<unsigned char*, hei::SharedBuffer<T>::copy(hei::SharedBuffer<T>::constPointer, hei::SharedBuffer<T>::sizeType) [with T = unsigned char]::<lambda(hei::SharedBuffer<unsigned char>::pointer)>, std::allocator<void>, __gnu_cxx::_S_single> >]	16	static
shared_ptr_base.h:464:7:std::_Sp_counted_deleter<_Ptr, _Deleter, _Alloc, _Lp>::_Sp_counted_deleter(_Ptr, _Deleter, const _Alloc&) [with _Ptr = unsigned char*; _Deleter = hei::SharedBuffer<T>::copy(hei::SharedBuffer<T>::constPointer, hei::SharedBuffer<T>::sizeType) [with T = unsigned char]::<lambda(hei::SharedBuffer<unsigned char>::pointer)>; _Alloc = std::allocator<void>; __gnu_cxx::_Lock_policy _Lp = __gnu_cxx::_S_single]	32	static
allocated_ptr.h:78:7:std::__allocated_ptr<_Alloc>& std::__allocated_ptr<_Alloc>::operator=(std::nullptr_t) [with _Alloc = std::allocator<std::_Sp_counted_deleter<unsigned char*, hei::SharedBuffer<T>::copy(hei::SharedBuffer<T>::constPointer, hei::SharedBuffer<T>::sizeType) [with T = unsigned char]::<lambda(hei::SharedBuffer<unsigned char>::pointer)>, std::allocator<void>, __gnu_cxx::_S_single> >]	16	static
new_allocator.h:80:7:__gnu_cxx::new_allocator<_Tp>::new_allocator() [with _Tp = std::_Sp_counted_deleter<unsigned char*, hei::SharedBuffer<T>::SharedBuffer(hei::SharedBuffer<T>::sizeType) [with T = unsigned char]::<lambda(hei::SharedBuffer<unsigned char>::pointer)>, std::allocator<void>, __gnu_cxx::_S_single>]	16	static
new_allocator.h:89:7:__gnu_cxx::new_allocator<_Tp>::~new_allocator() [with _Tp = std::_Sp_counted_deleter<unsigned char*, hei::SharedBuffer<T>::SharedBuffer(hei::SharedBuffer<T>::sizeType) [with T = unsigned char]::<lambda(hei::SharedBuffer<unsigned char>::pointer)>, std::allocator<void>, __gnu_cxx::_S_single>]	16	static
alloc_traits.h:443:7:static _Tp* std::allocator_traits<std::allocator<_CharT> >::allocate(std::allocator_traits<std::allocator<_CharT> >::allocator_type&, std::allocator_traits<std::allocator<_CharT> >::size_type) [with _Tp = std::_Sp_counted_deleter<unsigned char*, hei::SharedBuffer<T>::SharedBuffer(hei::SharedBuffer<T>::sizeType) [with T = unsigned char]::<lambda(hei::SharedBuffer<unsigned char>::pointer)>, std::allocator<void>, __gnu_cxx::_S_single>]	16	static
allocated_ptr.h:52:7:std::__allocated_ptr<_Alloc>::__allocated_ptr(_Alloc&, std::__allocated_ptr<_Alloc>::pointer) [with _Alloc = std::allocator<std::_Sp_counted_deleter<unsigned char*, hei::SharedBuffer<T>::SharedBuffer(hei::SharedBuffer<T>::sizeType) [with T = unsigned char]::<lambda(hei::SharedBuffer<unsigned char>::pointer)>, std::allocator<void>, __gnu_cxx::_S_single> >]	24	static
alloc_traits.h:469:7:static void std::allocator_traits<std::allocator<_CharT> >::deallocate(std::allocator_traits<std::allocator<_CharT> >::allocator_type&, std::allocator_traits<std::allocator<_CharT> >::pointer, std::allocator_traits<std::allocator<_CharT> >::size_type) [with _Tp = std::_Sp_counted_deleter<unsigned char*, hei::SharedBuffer<T>::SharedBuffer(hei::SharedBuffer<T>::sizeType) [with T = unsigned char]::<lambda(hei::SharedBuffer<unsigned char>::pointer)>, std::allocator<void>, __gnu_cxx::_S_single>]	24	static
ptr_traits.h:155:5:constexpr _Tp* std::__to_address(_Tp*) [with _Tp = std::_Sp_counted_deleter<unsigned char*, hei::SharedBuffer<T>::SharedBuffer(hei::SharedBuffer<T>::sizeType) [with T = unsigned char]::<lambda(hei::SharedBuffer<unsigned char>::pointer)>, std::allocator<void>, __gnu_cxx::_S_single>]	16	static
shared_ptr_base.h:117:7:std::_Sp_counted_base<_Lp>::_Sp_counted_base() [with __gnu_cxx::_Lock_policy _Lp = __gnu_cxx::_S_single]	16	static
shared_ptr_base.h:446:2:std::_Sp_counted_deleter<_Ptr, _Deleter, _Alloc, _Lp>::_Impl::_Impl(_Ptr, _Deleter, const _Alloc&) [with _Ptr = unsigned char*; _Deleter = hei::SharedBuffer<T>::SharedBuffer(hei::SharedBuffer<T>::sizeType) [with T = unsigned char]::<lambda(hei::SharedBuffer<unsigned char>::pointer)>; _Alloc = std::allocator<void>; __gnu_cxx::_Lock_policy _Lp = __gnu_cxx::_S_single]	24	static
new_allocator.h:80:7:__gnu_cxx::new_allocator<_Tp>::new_allocator() [with _Tp = std::_Sp_counted_deleter<unsigned char*, hei::SharedBuffer<T>::proxy(hei::SharedBuffer<T>::pointer, hei::SharedBuffer<T>::sizeType) [with T = unsigned char]::<lambda(hei::SharedBuffer<unsigned char>::pointer)>, std::allocator<void>, __gnu_cxx::_S_single>]	16	static
new_allocator.h:89:7:__gnu_cxx::new_allocator<_Tp>::~new_allocator() [with _Tp = std::_Sp_counted_deleter<unsigned char*, hei::SharedBuffer<T>::proxy(hei::SharedBuffer<T>::pointer, hei::SharedBuffer<T>::sizeType) [with T = unsigned char]::<lambda(hei::SharedBuffer<unsigned char>::pointer)>, std::allocator<void>, __gnu_cxx::_S_single>]	16	static
alloc_traits.h:443:7:static _Tp* std::allocator_traits<std::allocator<_CharT> >::allocate(std::allocator_traits<std::allocator<_CharT> >::allocator_type&, std::allocator_traits<std::allocator<_CharT> >::size_type) [with _Tp = std::_Sp_counted_deleter<unsigned char*, hei::SharedBuffer<T>::proxy(hei::SharedBuffer<T>::pointer, hei::SharedBuffer<T>::sizeType) [with T = unsigned char]::<lambda(hei::SharedBuffer<unsigned char>::pointer)>, std::allocator<void>, __gnu_cxx::_S_single>]	16	static
allocated_ptr.h:52:7:std::__allocated_ptr<_Alloc>::__allocated_ptr(_Alloc&, std::__allocated_ptr<_Alloc>::pointer) [with _Alloc = std::allocator<std::_Sp_counted_deleter<unsigned char*, hei::SharedBuffer<T>::proxy(hei::SharedBuffer<T>::pointer, hei::SharedBuffer<T>::sizeType) [with T = unsigned char]::<lambda(hei::SharedBuffer<unsigned char>::pointer)>, std::allocator<void>, __gnu_cxx::_S_single> >]	24	static
alloc_traits.h:469:7:static void std::allocator_traits<std::allocator<_CharT> >::deallocate(std::allocator_traits<std::allocator<_CharT> >::allocator_type&, std::allocator_traits<std::allocator<_CharT> >::pointer, std::allocator_traits<std::allocator<_CharT> >::size_type) [with _Tp = std::_Sp_counted_deleter<unsigned char*, hei::SharedBuffer<T>::proxy(hei::SharedBuffer<T>::pointer, hei::SharedBuffer<T>::sizeType) [with T = unsigned char]::<lambda(hei::SharedBuffer<unsigned char>::pointer)>, std::allocator<void>, __gnu_cxx::_S_single>]	24	static
ptr_traits.h:155:5:constexpr _Tp* std::__to_address(_Tp*) [with _Tp = std::_Sp_counted_deleter<unsigned char*, hei::SharedBuffer<T>::proxy(hei::SharedBuffer<T>::pointer, hei::SharedBuffer<T>::sizeType) [with T = unsigned char]::<lambda(hei::SharedBuffer<unsigned char>::pointer)>, std::allocator<void>, __gnu_cxx::_S_single>]	16	static
shared_ptr_base.h:446:2:std::_Sp_counted_deleter<_Ptr, _Deleter, _Alloc, _Lp>::_Impl::_Impl(_Ptr, _Deleter, const _Alloc&) [with _Ptr = unsigned char*; _Deleter = hei::SharedBuffer<T>::proxy(hei::SharedBuffer<T>::pointer, hei::SharedBuffer<T>::sizeType) [with T = unsigned char]::<lambda(hei::SharedBuffer<unsigned char>::pointer)>; _Alloc = std::allocator<void>; __gnu_cxx::_Lock_policy _Lp = __gnu_cxx::_S_single]	24	static
new_allocator.h:80:7:__gnu_cxx::new_allocator<_Tp>::new_allocator() [with _Tp = std::_Sp_counted_deleter<unsigned char*, hei::SharedBuffer<T>::proxy(hei::SharedBuffer<T>::constPointer, hei::SharedBuffer<T>::sizeType) [with T = unsigned char]::<lambda(hei::SharedBuffer<unsigned char>::pointer)>, std::allocator<void>, __gnu_cxx::_S_single>]	16	static
new_allocator.h:89:7:__gnu_cxx::new_allocator<_Tp>::~new_allocator() [with _Tp = std::_Sp_counted_deleter<unsigned char*, hei::SharedBuffer<T>::proxy(hei::SharedBuffer<T>::constPointer, hei::SharedBuffer<T>::sizeType) [with T = unsigned char]::<lambda(hei::SharedBuffer<unsigned char>::pointer)>, std::allocator<void>, __gnu_cxx::_S_single>]	16	static
alloc_traits.h:443:7:static _Tp* std::allocator_traits<std::allocator<_CharT> >::allocate(std::allocator_traits<std::allocator<_CharT> >::allocator_type&, std::allocator_traits<std::allocator<_CharT> >::size_type) [with _Tp = std::_Sp_counted_deleter<unsigned char*, hei::SharedBuffer<T>::proxy(hei::SharedBuffer<T>::constPointer, hei::SharedBuffer<T>::sizeType) [with T = unsigned char]::<lambda(hei::SharedBuffer<unsigned char>::pointer)>, std::allocator<void>, __gnu_cxx::_S_single>]	16	static
allocated_ptr.h:52:7:std::__allocated_ptr<_Alloc>::__allocated_ptr(_Alloc&, std::__allocated_ptr<_Alloc>::pointer) [with _Alloc = std::allocator<std::_Sp_counted_deleter<unsigned char*, hei::SharedBuffer<T>::proxy(hei::SharedBuffer<T>::constPointer, hei::SharedBuffer<T>::sizeType) [with T = unsigned char]::<lambda(hei::SharedBuffer<unsigned char>::pointer)>, std::allocator<void>, __gnu_cxx::_S_single> >]	24	static
alloc_traits.h:469:7:static void std::allocator_traits<std::allocator<_CharT> >::deallocate(std::allocator_traits<std::allocator<_CharT> >::allocator_type&, std::allocator_traits<std::allocator<_CharT> >::pointer, std::allocator_traits<std::allocator<_CharT> >::size_type) [with _Tp = std::_Sp_counted_deleter<unsigned char*, hei::SharedBuffer<T>::proxy(hei::SharedBuffer<T>::constPointer, hei::SharedBuffer<T>::sizeType) [with T = unsigned char]::<lambda(hei::SharedBuffer<unsigned char>::pointer)>, std::allocator<void>, __gnu_cxx::_S_single>]	24	static
ptr_traits.h:155:5:constexpr _Tp* std::__to_address(_Tp*) [with _Tp = std::_Sp_counted_deleter<unsigned char*, hei::SharedBuffer<T>::proxy(hei::SharedBuffer<T>::constPointer, hei::SharedBuffer<T>::sizeType) [with T = unsigned char]::<lambda(hei::SharedBuffer<unsigned char>::pointer)>, std::allocator<void>, __gnu_cxx::_S_single>]	16	static
shared_ptr_base.h:446:2:std::_Sp_counted_deleter<_Ptr, _Deleter, _Alloc, _Lp>::_Impl::_Impl(_Ptr, _Deleter, const _Alloc&) [with _Ptr = unsigned char*; _Deleter = hei::SharedBuffer<T>::proxy(hei::SharedBuffer<T>::constPointer, hei::SharedBuffer<T>::sizeType) [with T = unsigned char]::<lambda(hei::SharedBuffer<unsigned char>::pointer)>; _Alloc = std::allocator<void>; __gnu_cxx::_Lock_policy _Lp = __gnu_cxx::_S_single]	24	static
new_allocator.h:80:7:__gnu_cxx::new_allocator<_Tp>::new_allocator() [with _Tp = std::_Sp_counted_deleter<unsigned char*, hei::SharedBuffer<T>::copy(hei::SharedBuffer<T>::constPointer, hei::SharedBuffer<T>::sizeType) [with T = unsigned char]::<lambda(hei::SharedBuffer<unsigned char>::pointer)>, std::allocator<void>, __gnu_cxx::_S_single>]	16	static
new_allocator.h:89:7:__gnu_cxx::new_allocator<_Tp>::~new_allocator() [with _Tp = std::_Sp_counted_deleter<unsigned char*, hei::SharedBuffer<T>::copy(hei::SharedBuffer<T>::constPointer, hei::SharedBuffer<T>::sizeType) [with T = unsigned char]::<lambda(hei::SharedBuffer<unsigned char>::pointer)>, std::allocator<void>, __gnu_cxx::_S_single>]	16	static
alloc_traits.h:443:7:static _Tp* std::allocator_traits<std::allocator<_CharT> >::allocate(std::allocator_traits<std::allocator<_CharT> >::allocator_type&, std::allocator_traits<std::allocator<_CharT> >::size_type) [with _Tp = std::_Sp_counted_deleter<unsigned char*, hei::SharedBuffer<T>::copy(hei::SharedBuffer<T>::constPointer, hei::SharedBuffer<T>::sizeType) [with T = unsigned char]::<lambda(hei::SharedBuffer<unsigned char>::pointer)>, std::allocator<void>, __gnu_cxx::_S_single>]	16	static
allocated_ptr.h:52:7:std::__allocated_ptr<_Alloc>::__allocated_ptr(_Alloc&, std::__allocated_ptr<_Alloc>::pointer) [with _Alloc = std::allocator<std::_Sp_counted_deleter<unsigned char*, hei::SharedBuffer<T>::copy(hei::SharedBuffer<T>::constPointer, hei::SharedBuffer<T>::sizeType) [with T = unsigned char]::<lambda(hei::SharedBuffer<unsigned char>::pointer)>, std::allocator<void>, __gnu_cxx::_S_single> >]	24	static
alloc_traits.h:469:7:static void std::allocator_traits<std::allocator<_CharT> >::deallocate(std::allocator_traits<std::allocator<_CharT> >::allocator_type&, std::allocator_traits<std::allocator<_CharT> >::pointer, std::allocator_traits<std::allocator<_CharT> >::size_type) [with _Tp = std::_Sp_counted_deleter<unsigned char*, hei::SharedBuffer<T>::copy(hei::SharedBuffer<T>::constPointer, hei::SharedBuffer<T>::sizeType) [with T = unsigned char]::<lambda(hei::SharedBuffer<unsigned char>::pointer)>, std::allocator<void>, __gnu_cxx::_S_single>]	24	static
ptr_traits.h:155:5:constexpr _Tp* std::__to_address(_Tp*) [with _Tp = std::_Sp_counted_deleter<unsigned char*, hei::SharedBuffer<T>::copy(hei::SharedBuffer<T>::constPointer, hei::SharedBuffer<T>::sizeType) [with T = unsigned char]::<lambda(hei::SharedBuffer<unsigned char>::pointer)>, std::allocator<void>, __gnu_cxx::_S_single>]	16	static
shared_ptr_base.h:446:2:std::_Sp_counted_deleter<_Ptr, _Deleter, _Alloc, _Lp>::_Impl::_Impl(_Ptr, _Deleter, const _Alloc&) [with _Ptr = unsigned char*; _Deleter = hei::SharedBuffer<T>::copy(hei::SharedBuffer<T>::constPointer, hei::SharedBuffer<T>::sizeType) [with T = unsigned char]::<lambda(hei::SharedBuffer<unsigned char>::pointer)>; _Alloc = std::allocator<void>; __gnu_cxx::_Lock_policy _Lp = __gnu_cxx::_S_single]	24	static
new_allocator.h:102:7:_Tp* __gnu_cxx::new_allocator<_Tp>::allocate(__gnu_cxx::new_allocator<_Tp>::size_type, const void*) [with _Tp = std::_Sp_counted_deleter<unsigned char*, hei::SharedBuffer<T>::SharedBuffer(hei::SharedBuffer<T>::sizeType) [with T = unsigned char]::<lambda(hei::SharedBuffer<unsigned char>::pointer)>, std::allocator<void>, __gnu_cxx::_S_single>]	24	static
move.h:47:5:constexpr _Tp* std::__addressof(_Tp&) [with _Tp = std::allocator<std::_Sp_counted_deleter<unsigned char*, hei::SharedBuffer<T>::SharedBuffer(hei::SharedBuffer<T>::sizeType) [with T = unsigned char]::<lambda(hei::SharedBuffer<unsigned char>::pointer)>, std::allocator<void>, __gnu_cxx::_S_single> >]	16	static
new_allocator.h:119:7:void __gnu_cxx::new_allocator<_Tp>::deallocate(__gnu_cxx::new_allocator<_Tp>::pointer, __gnu_cxx::new_allocator<_Tp>::size_type) [with _Tp = std::_Sp_counted_deleter<unsigned char*, hei::SharedBuffer<T>::SharedBuffer(hei::SharedBuffer<T>::sizeType) [with T = unsigned char]::<lambda(hei::SharedBuffer<unsigned char>::pointer)>, std::allocator<void>, __gnu_cxx::_S_single>]	24	static
shared_ptr_base.h:415:16:std::_Sp_ebo_helper<_Nm, _Tp, true>::_Sp_ebo_helper(_Tp&&) [with int _Nm = 0; _Tp = hei::SharedBuffer<T>::SharedBuffer(hei::SharedBuffer<T>::sizeType) [with T = unsigned char]::<lambda(hei::SharedBuffer<unsigned char>::pointer)>]	16	static
shared_ptr_base.h:414:16:std::_Sp_ebo_helper<_Nm, _Tp, true>::_Sp_ebo_helper(const _Tp&) [with int _Nm = 1; _Tp = std::allocator<void>]	16	static
new_allocator.h:102:7:_Tp* __gnu_cxx::new_allocator<_Tp>::allocate(__gnu_cxx::new_allocator<_Tp>::size_type, const void*) [with _Tp = std::_Sp_counted_deleter<unsigned char*, hei::SharedBuffer<T>::proxy(hei::SharedBuffer<T>::pointer, hei::SharedBuffer<T>::sizeType) [with T = unsigned char]::<lambda(hei::SharedBuffer<unsigned char>::pointer)>, std::allocator<void>, __gnu_cxx::_S_single>]	24	static
move.h:47:5:constexpr _Tp* std::__addressof(_Tp&) [with _Tp = std::allocator<std::_Sp_counted_deleter<unsigned char*, hei::SharedBuffer<T>::proxy(hei::SharedBuffer<T>::pointer, hei::SharedBuffer<T>::sizeType) [with T = unsigned char]::<lambda(hei::SharedBuffer<unsigned char>::pointer)>, std::allocator<void>, __gnu_cxx::_S_single> >]	16	static
new_allocator.h:119:7:void __gnu_cxx::new_allocator<_Tp>::deallocate(__gnu_cxx::new_allocator<_Tp>::pointer, __gnu_cxx::new_allocator<_Tp>::size_type) [with _Tp = std::_Sp_counted_deleter<unsigned char*, hei::SharedBuffer<T>::proxy(hei::SharedBuffer<T>::pointer, hei::SharedBuffer<T>::sizeType) [with T = unsigned char]::<lambda(hei::SharedBuffer<unsigned char>::pointer)>, std::allocator<void>, __gnu_cxx::_S_single>]	24	static
shared_ptr_base.h:415:16:std::_Sp_ebo_helper<_Nm, _Tp, true>::_Sp_ebo_helper(_Tp&&) [with int _Nm = 0; _Tp = hei::SharedBuffer<T>::proxy(hei::SharedBuffer<T>::pointer, hei::SharedBuffer<T>::sizeType) [with T = unsigned char]::<lambda(hei::SharedBuffer<unsigned char>::pointer)>]	16	static
new_allocator.h:102:7:_Tp* __gnu_cxx::new_allocator<_Tp>::allocate(__gnu_cxx::new_allocator<_Tp>::size_type, const void*) [with _Tp = std::_Sp_counted_deleter<unsigned char*, hei::SharedBuffer<T>::proxy(hei::SharedBuffer<T>::constPointer, hei::SharedBuffer<T>::sizeType) [with T = unsigned char]::<lambda(hei::SharedBuffer<unsigned char>::pointer)>, std::allocator<void>, __gnu_cxx::_S_single>]	24	static
move.h:47:5:constexpr _Tp* std::__addressof(_Tp&) [with _Tp = std::allocator<std::_Sp_counted_deleter<unsigned char*, hei::SharedBuffer<T>::proxy(hei::SharedBuffer<T>::constPointer, hei::SharedBuffer<T>::sizeType) [with T = unsigned char]::<lambda(hei::SharedBuffer<unsigned char>::pointer)>, std::allocator<void>, __gnu_cxx::_S_single> >]	16	static
new_allocator.h:119:7:void __gnu_cxx::new_allocator<_Tp>::deallocate(__gnu_cxx::new_allocator<_Tp>::pointer, __gnu_cxx::new_allocator<_Tp>::size_type) [with _Tp = std::_Sp_counted_deleter<unsigned char*, hei::SharedBuffer<T>::proxy(hei::SharedBuffer<T>::constPointer, hei::SharedBuffer<T>::sizeType) [with T = unsigned char]::<lambda(hei::SharedBuffer<unsigned char>::pointer)>, std::allocator<void>, __gnu_cxx::_S_single>]	24	static
shared_ptr_base.h:415:16:std::_Sp_ebo_helper<_Nm, _Tp, true>::_Sp_ebo_helper(_Tp&&) [with int _Nm = 0; _Tp = hei::SharedBuffer<T>::proxy(hei::SharedBuffer<T>::constPointer, hei::SharedBuffer<T>::sizeType) [with T = unsigned char]::<lambda(hei::SharedBuffer<unsigned char>::pointer)>]	16	static
new_allocator.h:102:7:_Tp* __gnu_cxx::new_allocator<_Tp>::allocate(__gnu_cxx::new_allocator<_Tp>::size_type, const void*) [with _Tp = std::_Sp_counted_deleter<unsigned char*, hei::SharedBuffer<T>::copy(hei::SharedBuffer<T>::constPointer, hei::SharedBuffer<T>::sizeType) [with T = unsigned char]::<lambda(hei::SharedBuffer<unsigned char>::pointer)>, std::allocator<void>, __gnu_cxx::_S_single>]	24	static
move.h:47:5:constexpr _Tp* std::__addressof(_Tp&) [with _Tp = std::allocator<std::_Sp_counted_deleter<unsigned char*, hei::SharedBuffer<T>::copy(hei::SharedBuffer<T>::constPointer, hei::SharedBuffer<T>::sizeType) [with T = unsigned char]::<lambda(hei::SharedBuffer<unsigned char>::pointer)>, std::allocator<void>, __gnu_cxx::_S_single> >]	16	static
new_allocator.h:119:7:void __gnu_cxx::new_allocator<_Tp>::deallocate(__gnu_cxx::new_allocator<_Tp>::pointer, __gnu_cxx::new_allocator<_Tp>::size_type) [with _Tp = std::_Sp_counted_deleter<unsigned char*, hei::SharedBuffer<T>::copy(hei::SharedBuffer<T>::constPointer, hei::SharedBuffer<T>::sizeType) [with T = unsigned char]::<lambda(hei::SharedBuffer<unsigned char>::pointer)>, std::allocator<void>, __gnu_cxx::_S_single>]	24	static
shared_ptr_base.h:415:16:std::_Sp_ebo_helper<_Nm, _Tp, true>::_Sp_ebo_helper(_Tp&&) [with int _Nm = 0; _Tp = hei::SharedBuffer<T>::copy(hei::SharedBuffer<T>::constPointer, hei::SharedBuffer<T>::sizeType) [with T = unsigned char]::<lambda(hei::SharedBuffer<unsigned char>::pointer)>]	16	static
new_allocator.h:132:7:__gnu_cxx::new_allocator<_Tp>::size_type __gnu_cxx::new_allocator<_Tp>::max_size() const [with _Tp = std::_Sp_counted_deleter<unsigned char*, hei::SharedBuffer<T>::SharedBuffer(hei::SharedBuffer<T>::sizeType) [with T = unsigned char]::<lambda(hei::SharedBuffer<unsigned char>::pointer)>, std::allocator<void>, __gnu_cxx::_S_single>]	16	static
new_allocator.h:132:7:__gnu_cxx::new_allocator<_Tp>::size_type __gnu_cxx::new_allocator<_Tp>::max_size() const [with _Tp = std::_Sp_counted_deleter<unsigned char*, hei::SharedBuffer<T>::proxy(hei::SharedBuffer<T>::pointer, hei::SharedBuffer<T>::sizeType) [with T = unsigned char]::<lambda(hei::SharedBuffer<unsigned char>::pointer)>, std::allocator<void>, __gnu_cxx::_S_single>]	16	static
new_allocator.h:132:7:__gnu_cxx::new_allocator<_Tp>::size_type __gnu_cxx::new_allocator<_Tp>::max_size() const [with _Tp = std::_Sp_counted_deleter<unsigned char*, hei::SharedBuffer<T>::proxy(hei::SharedBuffer<T>::constPointer, hei::SharedBuffer<T>::sizeType) [with T = unsigned char]::<lambda(hei::SharedBuffer<unsigned char>::pointer)>, std::allocator<void>, __gnu_cxx::_S_single>]	16	static
new_allocator.h:132:7:__gnu_cxx::new_allocator<_Tp>::size_type __gnu_cxx::new_allocator<_Tp>::max_size() const [with _Tp = std::_Sp_counted_deleter<unsigned char*, hei::SharedBuffer<T>::copy(hei::SharedBuffer<T>::constPointer, hei::SharedBuffer<T>::sizeType) [with T = unsigned char]::<lambda(hei::SharedBuffer<unsigned char>::pointer)>, std::allocator<void>, __gnu_cxx::_S_single>]	16	static
frame.cpp:145:1:void __static_initialization_and_destruction_0(int, int)	40	static
shared_ptr_base.h:467:7:std::_Sp_counted_deleter<_Ptr, _Deleter, _Alloc, _Lp>::~_Sp_counted_deleter() [with _Ptr = unsigned char*; _Deleter = hei::SharedBuffer<T>::copy(hei::SharedBuffer<T>::constPointer, hei::SharedBuffer<T>::sizeType) [with T = unsigned char]::<lambda(hei::SharedBuffer<unsigned char>::pointer)>; _Alloc = std::allocator<void>; __gnu_cxx::_Lock_policy _Lp = __gnu_cxx::_S_single]	16	static
shared_ptr_base.h:467:7:std::_Sp_counted_deleter<_Ptr, _Deleter, _Alloc, _Lp>::~_Sp_counted_deleter() [with _Ptr = unsigned char*; _Deleter = hei::SharedBuffer<T>::copy(hei::SharedBuffer<T>::constPointer, hei::SharedBuffer<T>::sizeType) [with T = unsigned char]::<lambda(hei::SharedBuffer<unsigned char>::pointer)>; _Alloc = std::allocator<void>; __gnu_cxx::_Lock_policy _Lp = __gnu_cxx::_S_single]	16	static
shared_ptr_base.h:470:7:void std::_Sp_counted_deleter<_Ptr, _Deleter, _Alloc, _Lp>::_M_dispose() [with _Ptr = unsigned char*; _Deleter = hei::SharedBuffer<T>::copy(hei::SharedBuffer<T>::constPointer, hei::SharedBuffer<T>::sizeType) [with T = unsigned char]::<lambda(hei::SharedBuffer<unsigned char>::pointer)>; _Alloc = std::allocator<void>; __gnu_cxx::_Lock_policy _Lp = __gnu_cxx::_S_single]	16	static
shared_ptr_base.h:474:7:void std::_Sp_counted_deleter<_Ptr, _Deleter, _Alloc, _Lp>::_M_destroy() [with _Ptr = unsigned char*; _Deleter = hei::SharedBuffer<T>::copy(hei::SharedBuffer<T>::constPointer, hei::SharedBuffer<T>::sizeType) [with T = unsigned char]::<lambda(hei::SharedBuffer<unsigned char>::pointer)>; _Alloc = std::allocator<void>; __gnu_cxx::_Lock_policy _Lp = __gnu_cxx::_S_single]	32	static
shared_ptr_base.h:482:7:void* std::_Sp_counted_deleter<_Ptr, _Deleter, _Alloc, _Lp>::_M_get_deleter(const std::type_info&) [with _Ptr = unsigned char*; _Deleter = hei::SharedBuffer<T>::copy(hei::SharedBuffer<T>::constPointer, hei::SharedBuffer<T>::sizeType) [with T = unsigned char]::<lambda(hei::SharedBuffer<unsigned char>::pointer)>; _Alloc = std::allocator<void>; __gnu_cxx::_Lock_policy _Lp = __gnu_cxx::_S_single]	16	static
shared_ptr_base.h:467:7:std::_Sp_counted_deleter<_Ptr, _Deleter, _Alloc, _Lp>::~_Sp_counted_deleter() [with _Ptr = unsigned char*; _Deleter = hei::SharedBuffer<T>::proxy(hei::SharedBuffer<T>::constPointer, hei::SharedBuffer<T>::sizeType) [with T = unsigned char]::<lambda(hei::SharedBuffer<unsigned char>::pointer)>; _Alloc = std::allocator<void>; __gnu_cxx::_Lock_policy _Lp = __gnu_cxx::_S_single]	16	static
shared_ptr_base.h:467:7:std::_Sp_counted_deleter<_Ptr, _Deleter, _Alloc, _Lp>::~_Sp_counted_deleter() [with _Ptr = unsigned char*; _Deleter = hei::SharedBuffer<T>::proxy(hei::SharedBuffer<T>::constPointer, hei::SharedBuffer<T>::sizeType) [with T = unsigned char]::<lambda(hei::SharedBuffer<unsigned char>::pointer)>; _Alloc = std::allocator<void>; __gnu_cxx::_Lock_policy _Lp = __gnu_cxx::_S_single]	16	static
shared_ptr_base.h:470:7:void std::_Sp_counted_deleter<_Ptr, _Deleter, _Alloc, _Lp>::_M_dispose() [with _Ptr = unsigned char*; _Deleter = hei::SharedBuffer<T>::proxy(hei::SharedBuffer<T>::constPointer, hei::SharedBuffer<T>::sizeType) [with T = unsigned char]::<lambda(hei::SharedBuffer<unsigned char>::pointer)>; _Alloc = std::allocator<void>; __gnu_cxx::_Lock_policy _Lp = __gnu_cxx::_S_single]	16	static
shared_ptr_base.h:474:7:void std::_Sp_counted_deleter<_Ptr, _Deleter, _Alloc, _Lp>::_M_destroy() [with _Ptr = unsigned char*; _Deleter = hei::SharedBuffer<T>::proxy(hei::SharedBuffer<T>::constPointer, hei::SharedBuffer<T>::sizeType) [with T = unsigned char]::<lambda(hei::SharedBuffer<unsigned char>::pointer)>; _Alloc = std::allocator<void>; __gnu_cxx::_Lock_policy _Lp = __gnu_cxx::_S_single]	32	static
shared_ptr_base.h:482:7:void* std::_Sp_counted_deleter<_Ptr, _Deleter, _Alloc, _Lp>::_M_get_deleter(const std::type_info&) [with _Ptr = unsigned char*; _Deleter = hei::SharedBuffer<T>::proxy(hei::SharedBuffer<T>::constPointer, hei::SharedBuffer<T>::sizeType) [with T = unsigned char]::<lambda(hei::SharedBuffer<unsigned char>::pointer)>; _Alloc = std::allocator<void>; __gnu_cxx::_Lock_policy _Lp = __gnu_cxx::_S_single]	16	static
shared_ptr_base.h:467:7:std::_Sp_counted_deleter<_Ptr, _Deleter, _Alloc, _Lp>::~_Sp_counted_deleter() [with _Ptr = unsigned char*; _Deleter = hei::SharedBuffer<T>::proxy(hei::SharedBuffer<T>::pointer, hei::SharedBuffer<T>::sizeType) [with T = unsigned char]::<lambda(hei::SharedBuffer<unsigned char>::pointer)>; _Alloc = std::allocator<void>; __gnu_cxx::_Lock_policy _Lp = __gnu_cxx::_S_single]	16	static
shared_ptr_base.h:467:7:std::_Sp_counted_deleter<_Ptr, _Deleter, _Alloc, _Lp>::~_Sp_counted_deleter() [with _Ptr = unsigned char*; _Deleter = hei::SharedBuffer<T>::proxy(hei::SharedBuffer<T>::pointer, hei::SharedBuffer<T>::sizeType) [with T = unsigned char]::<lambda(hei::SharedBuffer<unsigned char>::pointer)>; _Alloc = std::allocator<void>; __gnu_cxx::_Lock_policy _Lp = __gnu_cxx::_S_single]	16	static
shared_ptr_base.h:470:7:void std::_Sp_counted_deleter<_Ptr, _Deleter, _Alloc, _Lp>::_M_dispose() [with _Ptr = unsigned char*; _Deleter = hei::SharedBuffer<T>::proxy(hei::SharedBuffer<T>::pointer, hei::SharedBuffer<T>::sizeType) [with T = unsigned char]::<lambda(hei::SharedBuffer<unsigned char>::pointer)>; _Alloc = std::allocator<void>; __gnu_cxx::_Lock_policy _Lp = __gnu_cxx::_S_single]	16	static
shared_ptr_base.h:474:7:void std::_Sp_counted_deleter<_Ptr, _Deleter, _Alloc, _Lp>::_M_destroy() [with _Ptr = unsigned char*; _Deleter = hei::SharedBuffer<T>::proxy(hei::SharedBuffer<T>::pointer, hei::SharedBuffer<T>::sizeType) [with T = unsigned char]::<lambda(hei::SharedBuffer<unsigned char>::pointer)>; _Alloc = std::allocator<void>; __gnu_cxx::_Lock_policy _Lp = __gnu_cxx::_S_single]	32	static
shared_ptr_base.h:482:7:void* std::_Sp_counted_deleter<_Ptr, _Deleter, _Alloc, _Lp>::_M_get_deleter(const std::type_info&) [with _Ptr = unsigned char*; _Deleter = hei::SharedBuffer<T>::proxy(hei::SharedBuffer<T>::pointer, hei::SharedBuffer<T>::sizeType) [with T = unsigned char]::<lambda(hei::SharedBuffer<unsigned char>::pointer)>; _Alloc = std::allocator<void>; __gnu_cxx::_Lock_policy _Lp = __gnu_cxx::_S_single]	16	static
shared_ptr_base.h:467:7:std::_Sp_counted_deleter<_Ptr, _Deleter, _Alloc, _Lp>::~_Sp_counted_deleter() [with _Ptr = unsigned char*; _Deleter = hei::SharedBuffer<T>::SharedBuffer(hei::SharedBuffer<T>::sizeType) [with T = unsigned char]::<lambda(hei::SharedBuffer<unsigned char>::pointer)>; _Alloc = std::allocator<void>; __gnu_cxx::_Lock_policy _Lp = __gnu_cxx::_S_single]	16	static
shared_ptr_base.h:467:7:std::_Sp_counted_deleter<_Ptr, _Deleter, _Alloc, _Lp>::~_Sp_counted_deleter() [with _Ptr = unsigned char*; _Deleter = hei::SharedBuffer<T>::SharedBuffer(hei::SharedBuffer<T>::sizeType) [with T = unsigned char]::<lambda(hei::SharedBuffer<unsigned char>::pointer)>; _Alloc = std::allocator<void>; __gnu_cxx::_Lock_policy _Lp = __gnu_cxx::_S_single]	16	static
shared_ptr_base.h:470:7:void std::_Sp_counted_deleter<_Ptr, _Deleter, _Alloc, _Lp>::_M_dispose() [with _Ptr = unsigned char*; _Deleter = hei::SharedBuffer<T>::SharedBuffer(hei::SharedBuffer<T>::sizeType) [with T = unsigned char]::<lambda(hei::SharedBuffer<unsigned char>::pointer)>; _Alloc = std::allocator<void>; __gnu_cxx::_Lock_policy _Lp = __gnu_cxx::_S_single]	16	static
shared_ptr_base.h:474:7:void std::_Sp_counted_deleter<_Ptr, _Deleter, _Alloc, _Lp>::_M_destroy() [with _Ptr = unsigned char*; _Deleter = hei::SharedBuffer<T>::SharedBuffer(hei::SharedBuffer<T>::sizeType) [with T = unsigned char]::<lambda(hei::SharedBuffer<unsigned char>::pointer)>; _Alloc = std::allocator<void>; __gnu_cxx::_Lock_policy _Lp = __gnu_cxx::_S_single]	32	static
shared_ptr_base.h:482:7:void* std::_Sp_counted_deleter<_Ptr, _Deleter, _Alloc, _Lp>::_M_get_deleter(const std::type_info&) [with _Ptr = unsigned char*; _Deleter = hei::SharedBuffer<T>::SharedBuffer(hei::SharedBuffer<T>::sizeType) [with T = unsigned char]::<lambda(hei::SharedBuffer<unsigned char>::pointer)>; _Alloc = std::allocator<void>; __gnu_cxx::_Lock_policy _Lp = __gnu_cxx::_S_single]	16	static
shared_ptr_base.h:450:12:_Deleter& std::_Sp_counted_deleter<_Ptr, _Deleter, _Alloc, _Lp>::_Impl::_M_del() [with _Ptr = unsigned char*; _Deleter = hei::SharedBuffer<T>::copy(hei::SharedBuffer<T>::constPointer, hei::SharedBuffer<T>::sizeType) [with T = unsigned char]::<lambda(hei::SharedBuffer<unsigned char>::pointer)>; _Alloc = std::allocator<void>; __gnu_cxx::_Lock_policy _Lp = __gnu_cxx::_S_single]	16	static
shared_ptr_base.h:451:10:_Alloc& std::_Sp_counted_deleter<_Ptr, _Deleter, _Alloc, _Lp>::_Impl::_M_alloc() [with _Ptr = unsigned char*; _Deleter = hei::SharedBuffer<T>::copy(hei::SharedBuffer<T>::constPointer, hei::SharedBuffer<T>::sizeType) [with T = unsigned char]::<lambda(hei::SharedBuffer<unsigned char>::pointer)>; _Alloc = std::allocator<void>; __gnu_cxx::_Lock_policy _Lp = __gnu_cxx::_S_single]	16	static
shared_ptr_base.h:450:12:_Deleter& std::_Sp_counted_deleter<_Ptr, _Deleter, _Alloc, _Lp>::_Impl::_M_del() [with _Ptr = unsigned char*; _Deleter = hei::SharedBuffer<T>::proxy(hei::SharedBuffer<T>::constPointer, hei::SharedBuffer<T>::sizeType) [with T = unsigned char]::<lambda(hei::SharedBuffer<unsigned char>::pointer)>; _Alloc = std::allocator<void>; __gnu_cxx::_Lock_policy _Lp = __gnu_cxx::_S_single]	16	static
shared_ptr_base.h:451:10:_Alloc& std::_Sp_counted_deleter<_Ptr, _Deleter, _Alloc, _Lp>::_Impl::_M_alloc() [with _Ptr = unsigned char*; _Deleter = hei::SharedBuffer<T>::proxy(hei::SharedBuffer<T>::constPointer, hei::SharedBuffer<T>::sizeType) [with T = unsigned char]::<lambda(hei::SharedBuffer<unsigned char>::pointer)>; _Alloc = std::allocator<void>; __gnu_cxx::_Lock_policy _Lp = __gnu_cxx::_S_single]	16	static
shared_ptr_base.h:450:12:_Deleter& std::_Sp_counted_deleter<_Ptr, _Deleter, _Alloc, _Lp>::_Impl::_M_del() [with _Ptr = unsigned char*; _Deleter = hei::SharedBuffer<T>::proxy(hei::SharedBuffer<T>::pointer, hei::SharedBuffer<T>::sizeType) [with T = unsigned char]::<lambda(hei::SharedBuffer<unsigned char>::pointer)>; _Alloc = std::allocator<void>; __gnu_cxx::_Lock_policy _Lp = __gnu_cxx::_S_single]	16	static
shared_ptr_base.h:451:10:_Alloc& std::_Sp_counted_deleter<_Ptr, _Deleter, _Alloc, _Lp>::_Impl::_M_alloc() [with _Ptr = unsigned char*; _Deleter = hei::SharedBuffer<T>::proxy(hei::SharedBuffer<T>::pointer, hei::SharedBuffer<T>::sizeType) [with T = unsigned char]::<lambda(hei::SharedBuffer<unsigned char>::pointer)>; _Alloc = std::allocator<void>; __gnu_cxx::_Lock_policy _Lp = __gnu_cxx::_S_single]	16	static
shared_ptr_base.h:450:12:_Deleter& std::_Sp_counted_deleter<_Ptr, _Deleter, _Alloc, _Lp>::_Impl::_M_del() [with _Ptr = unsigned char*; _Deleter = hei::SharedBuffer<T>::SharedBuffer(hei::SharedBuffer<T>::sizeType) [with T = unsigned char]::<lambda(hei::SharedBuffer<unsigned char>::pointer)>; _Alloc = std::allocator<void>; __gnu_cxx::_Lock_policy _Lp = __gnu_cxx::_S_single]	16	static
shared_ptr_base.h:451:10:_Alloc& std::_Sp_counted_deleter<_Ptr, _Deleter, _Alloc, _Lp>::_Impl::_M_alloc() [with _Ptr = unsigned char*; _Deleter = hei::SharedBuffer<T>::SharedBuffer(hei::SharedBuffer<T>::sizeType) [with T = unsigned char]::<lambda(hei::SharedBuffer<unsigned char>::pointer)>; _Alloc = std::allocator<void>; __gnu_cxx::_Lock_policy _Lp = __gnu_cxx::_S_single]	16	static
shared_ptr_base.h:418:7:static _Tp& std::_Sp_ebo_helper<_Nm, _Tp, true>::_S_get(std::_Sp_ebo_helper<_Nm, _Tp, true>&) [with int _Nm = 0; _Tp = hei::SharedBuffer<T>::copy(hei::SharedBuffer<T>::constPointer, hei::SharedBuffer<T>::sizeType) [with T = unsigned char]::<lambda(hei::SharedBuffer<unsigned char>::pointer)>]	16	static
shared_ptr_base.h:418:7:static _Tp& std::_Sp_ebo_helper<_Nm, _Tp, true>::_S_get(std::_Sp_ebo_helper<_Nm, _Tp, true>&) [with int _Nm = 1; _Tp = std::allocator<void>]	16	static
shared_ptr_base.h:418:7:static _Tp& std::_Sp_ebo_helper<_Nm, _Tp, true>::_S_get(std::_Sp_ebo_helper<_Nm, _Tp, true>&) [with int _Nm = 0; _Tp = hei::SharedBuffer<T>::proxy(hei::SharedBuffer<T>::constPointer, hei::SharedBuffer<T>::sizeType) [with T = unsigned char]::<lambda(hei::SharedBuffer<unsigned char>::pointer)>]	16	static
shared_ptr_base.h:418:7:static _Tp& std::_Sp_ebo_helper<_Nm, _Tp, true>::_S_get(std::_Sp_ebo_helper<_Nm, _Tp, true>&) [with int _Nm = 0; _Tp = hei::SharedBuffer<T>::proxy(hei::SharedBuffer<T>::pointer, hei::SharedBuffer<T>::sizeType) [with T = unsigned char]::<lambda(hei::SharedBuffer<unsigned char>::pointer)>]	16	static
shared_ptr_base.h:418:7:static _Tp& std::_Sp_ebo_helper<_Nm, _Tp, true>::_S_get(std::_Sp_ebo_helper<_Nm, _Tp, true>&) [with int _Nm = 0; _Tp = hei::SharedBuffer<T>::SharedBuffer(hei::SharedBuffer<T>::sizeType) [with T = unsigned char]::<lambda(hei::SharedBuffer<unsigned char>::pointer)>]	16	static
frame.cpp:145:1:cpp)	8	static
frame.cpp:145:1:cpp)	8	static
