new:173:33:void* operator new(std::size_t, void*)	16	static
gthr-default.h:229:1:int __gthread_key_delete(__gthread_key_t)	16	static
networkinterfacedriver.cpp:6:1:desenet::NetworkInterfaceDriver::Descriptor::Descriptor()	24	static
networkinterfacedriver.cpp:11:1:desenet::NetworkInterfaceDriver::~NetworkInterfaceDriver()	16	static
networkinterfacedriver.cpp:11:1:virtual desenet::NetworkInterfaceDriver::~NetworkInterfaceDriver()	16	static
stl_vector.h:125:14:std::_Vector_base<desenet::NetworkInterfaceDriver::Descriptor*, std::allocator<desenet::NetworkInterfaceDriver::Descriptor*> >::_Vector_impl::~_Vector_impl()	16	static
stl_vector.h:285:7:std::_Vector_base<_Tp, _Alloc>::_Vector_base() [with _Tp = desenet::NetworkInterfaceDriver::Descriptor*; _Alloc = std::allocator<desenet::NetworkInterfaceDriver::Descriptor*>]	16	static
stl_vector.h:484:7:std::vector<_Tp, _Alloc>::vector() [with _Tp = desenet::NetworkInterfaceDriver::Descriptor*; _Alloc = std::allocator<desenet::NetworkInterfaceDriver::Descriptor*>]	16	static
networkinterfacedriver.cpp:17:33:void __tcf_0()	8	static
networkinterfacedriver.cpp:15:56:static std::vector<desenet::NetworkInterfaceDriver::Descriptor*>& desenet::NetworkInterfaceDriver::_descriptors()	8	static
networkinterfacedriver.cpp:21:55:static std::vector<desenet::NetworkInterfaceDriver::Descriptor*> desenet::NetworkInterfaceDriver::interfaceDescriptors()	16	static
stl_vector.h:1200:7:void std::vector<_Tp, _Alloc>::push_back(std::vector<_Tp, _Alloc>::value_type&&) [with _Tp = desenet::NetworkInterfaceDriver::Descriptor*; _Alloc = std::allocator<desenet::NetworkInterfaceDriver::Descriptor*>]	16	static
stl_vector.h:128:2:std::_Vector_base<_Tp, _Alloc>::_Vector_impl::_Vector_impl() [with _Tp = desenet::NetworkInterfaceDriver::Descriptor*; _Alloc = std::allocator<desenet::NetworkInterfaceDriver::Descriptor*>]	16	static
allocator.h:153:7:std::allocator< <template-parameter-1-1> >::~allocator() [with _Tp = desenet::NetworkInterfaceDriver::Descriptor*]	16	static
stl_vector.h:330:7:std::_Vector_base<_Tp, _Alloc>::~_Vector_base() [with _Tp = desenet::NetworkInterfaceDriver::Descriptor*; _Alloc = std::allocator<desenet::NetworkInterfaceDriver::Descriptor*>]	16	static
stl_vector.h:675:7:std::vector<_Tp, _Alloc>::~vector() [with _Tp = desenet::NetworkInterfaceDriver::Descriptor*; _Alloc = std::allocator<desenet::NetworkInterfaceDriver::Descriptor*>]	24	static
stl_vector.h:550:7:std::vector<_Tp, _Alloc>::vector(const std::vector<_Tp, _Alloc>&) [with _Tp = desenet::NetworkInterfaceDriver::Descriptor*; _Alloc = std::allocator<desenet::NetworkInterfaceDriver::Descriptor*>]	40	static
move.h:99:5:constexpr typename std::remove_reference<_Tp>::type&& std::move(_Tp&&) [with _Tp = desenet::NetworkInterfaceDriver::Descriptor*&]	16	static
vector.tcc:109:7:) [with _Args = {desenet::NetworkInterfaceDriver::Descriptor*}; _Tp = desenet::NetworkInterfaceDriver::Descriptor*; _Alloc = std::allocator<desenet::NetworkInterfaceDriver::Descriptor*>]	24	static
allocator.h:138:7:std::allocator< <template-parameter-1-1> >::allocator() [with _Tp = desenet::NetworkInterfaceDriver::Descriptor*]	16	static
stl_vector.h:94:2:std::_Vector_base<_Tp, _Alloc>::_Vector_impl_data::_Vector_impl_data() [with _Tp = desenet::NetworkInterfaceDriver::Descriptor*; _Alloc = std::allocator<desenet::NetworkInterfaceDriver::Descriptor*>]	16	static
new_allocator.h:89:7:__gnu_cxx::new_allocator<_Tp>::~new_allocator() [with _Tp = desenet::NetworkInterfaceDriver::Descriptor*]	16	static
stl_vector.h:347:7:void std::_Vector_base<_Tp, _Alloc>::_M_deallocate(std::_Vector_base<_Tp, _Alloc>::pointer, std::size_t) [with _Tp = desenet::NetworkInterfaceDriver::Descriptor*; _Alloc = std::allocator<desenet::NetworkInterfaceDriver::Descriptor*>]	24	static
stl_vector.h:273:7:std::_Vector_base<_Tp, _Alloc>::_Tp_alloc_type& std::_Vector_base<_Tp, _Alloc>::_M_get_Tp_allocator() [with _Tp = desenet::NetworkInterfaceDriver::Descriptor*; _Alloc = std::allocator<desenet::NetworkInterfaceDriver::Descriptor*>]	16	static
stl_construct.h:203:5:void std::_Destroy(_ForwardIterator, _ForwardIterator, std::allocator<_T2>&) [with _ForwardIterator = desenet::NetworkInterfaceDriver::Descriptor**; _Tp = desenet::NetworkInterfaceDriver::Descriptor*]	24	static
stl_vector.h:915:7:std::vector<_Tp, _Alloc>::size_type std::vector<_Tp, _Alloc>::size() const [with _Tp = desenet::NetworkInterfaceDriver::Descriptor*; _Alloc = std::allocator<desenet::NetworkInterfaceDriver::Descriptor*>]	16	static
alloc_traits.h:97:19:static _Alloc __gnu_cxx::__alloc_traits<_Alloc, <template-parameter-1-2> >::_S_select_on_copy(const _Alloc&) [with _Alloc = std::allocator<desenet::NetworkInterfaceDriver::Descriptor*>; <template-parameter-1-2> = desenet::NetworkInterfaceDriver::Descriptor*]	16	static
stl_vector.h:277:7:const _Tp_alloc_type& std::_Vector_base<_Tp, _Alloc>::_M_get_Tp_allocator() const [with _Tp = desenet::NetworkInterfaceDriver::Descriptor*; _Alloc = std::allocator<desenet::NetworkInterfaceDriver::Descriptor*>]	16	static
stl_vector.h:300:7:std::_Vector_base<_Tp, _Alloc>::_Vector_base(std::size_t, const allocator_type&) [with _Tp = desenet::NetworkInterfaceDriver::Descriptor*; _Alloc = std::allocator<desenet::NetworkInterfaceDriver::Descriptor*>]	24	static
stl_vector.h:817:7:std::vector<_Tp, _Alloc>::const_iterator std::vector<_Tp, _Alloc>::begin() const [with _Tp = desenet::NetworkInterfaceDriver::Descriptor*; _Alloc = std::allocator<desenet::NetworkInterfaceDriver::Descriptor*>]	24	static
stl_vector.h:835:7:std::vector<_Tp, _Alloc>::const_iterator std::vector<_Tp, _Alloc>::end() const [with _Tp = desenet::NetworkInterfaceDriver::Descriptor*; _Alloc = std::allocator<desenet::NetworkInterfaceDriver::Descriptor*>]	24	static
stl_uninitialized.h:305:5:_ForwardIterator std::__uninitialized_copy_a(_InputIterator, _InputIterator, _ForwardIterator, std::allocator<_Tp>&) [with _InputIterator = __gnu_cxx::__normal_iterator<desenet::NetworkInterfaceDriver::Descriptor* const*, std::vector<desenet::NetworkInterfaceDriver::Descriptor*> >; _ForwardIterator = desenet::NetworkInterfaceDriver::Descriptor**; _Tp = desenet::NetworkInterfaceDriver::Descriptor*]	24	static
move.h:74:5:constexpr _Tp&& std::forward(typename std::remove_reference<_Tp>::type&) [with _Tp = desenet::NetworkInterfaceDriver::Descriptor*]	16	static
alloc_traits.h:482:2:) [with _Up = desenet::NetworkInterfaceDriver::Descriptor*; _Args = {desenet::NetworkInterfaceDriver::Descriptor*}; _Tp = desenet::NetworkInterfaceDriver::Descriptor*]	24	static
stl_vector.h:826:7:std::vector<_Tp, _Alloc>::iterator std::vector<_Tp, _Alloc>::end() [with _Tp = desenet::NetworkInterfaceDriver::Descriptor*; _Alloc = std::allocator<desenet::NetworkInterfaceDriver::Descriptor*>]	24	static
stl_vector.h:441:7:static constexpr bool std::vector<_Tp, _Alloc>::_S_use_relocate() [with _Tp = desenet::NetworkInterfaceDriver::Descriptor*; _Alloc = std::allocator<desenet::NetworkInterfaceDriver::Descriptor*>]	16	static
stl_vector.h:428:7:static constexpr bool std::vector<_Tp, _Alloc>::_S_nothrow_relocate(std::true_type) [with _Tp = desenet::NetworkInterfaceDriver::Descriptor*; _Alloc = std::allocator<desenet::NetworkInterfaceDriver::Descriptor*>]	16	static
vector.tcc:426:7:) [with _Args = {desenet::NetworkInterfaceDriver::Descriptor*}; _Tp = desenet::NetworkInterfaceDriver::Descriptor*; _Alloc = std::allocator<desenet::NetworkInterfaceDriver::Descriptor*>]	64	static
new_allocator.h:80:7:__gnu_cxx::new_allocator<_Tp>::new_allocator() [with _Tp = desenet::NetworkInterfaceDriver::Descriptor*]	16	static
alloc_traits.h:469:7:static void std::allocator_traits<std::allocator<_CharT> >::deallocate(std::allocator_traits<std::allocator<_CharT> >::allocator_type&, std::allocator_traits<std::allocator<_CharT> >::pointer, std::allocator_traits<std::allocator<_CharT> >::size_type) [with _Tp = desenet::NetworkInterfaceDriver::Descriptor*]	24	static
stl_construct.h:127:5:void std::_Destroy(_ForwardIterator, _ForwardIterator) [with _ForwardIterator = desenet::NetworkInterfaceDriver::Descriptor**]	16	static
alloc_traits.h:514:7:static std::allocator_traits<std::allocator<_CharT> >::allocator_type std::allocator_traits<std::allocator<_CharT> >::select_on_container_copy_construction(const allocator_type&) [with _Tp = desenet::NetworkInterfaceDriver::Descriptor*]	16	static
allocator.h:141:7:std::allocator< <template-parameter-1-1> >::allocator(const std::allocator< <template-parameter-1-1> >&) [with _Tp = desenet::NetworkInterfaceDriver::Descriptor*]	16	static
stl_vector.h:133:2:std::_Vector_base<_Tp, _Alloc>::_Vector_impl::_Vector_impl(const _Tp_alloc_type&) [with _Tp = desenet::NetworkInterfaceDriver::Descriptor*; _Alloc = std::allocator<desenet::NetworkInterfaceDriver::Descriptor*>]	16	static
stl_vector.h:356:7:void std::_Vector_base<_Tp, _Alloc>::_M_create_storage(std::size_t) [with _Tp = desenet::NetworkInterfaceDriver::Descriptor*; _Alloc = std::allocator<desenet::NetworkInterfaceDriver::Descriptor*>]	16	static
stl_iterator.h:806:7:__gnu_cxx::__normal_iterator<_Iterator, _Container>::__normal_iterator(const _Iterator&) [with _Iterator = desenet::NetworkInterfaceDriver::Descriptor* const*; _Container = std::vector<desenet::NetworkInterfaceDriver::Descriptor*>]	16	static
stl_uninitialized.h:115:5:_ForwardIterator std::uninitialized_copy(_InputIterator, _InputIterator, _ForwardIterator) [with _InputIterator = __gnu_cxx::__normal_iterator<desenet::NetworkInterfaceDriver::Descriptor* const*, std::vector<desenet::NetworkInterfaceDriver::Descriptor*> >; _ForwardIterator = desenet::NetworkInterfaceDriver::Descriptor**]	32	static
new_allocator.h:144:2:) [with _Up = desenet::NetworkInterfaceDriver::Descriptor*; _Args = {desenet::NetworkInterfaceDriver::Descriptor*}; _Tp = desenet::NetworkInterfaceDriver::Descriptor*]	32	static
stl_iterator.h:806:7:__gnu_cxx::__normal_iterator<_Iterator, _Container>::__normal_iterator(const _Iterator&) [with _Iterator = desenet::NetworkInterfaceDriver::Descriptor**; _Container = std::vector<desenet::NetworkInterfaceDriver::Descriptor*>]	16	static
stl_vector.h:1753:7:std::vector<_Tp, _Alloc>::size_type std::vector<_Tp, _Alloc>::_M_check_len(std::vector<_Tp, _Alloc>::size_type, const char*) const [with _Tp = desenet::NetworkInterfaceDriver::Descriptor*; _Alloc = std::allocator<desenet::NetworkInterfaceDriver::Descriptor*>]	40	static
stl_vector.h:808:7:std::vector<_Tp, _Alloc>::iterator std::vector<_Tp, _Alloc>::begin() [with _Tp = desenet::NetworkInterfaceDriver::Descriptor*; _Alloc = std::allocator<desenet::NetworkInterfaceDriver::Descriptor*>]	24	static
stl_iterator.h:989:5:typename __gnu_cxx::__normal_iterator<_Iterator, _Container>::difference_type __gnu_cxx::operator-(const __gnu_cxx::__normal_iterator<_Iterator, _Container>&, const __gnu_cxx::__normal_iterator<_Iterator, _Container>&) [with _Iterator = desenet::NetworkInterfaceDriver::Descriptor**; _Container = std::vector<desenet::NetworkInterfaceDriver::Descriptor*>]	24	static
stl_vector.h:340:7:std::_Vector_base<_Tp, _Alloc>::pointer std::_Vector_base<_Tp, _Alloc>::_M_allocate(std::size_t) [with _Tp = desenet::NetworkInterfaceDriver::Descriptor*; _Alloc = std::allocator<desenet::NetworkInterfaceDriver::Descriptor*>]	16	static
stl_vector.h:462:7:static std::vector<_Tp, _Alloc>::pointer std::vector<_Tp, _Alloc>::_S_relocate(std::vector<_Tp, _Alloc>::pointer, std::vector<_Tp, _Alloc>::pointer, std::vector<_Tp, _Alloc>::pointer, std::vector<_Tp, _Alloc>::_Tp_alloc_type&) [with _Tp = desenet::NetworkInterfaceDriver::Descriptor*; _Alloc = std::allocator<desenet::NetworkInterfaceDriver::Descriptor*>]	48	static
stl_iterator.h:871:7:const _Iterator& __gnu_cxx::__normal_iterator<_Iterator, _Container>::base() const [with _Iterator = desenet::NetworkInterfaceDriver::Descriptor**; _Container = std::vector<desenet::NetworkInterfaceDriver::Descriptor*>]	16	static
stl_uninitialized.h:323:5:_ForwardIterator std::__uninitialized_move_if_noexcept_a(_InputIterator, _InputIterator, _ForwardIterator, _Allocator&) [with _InputIterator = desenet::NetworkInterfaceDriver::Descriptor**; _ForwardIterator = desenet::NetworkInterfaceDriver::Descriptor**; _Allocator = std::allocator<desenet::NetworkInterfaceDriver::Descriptor*>]	32	static
new_allocator.h:119:7:void __gnu_cxx::new_allocator<_Tp>::deallocate(__gnu_cxx::new_allocator<_Tp>::pointer, __gnu_cxx::new_allocator<_Tp>::size_type) [with _Tp = desenet::NetworkInterfaceDriver::Descriptor*]	24	static
stl_construct.h:117:9:static void std::_Destroy_aux<true>::__destroy(_ForwardIterator, _ForwardIterator) [with _ForwardIterator = desenet::NetworkInterfaceDriver::Descriptor**]	16	static
new_allocator.h:83:7:__gnu_cxx::new_allocator<_Tp>::new_allocator(const __gnu_cxx::new_allocator<_Tp>&) [with _Tp = desenet::NetworkInterfaceDriver::Descriptor*]	16	static
stl_uninitialized.h:99:9:static _ForwardIterator std::__uninitialized_copy<true>::__uninit_copy(_InputIterator, _InputIterator, _ForwardIterator) [with _InputIterator = __gnu_cxx::__normal_iterator<desenet::NetworkInterfaceDriver::Descriptor* const*, std::vector<desenet::NetworkInterfaceDriver::Descriptor*> >; _ForwardIterator = desenet::NetworkInterfaceDriver::Descriptor**]	24	static
stl_vector.h:920:7:std::vector<_Tp, _Alloc>::size_type std::vector<_Tp, _Alloc>::max_size() const [with _Tp = desenet::NetworkInterfaceDriver::Descriptor*; _Alloc = std::allocator<desenet::NetworkInterfaceDriver::Descriptor*>]	16	static
stl_algobase.h:222:5:constexpr const _Tp& std::max(const _Tp&, const _Tp&) [with _Tp = unsigned int]	16	static
alloc_traits.h:443:7:static _Tp* std::allocator_traits<std::allocator<_CharT> >::allocate(std::allocator_traits<std::allocator<_CharT> >::allocator_type&, std::allocator_traits<std::allocator<_CharT> >::size_type) [with _Tp = desenet::NetworkInterfaceDriver::Descriptor*]	16	static
stl_vector.h:450:7:static std::vector<_Tp, _Alloc>::pointer std::vector<_Tp, _Alloc>::_S_do_relocate(std::vector<_Tp, _Alloc>::pointer, std::vector<_Tp, _Alloc>::pointer, std::vector<_Tp, _Alloc>::pointer, std::vector<_Tp, _Alloc>::_Tp_alloc_type&, std::true_type) [with _Tp = desenet::NetworkInterfaceDriver::Descriptor*; _Alloc = std::allocator<desenet::NetworkInterfaceDriver::Descriptor*>]	24	static
stl_iterator.h:1242:5:_ReturnType std::__make_move_if_noexcept_iterator(_Tp*) [with _Tp = desenet::NetworkInterfaceDriver::Descriptor*; _ReturnType = std::move_iterator<desenet::NetworkInterfaceDriver::Descriptor**>]	24	static
stl_uninitialized.h:305:5:_ForwardIterator std::__uninitialized_copy_a(_InputIterator, _InputIterator, _ForwardIterator, std::allocator<_Tp>&) [with _InputIterator = std::move_iterator<desenet::NetworkInterfaceDriver::Descriptor**>; _ForwardIterator = desenet::NetworkInterfaceDriver::Descriptor**; _Tp = desenet::NetworkInterfaceDriver::Descriptor*]	24	static
stl_algobase.h:465:5:_OI std::copy(_II, _II, _OI) [with _II = __gnu_cxx::__normal_iterator<desenet::NetworkInterfaceDriver::Descriptor* const*, std::vector<desenet::NetworkInterfaceDriver::Descriptor*> >; _OI = desenet::NetworkInterfaceDriver::Descriptor**]	32	static
stl_vector.h:1773:7:static std::vector<_Tp, _Alloc>::size_type std::vector<_Tp, _Alloc>::_S_max_size(const _Tp_alloc_type&) [with _Tp = desenet::NetworkInterfaceDriver::Descriptor*; _Alloc = std::allocator<desenet::NetworkInterfaceDriver::Descriptor*>]	24	static
new_allocator.h:102:7:_Tp* __gnu_cxx::new_allocator<_Tp>::allocate(__gnu_cxx::new_allocator<_Tp>::size_type, const void*) [with _Tp = desenet::NetworkInterfaceDriver::Descriptor*]	24	static
stl_uninitialized.h:958:5:_ForwardIterator std::__relocate_a(_InputIterator, _InputIterator, _ForwardIterator, _Allocator&) [with _InputIterator = desenet::NetworkInterfaceDriver::Descriptor**; _ForwardIterator = desenet::NetworkInterfaceDriver::Descriptor**; _Allocator = std::allocator<desenet::NetworkInterfaceDriver::Descriptor*>]	32	static
stl_iterator.h:1057:7:std::move_iterator<_Iterator>::move_iterator(std::move_iterator<_Iterator>::iterator_type) [with _Iterator = desenet::NetworkInterfaceDriver::Descriptor**]	16	static
stl_uninitialized.h:115:5:_ForwardIterator std::uninitialized_copy(_InputIterator, _InputIterator, _ForwardIterator) [with _InputIterator = std::move_iterator<desenet::NetworkInterfaceDriver::Descriptor**>; _ForwardIterator = desenet::NetworkInterfaceDriver::Descriptor**]	32	static
cpp_type_traits.h:428:5:_Iterator std::__miter_base(_Iterator) [with _Iterator = __gnu_cxx::__normal_iterator<desenet::NetworkInterfaceDriver::Descriptor* const*, std::vector<desenet::NetworkInterfaceDriver::Descriptor*> >]	16	static
stl_algobase.h:438:5:_OI std::__copy_move_a2(_II, _II, _OI) [with bool _IsMove = false; _II = __gnu_cxx::__normal_iterator<desenet::NetworkInterfaceDriver::Descriptor* const*, std::vector<desenet::NetworkInterfaceDriver::Descriptor*> >; _OI = desenet::NetworkInterfaceDriver::Descriptor**]	32	static
alloc_traits.h:505:7:static std::allocator_traits<std::allocator<_CharT> >::size_type std::allocator_traits<std::allocator<_CharT> >::max_size(const allocator_type&) [with _Tp = desenet::NetworkInterfaceDriver::Descriptor*]	16	static
stl_algobase.h:198:5:constexpr const _Tp& std::min(const _Tp&, const _Tp&) [with _Tp = unsigned int]	16	static
new_allocator.h:132:7:__gnu_cxx::new_allocator<_Tp>::size_type __gnu_cxx::new_allocator<_Tp>::max_size() const [with _Tp = desenet::NetworkInterfaceDriver::Descriptor*]	16	static
stl_algobase.h:280:5:_Iterator std::__niter_base(_Iterator) [with _Iterator = desenet::NetworkInterfaceDriver::Descriptor**]	16	static
stl_uninitialized.h:924:5:std::__enable_if_t<std::__is_bitwise_relocatable<_Tp>::value, _Tp*> std::__relocate_a_1(_Tp*, _Tp*, _Tp*, std::allocator<_T2>&) [with _Tp = desenet::NetworkInterfaceDriver::Descriptor*; _Up = desenet::NetworkInterfaceDriver::Descriptor*]	32	static
stl_uninitialized.h:99:9:static _ForwardIterator std::__uninitialized_copy<true>::__uninit_copy(_InputIterator, _InputIterator, _ForwardIterator) [with _InputIterator = std::move_iterator<desenet::NetworkInterfaceDriver::Descriptor**>; _ForwardIterator = desenet::NetworkInterfaceDriver::Descriptor**]	24	static
stl_iterator.h:1010:5:_Iterator std::__niter_base(__gnu_cxx::__normal_iterator<_Iterator, _Container>) [with _Iterator = desenet::NetworkInterfaceDriver::Descriptor* const*; _Container = std::vector<desenet::NetworkInterfaceDriver::Descriptor*>]	16	static
stl_algobase.h:393:5:_OI std::__copy_move_a(_II, _II, _OI) [with bool _IsMove = false; _II = desenet::NetworkInterfaceDriver::Descriptor* const*; _OI = desenet::NetworkInterfaceDriver::Descriptor**]	32	static
stl_algobase.h:295:5:_Iterator std::__niter_wrap(const _Iterator&, _Iterator) [with _Iterator = desenet::NetworkInterfaceDriver::Descriptor**]	16	static
stl_algobase.h:465:5:_OI std::copy(_II, _II, _OI) [with _II = std::move_iterator<desenet::NetworkInterfaceDriver::Descriptor**>; _OI = desenet::NetworkInterfaceDriver::Descriptor**]	32	static
stl_iterator.h:871:7:const _Iterator& __gnu_cxx::__normal_iterator<_Iterator, _Container>::base() const [with _Iterator = desenet::NetworkInterfaceDriver::Descriptor* const*; _Container = std::vector<desenet::NetworkInterfaceDriver::Descriptor*>]	16	static
stl_algobase.h:375:2:static _Tp* std::__copy_move<_IsMove, true, std::random_access_iterator_tag>::__copy_m(const _Tp*, const _Tp*, _Tp*) [with _Tp = desenet::NetworkInterfaceDriver::Descriptor*; bool _IsMove = false]	32	static
stl_iterator.h:1262:5:base())) std::__miter_base(std::move_iterator<_IteratorL>) [with _Iterator = desenet::NetworkInterfaceDriver::Descriptor**]	16	static
stl_algobase.h:438:5:_OI std::__copy_move_a2(_II, _II, _OI) [with bool _IsMove = true; _II = desenet::NetworkInterfaceDriver::Descriptor**; _OI = desenet::NetworkInterfaceDriver::Descriptor**]	32	static
stl_iterator.h:1066:7:std::move_iterator<_Iterator>::iterator_type std::move_iterator<_Iterator>::base() const [with _Iterator = desenet::NetworkInterfaceDriver::Descriptor**]	16	static
cpp_type_traits.h:428:5:_Iterator std::__miter_base(_Iterator) [with _Iterator = desenet::NetworkInterfaceDriver::Descriptor**]	16	static
stl_algobase.h:393:5:_OI std::__copy_move_a(_II, _II, _OI) [with bool _IsMove = true; _II = desenet::NetworkInterfaceDriver::Descriptor**; _OI = desenet::NetworkInterfaceDriver::Descriptor**]	32	static
stl_algobase.h:375:2:static _Tp* std::__copy_move<_IsMove, true, std::random_access_iterator_tag>::__copy_m(const _Tp*, const _Tp*, _Tp*) [with _Tp = desenet::NetworkInterfaceDriver::Descriptor*; bool _IsMove = true]	32	static
