gthr-default.h:229:1:int __gthread_key_delete(__gthread_key_t)	16	static
ttime.h:41:23:unsigned char TTime::hour() const	16	static
ttime.h:43:23:unsigned char TTime::minute() const	16	static
ttime.h:45:23:unsigned char TTime::second() const	16	static
ttime.h:47:24:short unsigned int TTime::msec() const	16	static
ttime.cpp:6:1:TTime::TTime()	16	static
ttime.cpp:14:1:TTime::~TTime()	16	static
ttime.cpp:18:7:TTime TTime::addSecs(short int) const	24	static
ttime.cpp:28:7:static TTime TTime::currentTime()	16	static
ttime.cpp:33:6:void TTime::getDiffinMSec(const TTime&, long int&) const	32	static
ttime.cpp:43:6:void TTime::getDiffinSec(const TTime&, long int&) const	32	static
ttime.cpp:52:6:void TTime::getHMS(unsigned char&, unsigned char&, unsigned char&, short unsigned int&) const	24	static
ttime.cpp:60:15:long unsigned int TTime::getMds() const	24	static
ttime.cpp:72:6:bool TTime::isNull() const	16	static
ttime.cpp:80:6:bool TTime::operator<(const TTime&) const	16	static
ttime.cpp:113:6:bool TTime::operator>=(const TTime&) const	16	static
ttime.cpp:118:6:bool TTime::operator==(const TTime&) const	16	static
ttime.cpp:126:6:bool TTime::operator!=(const TTime&) const	16	static
ttime.cpp:131:15:const TTime& TTime::operator=(const TTime&)	16	static
ttime.cpp:141:6:void TTime::setHMS(uint8_t, uint8_t, uint8_t, uint16_t)	16	static
ttime.cpp:159:6:void TTime::setMds(long unsigned int)	16	static
initializer_list:71:7:constexpr std::initializer_list<_E>::size_type std::initializer_list<_E>::size() const [with _E = unsigned char]	16	static
address.hpp:47:2:phy::Address<size>::Address(std::initializer_list<unsigned char>) [with unsigned int size = 4]	32	static
initializer_list:75:7:constexpr const _E* std::initializer_list<_E>::begin() const [with _E = unsigned char]	16	static
initializer_list:79:7:constexpr const _E* std::initializer_list<_E>::end() const [with _E = unsigned char]	24	static
stl_algobase.h:465:5:_OI std::copy(_II, _II, _OI) [with _II = const unsigned char*; _OI = unsigned char*]	32	static
cpp_type_traits.h:428:5:_Iterator std::__miter_base(_Iterator) [with _Iterator = const unsigned char*]	16	static
stl_algobase.h:438:5:_OI std::__copy_move_a2(_II, _II, _OI) [with bool _IsMove = false; _II = const unsigned char*; _OI = unsigned char*]	32	static
stl_algobase.h:280:5:_Iterator std::__niter_base(_Iterator) [with _Iterator = const unsigned char*]	16	static
stl_algobase.h:280:5:_Iterator std::__niter_base(_Iterator) [with _Iterator = unsigned char*]	16	static
stl_algobase.h:393:5:_OI std::__copy_move_a(_II, _II, _OI) [with bool _IsMove = false; _II = const unsigned char*; _OI = unsigned char*]	32	static
stl_algobase.h:295:5:_Iterator std::__niter_wrap(const _Iterator&, _Iterator) [with _Iterator = unsigned char*]	16	static
stl_algobase.h:375:2:static _Tp* std::__copy_move<_IsMove, true, std::random_access_iterator_tag>::__copy_m(const _Tp*, const _Tp*, _Tp*) [with _Tp = unsigned char; bool _IsMove = false]	32	static
ttime.cpp:180:1:void __static_initialization_and_destruction_0(int, int)	40	static
address.hpp:56:10:phy::Address<size>::~Address() [with unsigned int size = 4]	16	static
address.hpp:56:10:phy::Address<size>::~Address() [with unsigned int size = 4]	16	static
ttime.cpp:180:1:cpp)	8	static
ttime.cpp:180:1:cpp)	8	static
