new:173:33:void* operator new(std::size_t, void*)	16	static
gthr-default.h:229:1:int __gthread_key_delete(__gthread_key_t)	16	static
stl_list.h:109:7:std::__detail::_List_node_header::_List_node_header()	16	static
stl_list.h:129:7:void std::__detail::_List_node_header::_M_move_nodes(std::__detail::_List_node_header&&)	24	static
stl_list.h:149:7:void std::__detail::_List_node_header::_M_init()	16	static
stl_list.h:158:24:std::__detail::_List_node_base* std::__detail::_List_node_header::_M_base()	16	static
bitset:402:7:static constexpr std::size_t std::_Base_bitset<1>::_S_whichbit(std::size_t)	16	static
bitset:406:7:static constexpr std::_Base_bitset<1>::_WordT std::_Base_bitset<1>::_S_maskbit(std::size_t)	16	static
bitset:410:7:std::_Base_bitset<1>::_WordT& std::_Base_bitset<1>::_M_getword(std::size_t)	16	static
shared_ptr_base.h:303:5:void std::_Sp_counted_base<_Lp>::_M_add_ref_copy() [with __gnu_cxx::_Lock_policy _Lp = __gnu_cxx::_S_single]	16	static
shared_ptr_base.h:308:5:void std::_Sp_counted_base<_Lp>::_M_release() [with __gnu_cxx::_Lock_policy _Lp = __gnu_cxx::_S_single]	16	static
frame.h:149:21:std::size_t desenet::Frame::length() const	16	static
std_function.h:87:17:void* std::_Any_data::_M_access()	16	static
std_function.h:88:17:const void* std::_Any_data::_M_access() const	16	static
std_function.h:255:5:std::_Function_base::_Function_base()	16	static
std_function.h:257:5:std::_Function_base::~_Function_base()	16	static
shared_ptr_base.h:1167:7:std::__shared_ptr<_Tp, _Lp>::__shared_ptr(const std::__shared_ptr<_Tp, _Lp>&) [with _Tp = unsigned char; __gnu_cxx::_Lock_policy _Lp = __gnu_cxx::_S_single]	16	static
shared_ptr_base.h:1169:7:std::__shared_ptr<_Tp, _Lp>::~__shared_ptr() [with _Tp = unsigned char; __gnu_cxx::_Lock_policy _Lp = __gnu_cxx::_S_single]	16	static
shared_ptr.h:129:7:std::shared_ptr<_Tp>::shared_ptr(const std::shared_ptr<_Tp>&) [with _Tp = unsigned char]	16	static
shared_ptr.h:103:11:std::shared_ptr<unsigned char>::~shared_ptr()	16	static
sharedbuffer.hpp:20:11:hei::SharedBuffer<unsigned char>::SharedBuffer(const hei::SharedBuffer<unsigned char>&)	16	static
sharedbuffer.hpp:20:11:hei::SharedBuffer<unsigned char>::~SharedBuffer()	16	static
networkentity.h:52:9:desenet::sensor::NetworkEntity::EventElement::EventElement(desenet::EvId, const SharedByteBuffer&)	24	static
networkentity.h:68:31:ITimeSlotManager& desenet::sensor::NetworkEntity::timeSlotManager() const	16	static
networkentity.h:69:37:desenet::NetworkInterfaceDriver& desenet::sensor::NetworkEntity::transceiver() const	16	static
itimeslotmanager.h:26:8:constexpr ITimeSlotManager::Observer::Observer()	16	static
stl_list.h:370:14:std::__cxx11::_List_base<desenet::sensor::NetworkEntity::EventElement, std::allocator<desenet::sensor::NetworkEntity::EventElement> >::_List_impl::~_List_impl()	16	static
stl_list.h:456:7:std::__cxx11::_List_base<_Tp, _Alloc>::_List_base() [with _Tp = desenet::sensor::NetworkEntity::EventElement; _Alloc = std::allocator<desenet::sensor::NetworkEntity::EventElement>]	16	static
stl_list.h:669:7:std::__cxx11::list<_Tp, _Alloc>::list() [with _Tp = desenet::sensor::NetworkEntity::EventElement; _Alloc = std::allocator<desenet::sensor::NetworkEntity::EventElement>]	16	static
stl_list.h:823:7:std::__cxx11::list<_Tp, _Alloc>::~list() [with _Tp = desenet::sensor::NetworkEntity::EventElement; _Alloc = std::allocator<desenet::sensor::NetworkEntity::EventElement>]	16	static
stl_list.h:370:14:std::__cxx11::_List_base<desenet::sensor::AbstractApplication*, std::allocator<desenet::sensor::AbstractApplication*> >::_List_impl::~_List_impl()	16	static
stl_list.h:456:7:std::__cxx11::_List_base<_Tp, _Alloc>::_List_base() [with _Tp = desenet::sensor::AbstractApplication*; _Alloc = std::allocator<desenet::sensor::AbstractApplication*>]	16	static
stl_list.h:669:7:std::__cxx11::list<_Tp, _Alloc>::list() [with _Tp = desenet::sensor::AbstractApplication*; _Alloc = std::allocator<desenet::sensor::AbstractApplication*>]	16	static
stl_list.h:823:7:std::__cxx11::list<_Tp, _Alloc>::~list() [with _Tp = desenet::sensor::AbstractApplication*; _Alloc = std::allocator<desenet::sensor::AbstractApplication*>]	16	static
frame.h:47:11:desenet::Frame::~Frame()	16	static
MPDU.h:29:7:desenet::MPDU::~MPDU()	16	static
networkentity.cpp:27:1:desenet::sensor::NetworkEntity::NetworkEntity()	40	static
networkentity.cpp:40:1:desenet::sensor::NetworkEntity::~NetworkEntity()	16	static
networkentity.cpp:40:1:virtual desenet::sensor::NetworkEntity::~NetworkEntity()	16	static
networkentity.cpp:44:6:void desenet::sensor::NetworkEntity::initialize(const SlotNumber&)	16	static
std_function.h:369:11:std::function<void(desenet::NetworkInterfaceDriver&, long unsigned int, const unsigned char*, unsigned int)>::~function()	16	static
networkentity.cpp:50:6:void desenet::sensor::NetworkEntity::initializeRelations(ITimeSlotManager&, desenet::NetworkInterfaceDriver&)	96	static
networkentity.cpp:67:17:static desenet::sensor::NetworkEntity& desenet::sensor::NetworkEntity::instance()	8	static
networkentity.cpp:73:6:void desenet::sensor::NetworkEntity::svSyncRequest(desenet::sensor::AbstractApplication*)	16	static
networkentity.cpp:79:6:bool desenet::sensor::NetworkEntity::svPublishRequest(desenet::SvGroup, desenet::sensor::AbstractApplication*)	24	static
networkentity.h:50:12:desenet::sensor::NetworkEntity::EventElement::~EventElement()	16	static
networkentity.cpp:90:6:void desenet::sensor::NetworkEntity::eventReceived(const EvId&, const SharedByteBuffer&)	64	static
networkentity.cpp:99:6:virtual void desenet::sensor::NetworkEntity::onTimeSlotSignal(const ITimeSlotManager&, const ITimeSlotManager::SIG&)	40	static
beacon.h:13:11:desenet::Beacon::~Beacon()	16	static
networkentity.cpp:110:6:void desenet::sensor::NetworkEntity::onReceive(desenet::NetworkInterfaceDriver&, uint32_t, const uint8_t*, size_t)	136	static
shared_ptr_base.h:131:7:void std::_Sp_counted_base<_Lp>::_M_destroy() [with __gnu_cxx::_Lock_policy _Lp = __gnu_cxx::_S_single]	16	static
initializer_list:71:7:constexpr std::initializer_list<_E>::size_type std::initializer_list<_E>::size() const [with _E = unsigned char]	16	static
address.hpp:47:2:phy::Address<size>::Address(std::initializer_list<unsigned char>) [with unsigned int size = 4]	32	static
shared_ptr_base.h:733:7:std::__shared_count<_Lp>::__shared_count(const std::__shared_count<_Lp>&) [with __gnu_cxx::_Lock_policy _Lp = __gnu_cxx::_S_single]	16	static
shared_ptr_base.h:727:7:std::__shared_count<_Lp>::~__shared_count() [with __gnu_cxx::_Lock_policy _Lp = __gnu_cxx::_S_single]	16	static
stl_list.h:375:2:std::__cxx11::_List_base<_Tp, _Alloc>::_List_impl::_List_impl() [with _Tp = desenet::sensor::NetworkEntity::EventElement; _Alloc = std::allocator<desenet::sensor::NetworkEntity::EventElement>]	16	static
allocator.h:153:7:std::allocator< <template-parameter-1-1> >::~allocator() [with _Tp = std::_List_node<desenet::sensor::NetworkEntity::EventElement>]	16	static
stl_list.h:494:7:std::__cxx11::_List_base<_Tp, _Alloc>::~_List_base() [with _Tp = desenet::sensor::NetworkEntity::EventElement; _Alloc = std::allocator<desenet::sensor::NetworkEntity::EventElement>]	16	static
stl_list.h:375:2:std::__cxx11::_List_base<_Tp, _Alloc>::_List_impl::_List_impl() [with _Tp = desenet::sensor::AbstractApplication*; _Alloc = std::allocator<desenet::sensor::AbstractApplication*>]	16	static
allocator.h:153:7:std::allocator< <template-parameter-1-1> >::~allocator() [with _Tp = std::_List_node<desenet::sensor::AbstractApplication*>]	16	static
stl_list.h:494:7:std::__cxx11::_List_base<_Tp, _Alloc>::~_List_base() [with _Tp = desenet::sensor::AbstractApplication*; _Alloc = std::allocator<desenet::sensor::AbstractApplication*>]	16	static
stl_list.h:849:7:std::__cxx11::list<_Tp, _Alloc>& std::__cxx11::list<_Tp, _Alloc>::operator=(std::__cxx11::list<_Tp, _Alloc>&&) [with _Tp = desenet::sensor::NetworkEntity::EventElement; _Alloc = std::allocator<desenet::sensor::NetworkEntity::EventElement>]	32	static
array:185:7:std::array<_Tp, _Nm>::value_type& std::array<_Tp, _Nm>::operator[](std::array<_Tp, _Nm>::size_type) [with _Tp = desenet::sensor::AbstractApplication*; unsigned int _Nm = 16]	16	static
functional:808:5:) [with _Func = void (desenet::sensor::NetworkEntity::*)(desenet::NetworkInterfaceDriver&, long unsigned int, const unsigned char*, unsigned int); _BoundArgs = {desenet::sensor::NetworkEntity*, const std::_Placeholder<1>&, const std::_Placeholder<2>&, const std::_Placeholder<3>&, const std::_Placeholder<4>&}]	64	static
tuple:642:17:constexpr std::tuple<_Elements>::tuple(std::tuple<_Elements>&&) [with _Elements = {desenet::sensor::NetworkEntity*, std::_Placeholder<1>, std::_Placeholder<2>, std::_Placeholder<3>, std::_Placeholder<4>}]	16	static
functional:472:7:)>&&) [with _Functor = void (desenet::sensor::NetworkEntity::*)(desenet::NetworkInterfaceDriver&, long unsigned int, const unsigned char*, unsigned int); _Bound_args = {desenet::sensor::NetworkEntity*, std::_Placeholder<1>, std::_Placeholder<2>, std::_Placeholder<3>, std::_Placeholder<4>}]	24	static
std_function.h:667:7:)>::function(_Functor) [with _Functor = std::_Bind<void (desenet::sensor::NetworkEntity::*(desenet::sensor::NetworkEntity*, std::_Placeholder<1>, std::_Placeholder<2>, std::_Placeholder<3>, std::_Placeholder<4>))(desenet::NetworkInterfaceDriver&, long unsigned int, const unsigned char*, unsigned int)>; <template-parameter-2-2> = void; <template-parameter-2-3> = void; _Res = void; _ArgTypes = {desenet::NetworkInterfaceDriver&, long unsigned int, const unsigned char*, unsigned int}]	24	static
stl_list.h:1207:7:void std::__cxx11::list<_Tp, _Alloc>::push_back(const value_type&) [with _Tp = desenet::sensor::AbstractApplication*; _Alloc = std::allocator<desenet::sensor::AbstractApplication*>]	16	static
sharedbuffer.hpp:122:63:hei::SharedBuffer<T>::copy() const [with T = unsigned char]::<lambda(hei::SharedBuffer<unsigned char>::pointer)>	16	static
sharedbuffer.hpp:120:22:hei::SharedBuffer<T> hei::SharedBuffer<T>::copy() const [with T = unsigned char]	40	static
stl_list.h:1207:7:void std::__cxx11::list<_Tp, _Alloc>::push_back(const value_type&) [with _Tp = desenet::sensor::NetworkEntity::EventElement; _Alloc = std::allocator<desenet::sensor::NetworkEntity::EventElement>]	16	static
stl_list.h:941:7:std::__cxx11::list<_Tp, _Alloc>::iterator std::__cxx11::list<_Tp, _Alloc>::begin() [with _Tp = desenet::sensor::AbstractApplication*; _Alloc = std::allocator<desenet::sensor::AbstractApplication*>]	24	static
stl_list.h:284:7:std::_List_const_iterator< <template-parameter-1-1> >::_List_const_iterator(const iterator&) [with _Tp = desenet::sensor::AbstractApplication*]	16	static
stl_list.h:959:7:std::__cxx11::list<_Tp, _Alloc>::iterator std::__cxx11::list<_Tp, _Alloc>::end() [with _Tp = desenet::sensor::AbstractApplication*; _Alloc = std::allocator<desenet::sensor::AbstractApplication*>]	24	static
stl_list.h:335:7:bool std::operator!=(const _Self&, const _Self&)	16	static
stl_list.h:308:7:std::_List_const_iterator< <template-parameter-1-1> >::_Self std::_List_const_iterator< <template-parameter-1-1> >::operator++(int) [with _Tp = desenet::sensor::AbstractApplication*]	24	static
stl_list.h:293:7:const _Tp& std::_List_const_iterator< <template-parameter-1-1> >::operator*() const [with _Tp = desenet::sensor::AbstractApplication*]	16	static
bitset:1163:7:std::bitset<_Nb>::reference std::bitset<_Nb>::operator[](std::size_t) [with unsigned int _Nb = 16]	24	static
bitset:823:2:std::bitset<_Nb>::reference::~reference() [with unsigned int _Nb = 16]	16	static
bitset:854:2:std::bitset<_Nb>::reference::operator bool() const [with unsigned int _Nb = 16]	24	static
stl_list.h:1051:7:bool std::__cxx11::list<_Tp, _Alloc>::empty() const [with _Tp = desenet::sensor::NetworkEntity::EventElement; _Alloc = std::allocator<desenet::sensor::NetworkEntity::EventElement>]	16	static
stl_list.h:941:7:std::__cxx11::list<_Tp, _Alloc>::iterator std::__cxx11::list<_Tp, _Alloc>::begin() [with _Tp = desenet::sensor::NetworkEntity::EventElement; _Alloc = std::allocator<desenet::sensor::NetworkEntity::EventElement>]	24	static
stl_list.h:213:7:_Tp* std::_List_iterator< <template-parameter-1-1> >::operator->() const [with _Tp = desenet::sensor::NetworkEntity::EventElement]	16	static
sharedbuffer.hpp:196:18:hei::SharedBuffer<T>::sizeType hei::SharedBuffer<T>::size() const [with T = unsigned char]	16	static
stl_list.h:1193:7:void std::__cxx11::list<_Tp, _Alloc>::pop_front() [with _Tp = desenet::sensor::NetworkEntity::EventElement; _Alloc = std::allocator<desenet::sensor::NetworkEntity::EventElement>]	16	static
shared_ptr_base.h:121:7:std::_Sp_counted_base<_Lp>::~_Sp_counted_base() [with __gnu_cxx::_Lock_policy _Lp = __gnu_cxx::_S_single]	16	static
shared_ptr_base.h:121:7:std::_Sp_counted_base<_Lp>::~_Sp_counted_base() [with __gnu_cxx::_Lock_policy _Lp = __gnu_cxx::_S_single]	16	static
initializer_list:75:7:constexpr const _E* std::initializer_list<_E>::begin() const [with _E = unsigned char]	16	static
initializer_list:79:7:constexpr const _E* std::initializer_list<_E>::end() const [with _E = unsigned char]	24	static
stl_algobase.h:465:5:_OI std::copy(_II, _II, _OI) [with _II = const unsigned char*; _OI = unsigned char*]	32	static
shared_ptr_base.h:1309:7:std::__shared_ptr<_Tp, _Lp>::element_type* std::__shared_ptr<_Tp, _Lp>::get() const [with _Tp = unsigned char; __gnu_cxx::_Lock_policy _Lp = __gnu_cxx::_S_single]	16	static
allocator.h:138:7:std::allocator< <template-parameter-1-1> >::allocator() [with _Tp = std::_List_node<desenet::sensor::NetworkEntity::EventElement>]	16	static
new_allocator.h:89:7:__gnu_cxx::new_allocator<_Tp>::~new_allocator() [with _Tp = std::_List_node<desenet::sensor::NetworkEntity::EventElement>]	16	static
list.tcc:66:5:void std::__cxx11::_List_base<_Tp, _Alloc>::_M_clear() [with _Tp = desenet::sensor::NetworkEntity::EventElement; _Alloc = std::allocator<desenet::sensor::NetworkEntity::EventElement>]	32	static
allocator.h:138:7:std::allocator< <template-parameter-1-1> >::allocator() [with _Tp = std::_List_node<desenet::sensor::AbstractApplication*>]	16	static
new_allocator.h:89:7:__gnu_cxx::new_allocator<_Tp>::~new_allocator() [with _Tp = std::_List_node<desenet::sensor::AbstractApplication*>]	16	static
list.tcc:66:5:void std::__cxx11::_List_base<_Tp, _Alloc>::_M_clear() [with _Tp = desenet::sensor::AbstractApplication*; _Alloc = std::allocator<desenet::sensor::AbstractApplication*>]	32	static
move.h:99:5:constexpr typename std::remove_reference<_Tp>::type&& std::move(_Tp&&) [with _Tp = std::__cxx11::list<desenet::sensor::NetworkEntity::EventElement>&]	16	static
stl_list.h:1944:7:void std::__cxx11::list<_Tp, _Alloc>::_M_move_assign(std::__cxx11::list<_Tp, _Alloc>&&, std::true_type) [with _Tp = desenet::sensor::NetworkEntity::EventElement; _Alloc = std::allocator<desenet::sensor::NetworkEntity::EventElement>]	32	static
array:55:7:static constexpr _Tp& std::__array_traits<_Tp, _Nm>::_S_ref(const _Tp (&)[_Nm], std::size_t) [with _Tp = desenet::sensor::AbstractApplication*; unsigned int _Nm = 16]	16	static
move.h:74:5:constexpr _Tp&& std::forward(typename std::remove_reference<_Tp>::type&) [with _Tp = void (desenet::sensor::NetworkEntity::*)(desenet::NetworkInterfaceDriver&, long unsigned int, const unsigned char*, unsigned int)]	16	static
move.h:74:5:constexpr _Tp&& std::forward(typename std::remove_reference<_Tp>::type&) [with _Tp = desenet::sensor::NetworkEntity*]	16	static
move.h:74:5:constexpr _Tp&& std::forward(typename std::remove_reference<_Tp>::type&) [with _Tp = const std::_Placeholder<1>&]	16	static
move.h:74:5:constexpr _Tp&& std::forward(typename std::remove_reference<_Tp>::type&) [with _Tp = const std::_Placeholder<2>&]	16	static
move.h:74:5:constexpr _Tp&& std::forward(typename std::remove_reference<_Tp>::type&) [with _Tp = const std::_Placeholder<3>&]	16	static
move.h:74:5:constexpr _Tp&& std::forward(typename std::remove_reference<_Tp>::type&) [with _Tp = const std::_Placeholder<4>&]	16	static
functional:466:11:) [with _Args = {desenet::sensor::NetworkEntity*, const std::_Placeholder<1>&, const std::_Placeholder<2>&, const std::_Placeholder<3>&, const std::_Placeholder<4>&}; _Functor = void (desenet::sensor::NetworkEntity::*)(desenet::NetworkInterfaceDriver&, long unsigned int, const unsigned char*, unsigned int); _Bound_args = {desenet::sensor::NetworkEntity*, std::_Placeholder<1>, std::_Placeholder<2>, std::_Placeholder<3>, std::_Placeholder<4>}]	56	static
move.h:99:5:constexpr typename std::remove_reference<_Tp>::type&& std::move(_Tp&&) [with _Tp = void (desenet::sensor::NetworkEntity::*&)(desenet::NetworkInterfaceDriver&, long unsigned int, const unsigned char*, unsigned int)]	16	static
move.h:99:5:constexpr typename std::remove_reference<_Tp>::type&& std::move(_Tp&&) [with _Tp = std::tuple<desenet::sensor::NetworkEntity*, std::_Placeholder<1>, std::_Placeholder<2>, std::_Placeholder<3>, std::_Placeholder<4> >&]	16	static
tuple:227:7:>&&) [with unsigned int _Idx = 0; _Head = desenet::sensor::NetworkEntity*; _Tail = {std::_Placeholder<1>, std::_Placeholder<2>, std::_Placeholder<3>, std::_Placeholder<4>}]	24	static
std_function.h:242:4:static bool std::_Function_base::_Base_manager<_Functor>::_M_not_empty_function(const _Tp&) [with _Tp = std::_Bind<void (desenet::sensor::NetworkEntity::*(desenet::sensor::NetworkEntity*, std::_Placeholder<1>, std::_Placeholder<2>, std::_Placeholder<3>, std::_Placeholder<4>))(desenet::NetworkInterfaceDriver&, long unsigned int, const unsigned char*, unsigned int)>; _Functor = std::_Bind<void (desenet::sensor::NetworkEntity::*(desenet::sensor::NetworkEntity*, std::_Placeholder<1>, std::_Placeholder<2>, std::_Placeholder<3>, std::_Placeholder<4>))(desenet::NetworkInterfaceDriver&, long unsigned int, const unsigned char*, unsigned int)>]	16	static
move.h:99:5:constexpr typename std::remove_reference<_Tp>::type&& std::move(_Tp&&) [with _Tp = std::_Bind<void (desenet::sensor::NetworkEntity::*(desenet::sensor::NetworkEntity*, std::_Placeholder<1>, std::_Placeholder<2>, std::_Placeholder<3>, std::_Placeholder<4>))(desenet::NetworkInterfaceDriver&, long unsigned int, const unsigned char*, unsigned int)>&]	16	static
std_function.h:222:2:static void std::_Function_base::_Base_manager<_Functor>::_M_init_functor(std::_Any_data&, _Functor&&) [with _Functor = std::_Bind<void (desenet::sensor::NetworkEntity::*(desenet::sensor::NetworkEntity*, std::_Placeholder<1>, std::_Placeholder<2>, std::_Placeholder<3>, std::_Placeholder<4>))(desenet::NetworkInterfaceDriver&, long unsigned int, const unsigned char*, unsigned int)>]	32	static
std_function.h:298:7:) [with _Functor = std::_Bind<void (desenet::sensor::NetworkEntity::*(desenet::sensor::NetworkEntity*, std::_Placeholder<1>, std::_Placeholder<2>, std::_Placeholder<3>, std::_Placeholder<4>))(desenet::NetworkInterfaceDriver&, long unsigned int, const unsigned char*, unsigned int)>; _ArgTypes = {desenet::NetworkInterfaceDriver&, long unsigned int, const unsigned char*, unsigned int}]	48	static
std_function.h:196:2:static bool std::_Function_base::_Base_manager<_Functor>::_M_manager(std::_Any_data&, const std::_Any_data&, std::_Manager_operation) [with _Functor = std::_Bind<void (desenet::sensor::NetworkEntity::*(desenet::sensor::NetworkEntity*, std::_Placeholder<1>, std::_Placeholder<2>, std::_Placeholder<3>, std::_Placeholder<4>))(desenet::NetworkInterfaceDriver&, long unsigned int, const unsigned char*, unsigned int)>]	40	static
stl_list.h:1905:8:) [with _Args = {desenet::sensor::AbstractApplication* const&}; _Tp = desenet::sensor::AbstractApplication*; _Alloc = std::allocator<desenet::sensor::AbstractApplication*>]	32	static
sharedbuffer.hpp:35:9:hei::SharedBuffer<T>::SharedBuffer() [with T = unsigned char]	16	static
shared_ptr.h:156:2:std::shared_ptr<_Tp>::shared_ptr(_Yp*, _Deleter) [with _Yp = unsigned char; _Deleter = hei::SharedBuffer<T>::copy() const [with T = unsigned char]::<lambda(hei::SharedBuffer<unsigned char>::pointer)>; <template-parameter-2-3> = void; _Tp = unsigned char]	32	static
shared_ptr.h:333:7:std::shared_ptr<_Tp>& std::shared_ptr<_Tp>::operator=(std::shared_ptr<_Tp>&&) [with _Tp = unsigned char]	24	static
stl_list.h:959:7:std::__cxx11::list<_Tp, _Alloc>::iterator std::__cxx11::list<_Tp, _Alloc>::end() [with _Tp = desenet::sensor::NetworkEntity::EventElement; _Alloc = std::allocator<desenet::sensor::NetworkEntity::EventElement>]	24	static
stl_list.h:1905:8:) [with _Args = {const desenet::sensor::NetworkEntity::EventElement&}; _Tp = desenet::sensor::NetworkEntity::EventElement; _Alloc = std::allocator<desenet::sensor::NetworkEntity::EventElement>]	32	static
stl_list.h:200:7:std::_List_iterator< <template-parameter-1-1> >::_List_iterator(std::__detail::_List_node_base*) [with _Tp = desenet::sensor::AbstractApplication*]	16	static
stl_list.h:171:18:const _Tp* std::_List_node<_Tp>::_M_valptr() const [with _Tp = desenet::sensor::AbstractApplication*]	16	static
bitset:813:2:std::bitset<_Nb>::reference::reference(std::bitset<_Nb>&, std::size_t) [with unsigned int _Nb = 16]	24	static
move.h:99:5:constexpr typename std::remove_reference<_Tp>::type&& std::move(_Tp&&) [with _Tp = std::shared_ptr<unsigned char>&]	16	static
shared_ptr_base.h:1176:7:std::__shared_ptr<_Tp, _Lp>::__shared_ptr(std::__shared_ptr<_Tp, _Lp>&&) [with _Tp = unsigned char; __gnu_cxx::_Lock_policy _Lp = __gnu_cxx::_S_single]	16	static
stl_list.h:200:7:std::_List_iterator< <template-parameter-1-1> >::_List_iterator(std::__detail::_List_node_base*) [with _Tp = desenet::sensor::NetworkEntity::EventElement]	16	static
stl_list.h:170:18:_Tp* std::_List_node<_Tp>::_M_valptr() [with _Tp = desenet::sensor::NetworkEntity::EventElement]	16	static
stl_list.h:1915:7:void std::__cxx11::list<_Tp, _Alloc>::_M_erase(std::__cxx11::list<_Tp, _Alloc>::iterator) [with _Tp = desenet::sensor::NetworkEntity::EventElement; _Alloc = std::allocator<desenet::sensor::NetworkEntity::EventElement>]	32	static
cpp_type_traits.h:428:5:_Iterator std::__miter_base(_Iterator) [with _Iterator = const unsigned char*]	16	static
stl_algobase.h:438:5:_OI std::__copy_move_a2(_II, _II, _OI) [with bool _IsMove = false; _II = const unsigned char*; _OI = unsigned char*]	32	static
new_allocator.h:80:7:__gnu_cxx::new_allocator<_Tp>::new_allocator() [with _Tp = std::_List_node<desenet::sensor::NetworkEntity::EventElement>]	16	static
stl_list.h:448:7:std::__cxx11::_List_base<_Tp, _Alloc>::_Node_alloc_type& std::__cxx11::_List_base<_Tp, _Alloc>::_M_get_Node_allocator() [with _Tp = desenet::sensor::NetworkEntity::EventElement; _Alloc = std::allocator<desenet::sensor::NetworkEntity::EventElement>]	16	static
alloc_traits.h:495:2:static void std::allocator_traits<std::allocator<_CharT> >::destroy(std::allocator_traits<std::allocator<_CharT> >::allocator_type&, _Up*) [with _Up = desenet::sensor::NetworkEntity::EventElement; _Tp = std::_List_node<desenet::sensor::NetworkEntity::EventElement>]	16	static
stl_list.h:441:7:void std::__cxx11::_List_base<_Tp, _Alloc>::_M_put_node(typename std::__cxx11::_List_base<_Tp, _Alloc>::_Node_alloc_traits::pointer) [with _Tp = desenet::sensor::NetworkEntity::EventElement; _Alloc = std::allocator<desenet::sensor::NetworkEntity::EventElement>]	16	static
new_allocator.h:80:7:__gnu_cxx::new_allocator<_Tp>::new_allocator() [with _Tp = std::_List_node<desenet::sensor::AbstractApplication*>]	16	static
stl_list.h:170:18:_Tp* std::_List_node<_Tp>::_M_valptr() [with _Tp = desenet::sensor::AbstractApplication*]	16	static
stl_list.h:448:7:std::__cxx11::_List_base<_Tp, _Alloc>::_Node_alloc_type& std::__cxx11::_List_base<_Tp, _Alloc>::_M_get_Node_allocator() [with _Tp = desenet::sensor::AbstractApplication*; _Alloc = std::allocator<desenet::sensor::AbstractApplication*>]	16	static
alloc_traits.h:495:2:static void std::allocator_traits<std::allocator<_CharT> >::destroy(std::allocator_traits<std::allocator<_CharT> >::allocator_type&, _Up*) [with _Up = desenet::sensor::AbstractApplication*; _Tp = std::_List_node<desenet::sensor::AbstractApplication*>]	16	static
stl_list.h:441:7:void std::__cxx11::_List_base<_Tp, _Alloc>::_M_put_node(typename std::__cxx11::_List_base<_Tp, _Alloc>::_Node_alloc_traits::pointer) [with _Tp = desenet::sensor::AbstractApplication*; _Alloc = std::allocator<desenet::sensor::AbstractApplication*>]	16	static
stl_list.h:489:7:void std::__cxx11::_List_base<_Tp, _Alloc>::_M_move_nodes(std::__cxx11::_List_base<_Tp, _Alloc>&&) [with _Tp = desenet::sensor::NetworkEntity::EventElement; _Alloc = std::allocator<desenet::sensor::NetworkEntity::EventElement>]	24	static
alloc_traits.h:553:17:void std::__alloc_on_move(_Alloc&, _Alloc&) [with _Alloc = std::allocator<std::_List_node<desenet::sensor::NetworkEntity::EventElement> >]	24	static
tuple:626:19: (_Elements) >= 1)), bool>::type <anonymous> = true; _Elements = {desenet::sensor::NetworkEntity*, std::_Placeholder<1>, std::_Placeholder<2>, std::_Placeholder<3>, std::_Placeholder<4>}]	56	static
tuple:201:7:>&) [with unsigned int _Idx = 0; _Head = desenet::sensor::NetworkEntity*; _Tail = {std::_Placeholder<1>, std::_Placeholder<2>, std::_Placeholder<3>, std::_Placeholder<4>}]	16	static
move.h:99:5:constexpr typename std::remove_reference<_Tp>::type&& std::move(_Tp&&) [with _Tp = std::_Tuple_impl<1, std::_Placeholder<1>, std::_Placeholder<2>, std::_Placeholder<3>, std::_Placeholder<4> >&]	16	static
tuple:195:7:>&) [with unsigned int _Idx = 0; _Head = desenet::sensor::NetworkEntity*; _Tail = {std::_Placeholder<1>, std::_Placeholder<2>, std::_Placeholder<3>, std::_Placeholder<4>}]	16	static
tuple:227:7:>&&) [with unsigned int _Idx = 1; _Head = std::_Placeholder<1>; _Tail = {std::_Placeholder<2>, std::_Placeholder<3>, std::_Placeholder<4>}]	16	static
tuple:132:19:constexpr std::_Head_base<_Idx, _Head, false>::_Head_base(_UHead&&) [with _UHead = desenet::sensor::NetworkEntity*; unsigned int _Idx = 0; _Head = desenet::sensor::NetworkEntity*]	16	static
std_function.h:251:2:static void std::_Function_base::_Base_manager<_Functor>::_M_init_functor(std::_Any_data&, _Functor&&, std::false_type) [with _Functor = std::_Bind<void (desenet::sensor::NetworkEntity::*(desenet::sensor::NetworkEntity*, std::_Placeholder<1>, std::_Placeholder<2>, std::_Placeholder<3>, std::_Placeholder<4>))(desenet::NetworkInterfaceDriver&, long unsigned int, const unsigned char*, unsigned int)>]	32	static
std_function.h:151:2:static _Functor* std::_Function_base::_Base_manager<_Functor>::_M_get_pointer(const std::_Any_data&) [with _Functor = std::_Bind<void (desenet::sensor::NetworkEntity::*(desenet::sensor::NetworkEntity*, std::_Placeholder<1>, std::_Placeholder<2>, std::_Placeholder<3>, std::_Placeholder<4>))(desenet::NetworkInterfaceDriver&, long unsigned int, const unsigned char*, unsigned int)>]	16	static
move.h:74:5:constexpr _Tp&& std::forward(typename std::remove_reference<_Tp>::type&) [with _Tp = desenet::NetworkInterfaceDriver&]	16	static
move.h:74:5:constexpr _Tp&& std::forward(typename std::remove_reference<_Tp>::type&) [with _Tp = long unsigned int]	16	static
move.h:74:5:constexpr _Tp&& std::forward(typename std::remove_reference<_Tp>::type&) [with _Tp = const unsigned char*]	16	static
move.h:74:5:constexpr _Tp&& std::forward(typename std::remove_reference<_Tp>::type&) [with _Tp = unsigned int]	16	static
functional:480:2:) [with _Args = {desenet::NetworkInterfaceDriver&, long unsigned int, const unsigned char*, unsigned int}; _Result = void; _Functor = void (desenet::sensor::NetworkEntity::*)(desenet::NetworkInterfaceDriver&, long unsigned int, const unsigned char*, unsigned int); _Bound_args = {desenet::sensor::NetworkEntity*, std::_Placeholder<1>, std::_Placeholder<2>, std::_Placeholder<3>, std::_Placeholder<4>}]	72	static
std_function.h:92:7:_Tp& std::_Any_data::_M_access() [with _Tp = std::_Bind<void (desenet::sensor::NetworkEntity::*(desenet::sensor::NetworkEntity*, std::_Placeholder<1>, std::_Placeholder<2>, std::_Placeholder<3>, std::_Placeholder<4>))(desenet::NetworkInterfaceDriver&, long unsigned int, const unsigned char*, unsigned int)>*]	16	static
std_function.h:173:2:static void std::_Function_base::_Base_manager<_Functor>::_M_clone(std::_Any_data&, const std::_Any_data&, std::false_type) [with _Functor = std::_Bind<void (desenet::sensor::NetworkEntity::*(desenet::sensor::NetworkEntity*, std::_Placeholder<1>, std::_Placeholder<2>, std::_Placeholder<3>, std::_Placeholder<4>))(desenet::NetworkInterfaceDriver&, long unsigned int, const unsigned char*, unsigned int)>]	32	static
std_function.h:189:2:static void std::_Function_base::_Base_manager<_Functor>::_M_destroy(std::_Any_data&, std::false_type) [with _Functor = std::_Bind<void (desenet::sensor::NetworkEntity::*(desenet::sensor::NetworkEntity*, std::_Placeholder<1>, std::_Placeholder<2>, std::_Placeholder<3>, std::_Placeholder<4>))(desenet::NetworkInterfaceDriver&, long unsigned int, const unsigned char*, unsigned int)>]	16	static
move.h:74:5:constexpr _Tp&& std::forward(typename std::remove_reference<_Tp>::type&) [with _Tp = desenet::sensor::AbstractApplication* const&]	16	static
stl_list.h:628:2:) [with _Args = {desenet::sensor::AbstractApplication* const&}; _Tp = desenet::sensor::AbstractApplication*; _Alloc = std::allocator<desenet::sensor::AbstractApplication*>]	40	static
stl_list.h:404:12:void std::__cxx11::_List_base<_Tp, _Alloc>::_M_inc_size(std::size_t) [with _Tp = desenet::sensor::AbstractApplication*; _Alloc = std::allocator<desenet::sensor::AbstractApplication*>]	16	static
shared_ptr.h:127:17:constexpr std::shared_ptr<_Tp>::shared_ptr() [with _Tp = unsigned char]	16	static
shared_ptr.h:307:17:constexpr std::shared_ptr<_Tp>::shared_ptr(std::nullptr_t) [with _Tp = unsigned char]	16	static
move.h:99:5:constexpr typename std::remove_reference<_Tp>::type&& std::move(_Tp&&) [with _Tp = hei::SharedBuffer<T>::copy() const [with T = unsigned char]::<lambda(hei::SharedBuffer<unsigned char>::pointer)>&]	16	static
shared_ptr_base.h:1133:2:std::__shared_ptr<_Tp, _Lp>::__shared_ptr(_Yp*, _Deleter) [with _Yp = unsigned char; _Deleter = hei::SharedBuffer<T>::copy() const [with T = unsigned char]::<lambda(hei::SharedBuffer<unsigned char>::pointer)>; <template-parameter-2-3> = void; _Tp = unsigned char; __gnu_cxx::_Lock_policy _Lp = __gnu_cxx::_S_single]	32	static
shared_ptr_base.h:1263:7:std::__shared_ptr<_Tp, _Lp>& std::__shared_ptr<_Tp, _Lp>::operator=(std::__shared_ptr<_Tp, _Lp>&&) [with _Tp = unsigned char; __gnu_cxx::_Lock_policy _Lp = __gnu_cxx::_S_single]	24	static
move.h:74:5:constexpr _Tp&& std::forward(typename std::remove_reference<_Tp>::type&) [with _Tp = const desenet::sensor::NetworkEntity::EventElement&]	16	static
stl_list.h:628:2:) [with _Args = {const desenet::sensor::NetworkEntity::EventElement&}; _Tp = desenet::sensor::NetworkEntity::EventElement; _Alloc = std::allocator<desenet::sensor::NetworkEntity::EventElement>]	40	static
stl_list.h:404:12:void std::__cxx11::_List_base<_Tp, _Alloc>::_M_inc_size(std::size_t) [with _Tp = desenet::sensor::NetworkEntity::EventElement; _Alloc = std::allocator<desenet::sensor::NetworkEntity::EventElement>]	16	static
aligned_buffer.h:76:7:const _Tp* __gnu_cxx::__aligned_membuf<_Tp>::_M_ptr() const [with _Tp = desenet::sensor::AbstractApplication*]	16	static
shared_ptr_base.h:616:17:constexpr std::__shared_count<_Lp>::__shared_count() [with __gnu_cxx::_Lock_policy _Lp = __gnu_cxx::_S_single]	16	static
shared_ptr_base.h:756:7:void std::__shared_count<_Lp>::_M_swap(std::__shared_count<_Lp>&) [with __gnu_cxx::_Lock_policy _Lp = __gnu_cxx::_S_single]	24	static
aligned_buffer.h:72:7:_Tp* __gnu_cxx::__aligned_membuf<_Tp>::_M_ptr() [with _Tp = desenet::sensor::NetworkEntity::EventElement]	16	static
stl_list.h:406:12:void std::__cxx11::_List_base<_Tp, _Alloc>::_M_dec_size(std::size_t) [with _Tp = desenet::sensor::NetworkEntity::EventElement; _Alloc = std::allocator<desenet::sensor::NetworkEntity::EventElement>]	16	static
stl_algobase.h:280:5:_Iterator std::__niter_base(_Iterator) [with _Iterator = const unsigned char*]	16	static
stl_algobase.h:280:5:_Iterator std::__niter_base(_Iterator) [with _Iterator = unsigned char*]	16	static
stl_algobase.h:393:5:_OI std::__copy_move_a(_II, _II, _OI) [with bool _IsMove = false; _II = const unsigned char*; _OI = unsigned char*]	32	static
stl_algobase.h:295:5:_Iterator std::__niter_wrap(const _Iterator&, _Iterator) [with _Iterator = unsigned char*]	16	static
new_allocator.h:151:2:void __gnu_cxx::new_allocator<_Tp>::destroy(_Up*) [with _Up = desenet::sensor::NetworkEntity::EventElement; _Tp = std::_List_node<desenet::sensor::NetworkEntity::EventElement>]	16	static
alloc_traits.h:469:7:static void std::allocator_traits<std::allocator<_CharT> >::deallocate(std::allocator_traits<std::allocator<_CharT> >::allocator_type&, std::allocator_traits<std::allocator<_CharT> >::pointer, std::allocator_traits<std::allocator<_CharT> >::size_type) [with _Tp = std::_List_node<desenet::sensor::NetworkEntity::EventElement>]	24	static
aligned_buffer.h:72:7:_Tp* __gnu_cxx::__aligned_membuf<_Tp>::_M_ptr() [with _Tp = desenet::sensor::AbstractApplication*]	16	static
new_allocator.h:151:2:void __gnu_cxx::new_allocator<_Tp>::destroy(_Up*) [with _Up = desenet::sensor::AbstractApplication*; _Tp = std::_List_node<desenet::sensor::AbstractApplication*>]	16	static
alloc_traits.h:469:7:static void std::allocator_traits<std::allocator<_CharT> >::deallocate(std::allocator_traits<std::allocator<_CharT> >::allocator_type&, std::allocator_traits<std::allocator<_CharT> >::pointer, std::allocator_traits<std::allocator<_CharT> >::size_type) [with _Tp = std::_List_node<desenet::sensor::AbstractApplication*>]	24	static
move.h:99:5:constexpr typename std::remove_reference<_Tp>::type&& std::move(_Tp&&) [with _Tp = std::__detail::_List_node_header&]	16	static
alloc_traits.h:545:17:void std::__do_alloc_on_move(_Alloc&, _Alloc&, std::true_type) [with _Alloc = std::allocator<std::_List_node<desenet::sensor::NetworkEntity::EventElement> >]	24	static
tuple:216:19:) [with _UHead = desenet::sensor::NetworkEntity*; _UTail = {const std::_Placeholder<1>&, const std::_Placeholder<2>&, const std::_Placeholder<3>&, const std::_Placeholder<4>&}; <template-parameter-2-3> = void; unsigned int _Idx = 0; _Head = desenet::sensor::NetworkEntity*; _Tail = {std::_Placeholder<1>, std::_Placeholder<2>, std::_Placeholder<3>, std::_Placeholder<4>}]	48	static
tuple:160:7:static constexpr _Head& std::_Head_base<_Idx, _Head, false>::_M_head(std::_Head_base<_Idx, _Head, false>&) [with unsigned int _Idx = 0; _Head = desenet::sensor::NetworkEntity*]	16	static
tuple:201:7:>&) [with unsigned int _Idx = 1; _Head = std::_Placeholder<1>; _Tail = {std::_Placeholder<2>, std::_Placeholder<3>, std::_Placeholder<4>}]	16	static
move.h:99:5:constexpr typename std::remove_reference<_Tp>::type&& std::move(_Tp&&) [with _Tp = std::_Tuple_impl<2, std::_Placeholder<2>, std::_Placeholder<3>, std::_Placeholder<4> >&]	16	static
tuple:195:7:>&) [with unsigned int _Idx = 1; _Head = std::_Placeholder<1>; _Tail = {std::_Placeholder<2>, std::_Placeholder<3>, std::_Placeholder<4>}]	16	static
move.h:74:5:constexpr _Tp&& std::forward(typename std::remove_reference<_Tp>::type&) [with _Tp = std::_Placeholder<1>]	16	static
tuple:227:7:>&&) [with unsigned int _Idx = 2; _Head = std::_Placeholder<2>; _Tail = {std::_Placeholder<3>, std::_Placeholder<4>}]	16	static
tuple:86:19:constexpr std::_Head_base<_Idx, _Head, true>::_Head_base(_UHead&&) [with _UHead = std::_Placeholder<1>; unsigned int _Idx = 1; _Head = std::_Placeholder<1>]	16	static
std_function.h:97:7:const _Tp& std::_Any_data::_M_access() const [with _Tp = std::_Bind<void (desenet::sensor::NetworkEntity::*(desenet::sensor::NetworkEntity*, std::_Placeholder<1>, std::_Placeholder<2>, std::_Placeholder<3>, std::_Placeholder<4>))(desenet::NetworkInterfaceDriver&, long unsigned int, const unsigned char*, unsigned int)>*]	16	static
tuple:1482:5:) [with _Elements = {desenet::NetworkInterfaceDriver&, long unsigned int, const unsigned char*, unsigned int}]	48	static
functional:398:2:_Indexes = {0, 1, 2, 3, 4}; _Functor = void (desenet::sensor::NetworkEntity::*)(desenet::NetworkInterfaceDriver&, long unsigned int, const unsigned char*, unsigned int); _Bound_args = {desenet::sensor::NetworkEntity*, std::_Placeholder<1>, std::_Placeholder<2>, std::_Placeholder<3>, std::_Placeholder<4>}]	80	static
std_function.h:97:7:const _Tp& std::_Any_data::_M_access() const [with _Tp = const std::_Bind<void (desenet::sensor::NetworkEntity::*(desenet::sensor::NetworkEntity*, std::_Placeholder<1>, std::_Placeholder<2>, std::_Placeholder<3>, std::_Placeholder<4>))(desenet::NetworkInterfaceDriver&, long unsigned int, const unsigned char*, unsigned int)>*]	16	static
stl_list.h:437:7:typename std::__cxx11::_List_base<_Tp, _Alloc>::_Node_alloc_traits::pointer std::__cxx11::_List_base<_Tp, _Alloc>::_M_get_node() [with _Tp = desenet::sensor::AbstractApplication*; _Alloc = std::allocator<desenet::sensor::AbstractApplication*>]	16	static
allocated_ptr.h:52:7:std::__allocated_ptr<_Alloc>::__allocated_ptr(_Alloc&, std::__allocated_ptr<_Alloc>::pointer) [with _Alloc = std::allocator<std::_List_node<desenet::sensor::AbstractApplication*> >]	24	static
allocated_ptr.h:70:7:std::__allocated_ptr<_Alloc>::~__allocated_ptr() [with _Alloc = std::allocator<std::_List_node<desenet::sensor::AbstractApplication*> >]	16	static
alloc_traits.h:482:2:) [with _Up = desenet::sensor::AbstractApplication*; _Args = {desenet::sensor::AbstractApplication* const&}; _Tp = std::_List_node<desenet::sensor::AbstractApplication*>]	24	static
allocated_ptr.h:78:7:std::__allocated_ptr<_Alloc>& std::__allocated_ptr<_Alloc>::operator=(std::nullptr_t) [with _Alloc = std::allocator<std::_List_node<desenet::sensor::AbstractApplication*> >]	16	static
shared_ptr_base.h:1118:17:constexpr std::__shared_ptr<_Tp, _Lp>::__shared_ptr() [with _Tp = unsigned char; __gnu_cxx::_Lock_policy _Lp = __gnu_cxx::_S_single]	16	static
shared_ptr_base.h:646:2:std::__shared_count<_Lp>::__shared_count(_Ptr, _Deleter) [with _Ptr = unsigned char*; _Deleter = hei::SharedBuffer<T>::copy() const [with T = unsigned char]::<lambda(hei::SharedBuffer<unsigned char>::pointer)>; <template-parameter-2-3> = void; __gnu_cxx::_Lock_policy _Lp = __gnu_cxx::_S_single]	40	static
shared_ptr_base.h:1388:2:typename std::enable_if<(! std::__shared_ptr<_Tp, _Lp>::__has_esft_base<_Yp2>::value)>::type std::__shared_ptr<_Tp, _Lp>::_M_enable_shared_from_this_with(_Yp*) [with _Yp = unsigned char; _Yp2 = unsigned char; _Tp = unsigned char; __gnu_cxx::_Lock_policy _Lp = __gnu_cxx::_S_single]	16	static
move.h:99:5:constexpr typename std::remove_reference<_Tp>::type&& std::move(_Tp&&) [with _Tp = std::__shared_ptr<unsigned char, __gnu_cxx::_S_single>&]	16	static
shared_ptr_base.h:1324:7:void std::__shared_ptr<_Tp, _Lp>::swap(std::__shared_ptr<_Tp, _Lp>&) [with _Tp = unsigned char; __gnu_cxx::_Lock_policy _Lp = __gnu_cxx::_S_single]	16	static
stl_list.h:437:7:typename std::__cxx11::_List_base<_Tp, _Alloc>::_Node_alloc_traits::pointer std::__cxx11::_List_base<_Tp, _Alloc>::_M_get_node() [with _Tp = desenet::sensor::NetworkEntity::EventElement; _Alloc = std::allocator<desenet::sensor::NetworkEntity::EventElement>]	16	static
allocated_ptr.h:52:7:std::__allocated_ptr<_Alloc>::__allocated_ptr(_Alloc&, std::__allocated_ptr<_Alloc>::pointer) [with _Alloc = std::allocator<std::_List_node<desenet::sensor::NetworkEntity::EventElement> >]	24	static
allocated_ptr.h:70:7:std::__allocated_ptr<_Alloc>::~__allocated_ptr() [with _Alloc = std::allocator<std::_List_node<desenet::sensor::NetworkEntity::EventElement> >]	16	static
alloc_traits.h:482:2:) [with _Up = desenet::sensor::NetworkEntity::EventElement; _Args = {const desenet::sensor::NetworkEntity::EventElement&}; _Tp = std::_List_node<desenet::sensor::NetworkEntity::EventElement>]	24	static
allocated_ptr.h:78:7:std::__allocated_ptr<_Alloc>& std::__allocated_ptr<_Alloc>::operator=(std::nullptr_t) [with _Alloc = std::allocator<std::_List_node<desenet::sensor::NetworkEntity::EventElement> >]	16	static
aligned_buffer.h:68:7:const void* __gnu_cxx::__aligned_membuf<_Tp>::_M_addr() const [with _Tp = desenet::sensor::AbstractApplication*]	16	static
aligned_buffer.h:64:7:void* __gnu_cxx::__aligned_membuf<_Tp>::_M_addr() [with _Tp = desenet::sensor::NetworkEntity::EventElement]	16	static
stl_algobase.h:375:2:static _Tp* std::__copy_move<_IsMove, true, std::random_access_iterator_tag>::__copy_m(const _Tp*, const _Tp*, _Tp*) [with _Tp = unsigned char; bool _IsMove = false]	32	static
new_allocator.h:119:7:void __gnu_cxx::new_allocator<_Tp>::deallocate(__gnu_cxx::new_allocator<_Tp>::pointer, __gnu_cxx::new_allocator<_Tp>::size_type) [with _Tp = std::_List_node<desenet::sensor::NetworkEntity::EventElement>]	24	static
aligned_buffer.h:64:7:void* __gnu_cxx::__aligned_membuf<_Tp>::_M_addr() [with _Tp = desenet::sensor::AbstractApplication*]	16	static
new_allocator.h:119:7:void __gnu_cxx::new_allocator<_Tp>::deallocate(__gnu_cxx::new_allocator<_Tp>::pointer, __gnu_cxx::new_allocator<_Tp>::size_type) [with _Tp = std::_List_node<desenet::sensor::AbstractApplication*>]	24	static
move.h:99:5:constexpr typename std::remove_reference<_Tp>::type&& std::move(_Tp&&) [with _Tp = std::allocator<std::_List_node<desenet::sensor::NetworkEntity::EventElement> >&]	16	static
tuple:210:17:) [with unsigned int _Idx = 1; _Head = std::_Placeholder<1>; _Tail = {std::_Placeholder<2>, std::_Placeholder<3>, std::_Placeholder<4>}]	24	static
tuple:113:7:static constexpr _Head& std::_Head_base<_Idx, _Head, true>::_M_head(std::_Head_base<_Idx, _Head, true>&) [with unsigned int _Idx = 1; _Head = std::_Placeholder<1>]	16	static
tuple:201:7:>&) [with unsigned int _Idx = 2; _Head = std::_Placeholder<2>; _Tail = {std::_Placeholder<3>, std::_Placeholder<4>}]	16	static
move.h:99:5:constexpr typename std::remove_reference<_Tp>::type&& std::move(_Tp&&) [with _Tp = std::_Tuple_impl<3, std::_Placeholder<3>, std::_Placeholder<4> >&]	16	static
tuple:195:7:>&) [with unsigned int _Idx = 2; _Head = std::_Placeholder<2>; _Tail = {std::_Placeholder<3>, std::_Placeholder<4>}]	16	static
move.h:74:5:constexpr _Tp&& std::forward(typename std::remove_reference<_Tp>::type&) [with _Tp = std::_Placeholder<2>]	16	static
tuple:227:7:>&&) [with unsigned int _Idx = 3; _Head = std::_Placeholder<3>; _Tail = {std::_Placeholder<4>}]	16	static
tuple:86:19:constexpr std::_Head_base<_Idx, _Head, true>::_Head_base(_UHead&&) [with _UHead = std::_Placeholder<2>; unsigned int _Idx = 2; _Head = std::_Placeholder<2>]	16	static
tuple:626:19: (_Elements) >= 1)), bool>::type <anonymous> = true; _Elements = {desenet::NetworkInterfaceDriver&, long unsigned int&&, const unsigned char*&&, unsigned int&&}]	48	static
tuple:1320:5:>&) [with unsigned int __i = 0; _Elements = {desenet::sensor::NetworkEntity*, std::_Placeholder<1>, std::_Placeholder<2>, std::_Placeholder<3>, std::_Placeholder<4>}]	16	static
functional:363:2:_CVArg&& std::_Mu<_Arg, false, false>::operator()(_CVArg&&, _Tuple&) const volatile [with _CVArg = desenet::sensor::NetworkEntity*&; _Tuple = std::tuple<desenet::NetworkInterfaceDriver&, long unsigned int&&, const unsigned char*&&, unsigned int&&>; _Arg = desenet::sensor::NetworkEntity*]	24	static
tuple:1320:5:>&) [with unsigned int __i = 1; _Elements = {desenet::sensor::NetworkEntity*, std::_Placeholder<1>, std::_Placeholder<2>, std::_Placeholder<3>, std::_Placeholder<4>}]	16	static
functional:345:2:std::_Safe_tuple_element_t<(std::is_placeholder<_Tp>::value - 1), _Tuple>&& std::_Mu<_Arg, false, true>::operator()(const volatile _Arg&, _Tuple&) const volatile [with _Tuple = std::tuple<desenet::NetworkInterfaceDriver&, long unsigned int&&, const unsigned char*&&, unsigned int&&>; _Arg = std::_Placeholder<1>]	24	static
tuple:1320:5:>&) [with unsigned int __i = 2; _Elements = {desenet::sensor::NetworkEntity*, std::_Placeholder<1>, std::_Placeholder<2>, std::_Placeholder<3>, std::_Placeholder<4>}]	16	static
functional:345:2:std::_Safe_tuple_element_t<(std::is_placeholder<_Tp>::value - 1), _Tuple>&& std::_Mu<_Arg, false, true>::operator()(const volatile _Arg&, _Tuple&) const volatile [with _Tuple = std::tuple<desenet::NetworkInterfaceDriver&, long unsigned int&&, const unsigned char*&&, unsigned int&&>; _Arg = std::_Placeholder<2>]	24	static
tuple:1320:5:>&) [with unsigned int __i = 3; _Elements = {desenet::sensor::NetworkEntity*, std::_Placeholder<1>, std::_Placeholder<2>, std::_Placeholder<3>, std::_Placeholder<4>}]	16	static
functional:345:2:std::_Safe_tuple_element_t<(std::is_placeholder<_Tp>::value - 1), _Tuple>&& std::_Mu<_Arg, false, true>::operator()(const volatile _Arg&, _Tuple&) const volatile [with _Tuple = std::tuple<desenet::NetworkInterfaceDriver&, long unsigned int&&, const unsigned char*&&, unsigned int&&>; _Arg = std::_Placeholder<3>]	24	static
tuple:1320:5:>&) [with unsigned int __i = 4; _Elements = {desenet::sensor::NetworkEntity*, std::_Placeholder<1>, std::_Placeholder<2>, std::_Placeholder<3>, std::_Placeholder<4>}]	16	static
functional:345:2:std::_Safe_tuple_element_t<(std::is_placeholder<_Tp>::value - 1), _Tuple>&& std::_Mu<_Arg, false, true>::operator()(const volatile _Arg&, _Tuple&) const volatile [with _Tuple = std::tuple<desenet::NetworkInterfaceDriver&, long unsigned int&&, const unsigned char*&&, unsigned int&&>; _Arg = std::_Placeholder<4>]	24	static
invoke.h:89:5:) [with _Callable = void (desenet::sensor::NetworkEntity::*&)(desenet::NetworkInterfaceDriver&, long unsigned int, const unsigned char*, unsigned int); _Args = {desenet::sensor::NetworkEntity*&, desenet::NetworkInterfaceDriver&, long unsigned int, const unsigned char*, unsigned int}]	72	static
alloc_traits.h:443:7:static _Tp* std::allocator_traits<std::allocator<_CharT> >::allocate(std::allocator_traits<std::allocator<_CharT> >::allocator_type&, std::allocator_traits<std::allocator<_CharT> >::size_type) [with _Tp = std::_List_node<desenet::sensor::AbstractApplication*>]	16	static
move.h:47:5:constexpr _Tp* std::__addressof(_Tp&) [with _Tp = std::allocator<std::_List_node<desenet::sensor::AbstractApplication*> >]	16	static
new_allocator.h:144:2:) [with _Up = desenet::sensor::AbstractApplication*; _Args = {desenet::sensor::AbstractApplication* const&}; _Tp = std::_List_node<desenet::sensor::AbstractApplication*>]	32	static
shared_ptr_base.h:652:2:std::__shared_count<_Lp>::__shared_count(_Ptr, _Deleter, _Alloc) [with _Ptr = unsigned char*; _Deleter = hei::SharedBuffer<T>::copy() const [with T = unsigned char]::<lambda(hei::SharedBuffer<unsigned char>::pointer)>; _Alloc = std::allocator<void>; <template-parameter-2-4> = void; __gnu_cxx::_Lock_policy _Lp = __gnu_cxx::_S_single]	56	static
move.h:99:5:constexpr typename std::remove_reference<_Tp>::type&& std::move(_Tp&&) [with _Tp = unsigned char*&]	16	static
move.h:182:5:typename std::enable_if<std::__and_<std::__not_<std::__is_tuple_like<_Tp> >, std::is_move_constructible<_Tp>, std::is_move_assignable<_Tp> >::value>::type std::swap(_Tp&, _Tp&) [with _Tp = unsigned char*]	24	static
alloc_traits.h:443:7:static _Tp* std::allocator_traits<std::allocator<_CharT> >::allocate(std::allocator_traits<std::allocator<_CharT> >::allocator_type&, std::allocator_traits<std::allocator<_CharT> >::size_type) [with _Tp = std::_List_node<desenet::sensor::NetworkEntity::EventElement>]	16	static
move.h:47:5:constexpr _Tp* std::__addressof(_Tp&) [with _Tp = std::allocator<std::_List_node<desenet::sensor::NetworkEntity::EventElement> >]	16	static
networkentity.h:50:12:desenet::sensor::NetworkEntity::EventElement::EventElement(const desenet::sensor::NetworkEntity::EventElement&)	16	static
new_allocator.h:144:2:) [with _Up = desenet::sensor::NetworkEntity::EventElement; _Args = {const desenet::sensor::NetworkEntity::EventElement&}; _Tp = std::_List_node<desenet::sensor::NetworkEntity::EventElement>]	32	static
tuple:210:17:) [with unsigned int _Idx = 2; _Head = std::_Placeholder<2>; _Tail = {std::_Placeholder<3>, std::_Placeholder<4>}]	24	static
tuple:79:17:constexpr std::_Head_base<_Idx, _Head, true>::_Head_base(const _Head&) [with unsigned int _Idx = 1; _Head = std::_Placeholder<1>]	16	static
tuple:113:7:static constexpr _Head& std::_Head_base<_Idx, _Head, true>::_M_head(std::_Head_base<_Idx, _Head, true>&) [with unsigned int _Idx = 2; _Head = std::_Placeholder<2>]	16	static
tuple:201:7:>&) [with unsigned int _Idx = 3; _Head = std::_Placeholder<3>; _Tail = {std::_Placeholder<4>}]	16	static
move.h:99:5:constexpr typename std::remove_reference<_Tp>::type&& std::move(_Tp&&) [with _Tp = std::_Tuple_impl<4, std::_Placeholder<4> >&]	16	static
tuple:195:7:>&) [with unsigned int _Idx = 3; _Head = std::_Placeholder<3>; _Tail = {std::_Placeholder<4>}]	16	static
move.h:74:5:constexpr _Tp&& std::forward(typename std::remove_reference<_Tp>::type&) [with _Tp = std::_Placeholder<3>]	16	static
tuple:358:7:constexpr std::_Tuple_impl<_Idx, _Head>::_Tuple_impl(std::_Tuple_impl<_Idx, _Head>&&) [with unsigned int _Idx = 4; _Head = std::_Placeholder<4>]	16	static
tuple:86:19:constexpr std::_Head_base<_Idx, _Head, true>::_Head_base(_UHead&&) [with _UHead = std::_Placeholder<3>; unsigned int _Idx = 3; _Head = std::_Placeholder<3>]	16	static
tuple:216:19:) [with _UHead = desenet::NetworkInterfaceDriver&; _UTail = {long unsigned int, const unsigned char*, unsigned int}; <template-parameter-2-3> = void; unsigned int _Idx = 0; _Head = desenet::NetworkInterfaceDriver&; _Tail = {long unsigned int&&, const unsigned char*&&, unsigned int&&}]	40	static
tuple:195:7:>&) [with unsigned int _Idx = 0; _Head = desenet::NetworkInterfaceDriver&; _Tail = {long unsigned int&&, const unsigned char*&&, unsigned int&&}]	16	static
tuple:125:17:constexpr std::_Head_base<_Idx, _Head, false>::_Head_base(const _Head&) [with unsigned int _Idx = 0; _Head = desenet::NetworkInterfaceDriver&]	16	static
tuple:1309:5:>&) [with unsigned int __i = 0; _Head = desenet::sensor::NetworkEntity*; _Tail = {std::_Placeholder<1>, std::_Placeholder<2>, std::_Placeholder<3>, std::_Placeholder<4>}]	16	static
move.h:74:5:constexpr _Tp&& std::forward(typename std::remove_reference<_Tp>::type&) [with _Tp = desenet::sensor::NetworkEntity*&]	16	static
tuple:1309:5:>&) [with unsigned int __i = 1; _Head = std::_Placeholder<1>; _Tail = {std::_Placeholder<2>, std::_Placeholder<3>, std::_Placeholder<4>}]	16	static
move.h:99:5:constexpr typename std::remove_reference<_Tp>::type&& std::move(_Tp&&) [with _Tp = std::tuple<desenet::NetworkInterfaceDriver&, long unsigned int&&, const unsigned char*&&, unsigned int&&>&]	16	static
tuple:1332:5:>&&) [with unsigned int __i = 0; _Elements = {desenet::NetworkInterfaceDriver&, long unsigned int&&, const unsigned char*&&, unsigned int&&}]	16	static
tuple:1309:5:>&) [with unsigned int __i = 2; _Head = std::_Placeholder<2>; _Tail = {std::_Placeholder<3>, std::_Placeholder<4>}]	16	static
tuple:1332:5:>&&) [with unsigned int __i = 1; _Elements = {desenet::NetworkInterfaceDriver&, long unsigned int&&, const unsigned char*&&, unsigned int&&}]	16	static
tuple:1309:5:>&) [with unsigned int __i = 3; _Head = std::_Placeholder<3>; _Tail = {std::_Placeholder<4>}]	16	static
tuple:1332:5:>&&) [with unsigned int __i = 2; _Elements = {desenet::NetworkInterfaceDriver&, long unsigned int&&, const unsigned char*&&, unsigned int&&}]	16	static
tuple:1309:5:>&) [with unsigned int __i = 4; _Head = std::_Placeholder<4>; _Tail = {}]	16	static
tuple:1332:5:>&&) [with unsigned int __i = 3; _Elements = {desenet::NetworkInterfaceDriver&, long unsigned int&&, const unsigned char*&&, unsigned int&&}]	16	static
move.h:74:5:constexpr _Tp&& std::forward(typename std::remove_reference<_Tp>::type&) [with _Tp = void (desenet::sensor::NetworkEntity::*&)(desenet::NetworkInterfaceDriver&, long unsigned int, const unsigned char*, unsigned int)]	16	static
invoke.h:70:5:) [with _Res = void; _MemFun = void (desenet::sensor::NetworkEntity::*&)(desenet::NetworkInterfaceDriver&, long unsigned int, const unsigned char*, unsigned int); _Tp = desenet::sensor::NetworkEntity*&; _Args = {desenet::NetworkInterfaceDriver&, long unsigned int, const unsigned char*, unsigned int}]	56	static
new_allocator.h:102:7:_Tp* __gnu_cxx::new_allocator<_Tp>::allocate(__gnu_cxx::new_allocator<_Tp>::size_type, const void*) [with _Tp = std::_List_node<desenet::sensor::AbstractApplication*>]	24	static
allocator.h:151:2:std::allocator< <template-parameter-1-1> >::allocator(const std::allocator<_Tp1>&) [with _Tp1 = void; _Tp = std::_Sp_counted_deleter<unsigned char*, hei::SharedBuffer<T>::copy() const [with T = unsigned char]::<lambda(hei::SharedBuffer<unsigned char>::pointer)>, std::allocator<void>, __gnu_cxx::_S_single>]	16	static
allocator.h:153:7:std::allocator< <template-parameter-1-1> >::~allocator() [with _Tp = std::_Sp_counted_deleter<unsigned char*, hei::SharedBuffer<T>::copy() const [with T = unsigned char]::<lambda(hei::SharedBuffer<unsigned char>::pointer)>, std::allocator<void>, __gnu_cxx::_S_single>]	16	static
allocated_ptr.h:95:5:std::__allocated_ptr<_Alloc> std::__allocate_guarded(_Alloc&) [with _Alloc = std::allocator<std::_Sp_counted_deleter<unsigned char*, hei::SharedBuffer<T>::copy() const [with T = unsigned char]::<lambda(hei::SharedBuffer<unsigned char>::pointer)>, std::allocator<void>, __gnu_cxx::_S_single> >]	16	static
allocated_ptr.h:70:7:std::__allocated_ptr<_Alloc>::~__allocated_ptr() [with _Alloc = std::allocator<std::_Sp_counted_deleter<unsigned char*, hei::SharedBuffer<T>::copy() const [with T = unsigned char]::<lambda(hei::SharedBuffer<unsigned char>::pointer)>, std::allocator<void>, __gnu_cxx::_S_single> >]	16	static
allocated_ptr.h:85:19:std::__allocated_ptr<_Alloc>::value_type* std::__allocated_ptr<_Alloc>::get() [with _Alloc = std::allocator<std::_Sp_counted_deleter<unsigned char*, hei::SharedBuffer<T>::copy() const [with T = unsigned char]::<lambda(hei::SharedBuffer<unsigned char>::pointer)>, std::allocator<void>, __gnu_cxx::_S_single> >]	16	static
move.h:99:5:constexpr typename std::remove_reference<_Tp>::type&& std::move(_Tp&&) [with _Tp = std::allocator<void>&]	16	static
shared_ptr_base.h:464:7:std::_Sp_counted_deleter<_Ptr, _Deleter, _Alloc, _Lp>::_Sp_counted_deleter(_Ptr, _Deleter, const _Alloc&) [with _Ptr = unsigned char*; _Deleter = hei::SharedBuffer<T>::copy() const [with T = unsigned char]::<lambda(hei::SharedBuffer<unsigned char>::pointer)>; _Alloc = std::allocator<void>; __gnu_cxx::_Lock_policy _Lp = __gnu_cxx::_S_single]	32	static
allocated_ptr.h:78:7:std::__allocated_ptr<_Alloc>& std::__allocated_ptr<_Alloc>::operator=(std::nullptr_t) [with _Alloc = std::allocator<std::_Sp_counted_deleter<unsigned char*, hei::SharedBuffer<T>::copy() const [with T = unsigned char]::<lambda(hei::SharedBuffer<unsigned char>::pointer)>, std::allocator<void>, __gnu_cxx::_S_single> >]	16	static
new_allocator.h:102:7:_Tp* __gnu_cxx::new_allocator<_Tp>::allocate(__gnu_cxx::new_allocator<_Tp>::size_type, const void*) [with _Tp = std::_List_node<desenet::sensor::NetworkEntity::EventElement>]	24	static
tuple:210:17:) [with unsigned int _Idx = 3; _Head = std::_Placeholder<3>; _Tail = {std::_Placeholder<4>}]	24	static
tuple:79:17:constexpr std::_Head_base<_Idx, _Head, true>::_Head_base(const _Head&) [with unsigned int _Idx = 2; _Head = std::_Placeholder<2>]	16	static
tuple:113:7:static constexpr _Head& std::_Head_base<_Idx, _Head, true>::_M_head(std::_Head_base<_Idx, _Head, true>&) [with unsigned int _Idx = 3; _Head = std::_Placeholder<3>]	16	static
tuple:334:7:static constexpr _Head& std::_Tuple_impl<_Idx, _Head>::_M_head(std::_Tuple_impl<_Idx, _Head>&) [with unsigned int _Idx = 4; _Head = std::_Placeholder<4>]	16	static
move.h:74:5:constexpr _Tp&& std::forward(typename std::remove_reference<_Tp>::type&) [with _Tp = std::_Placeholder<4>]	16	static
tuple:86:19:constexpr std::_Head_base<_Idx, _Head, true>::_Head_base(_UHead&&) [with _UHead = std::_Placeholder<4>; unsigned int _Idx = 4; _Head = std::_Placeholder<4>]	16	static
tuple:216:19:) [with _UHead = long unsigned int; _UTail = {const unsigned char*, unsigned int}; <template-parameter-2-3> = void; unsigned int _Idx = 1; _Head = long unsigned int&&; _Tail = {const unsigned char*&&, unsigned int&&}]	32	static
tuple:160:7:static constexpr _Head& std::_Head_base<_Idx, _Head, false>::_M_head(std::_Head_base<_Idx, _Head, false>&) [with unsigned int _Idx = 0; _Head = desenet::NetworkInterfaceDriver&]	16	static
tuple:195:7:>&) [with unsigned int _Idx = 1; _Head = long unsigned int&&; _Tail = {const unsigned char*&&, unsigned int&&}]	16	static
move.h:74:5:constexpr _Tp&& std::forward(typename std::remove_reference<_Tp>::type&) [with _Tp = long unsigned int&&]	16	static
tuple:132:19:constexpr std::_Head_base<_Idx, _Head, false>::_Head_base(_UHead&&) [with _UHead = long unsigned int; unsigned int _Idx = 1; _Head = long unsigned int&&]	16	static
tuple:1320:5:>&) [with unsigned int __i = 0; _Elements = {desenet::NetworkInterfaceDriver&, long unsigned int&&, const unsigned char*&&, unsigned int&&}]	16	static
tuple:1320:5:>&) [with unsigned int __i = 1; _Elements = {desenet::NetworkInterfaceDriver&, long unsigned int&&, const unsigned char*&&, unsigned int&&}]	16	static
tuple:1320:5:>&) [with unsigned int __i = 2; _Elements = {desenet::NetworkInterfaceDriver&, long unsigned int&&, const unsigned char*&&, unsigned int&&}]	16	static
move.h:74:5:constexpr _Tp&& std::forward(typename std::remove_reference<_Tp>::type&) [with _Tp = const unsigned char*&&]	16	static
tuple:1320:5:>&) [with unsigned int __i = 3; _Elements = {desenet::NetworkInterfaceDriver&, long unsigned int&&, const unsigned char*&&, unsigned int&&}]	16	static
move.h:74:5:constexpr _Tp&& std::forward(typename std::remove_reference<_Tp>::type&) [with _Tp = unsigned int&&]	16	static
new_allocator.h:132:7:__gnu_cxx::new_allocator<_Tp>::size_type __gnu_cxx::new_allocator<_Tp>::max_size() const [with _Tp = std::_List_node<desenet::sensor::AbstractApplication*>]	16	static
new_allocator.h:80:7:__gnu_cxx::new_allocator<_Tp>::new_allocator() [with _Tp = std::_Sp_counted_deleter<unsigned char*, hei::SharedBuffer<T>::copy() const [with T = unsigned char]::<lambda(hei::SharedBuffer<unsigned char>::pointer)>, std::allocator<void>, __gnu_cxx::_S_single>]	16	static
new_allocator.h:89:7:__gnu_cxx::new_allocator<_Tp>::~new_allocator() [with _Tp = std::_Sp_counted_deleter<unsigned char*, hei::SharedBuffer<T>::copy() const [with T = unsigned char]::<lambda(hei::SharedBuffer<unsigned char>::pointer)>, std::allocator<void>, __gnu_cxx::_S_single>]	16	static
alloc_traits.h:443:7:static _Tp* std::allocator_traits<std::allocator<_CharT> >::allocate(std::allocator_traits<std::allocator<_CharT> >::allocator_type&, std::allocator_traits<std::allocator<_CharT> >::size_type) [with _Tp = std::_Sp_counted_deleter<unsigned char*, hei::SharedBuffer<T>::copy() const [with T = unsigned char]::<lambda(hei::SharedBuffer<unsigned char>::pointer)>, std::allocator<void>, __gnu_cxx::_S_single>]	16	static
allocated_ptr.h:52:7:std::__allocated_ptr<_Alloc>::__allocated_ptr(_Alloc&, std::__allocated_ptr<_Alloc>::pointer) [with _Alloc = std::allocator<std::_Sp_counted_deleter<unsigned char*, hei::SharedBuffer<T>::copy() const [with T = unsigned char]::<lambda(hei::SharedBuffer<unsigned char>::pointer)>, std::allocator<void>, __gnu_cxx::_S_single> >]	24	static
alloc_traits.h:469:7:static void std::allocator_traits<std::allocator<_CharT> >::deallocate(std::allocator_traits<std::allocator<_CharT> >::allocator_type&, std::allocator_traits<std::allocator<_CharT> >::pointer, std::allocator_traits<std::allocator<_CharT> >::size_type) [with _Tp = std::_Sp_counted_deleter<unsigned char*, hei::SharedBuffer<T>::copy() const [with T = unsigned char]::<lambda(hei::SharedBuffer<unsigned char>::pointer)>, std::allocator<void>, __gnu_cxx::_S_single>]	24	static
ptr_traits.h:155:5:constexpr _Tp* std::__to_address(_Tp*) [with _Tp = std::_Sp_counted_deleter<unsigned char*, hei::SharedBuffer<T>::copy() const [with T = unsigned char]::<lambda(hei::SharedBuffer<unsigned char>::pointer)>, std::allocator<void>, __gnu_cxx::_S_single>]	16	static
shared_ptr_base.h:117:7:std::_Sp_counted_base<_Lp>::_Sp_counted_base() [with __gnu_cxx::_Lock_policy _Lp = __gnu_cxx::_S_single]	16	static
shared_ptr_base.h:446:2:std::_Sp_counted_deleter<_Ptr, _Deleter, _Alloc, _Lp>::_Impl::_Impl(_Ptr, _Deleter, const _Alloc&) [with _Ptr = unsigned char*; _Deleter = hei::SharedBuffer<T>::copy() const [with T = unsigned char]::<lambda(hei::SharedBuffer<unsigned char>::pointer)>; _Alloc = std::allocator<void>; __gnu_cxx::_Lock_policy _Lp = __gnu_cxx::_S_single]	24	static
new_allocator.h:132:7:__gnu_cxx::new_allocator<_Tp>::size_type __gnu_cxx::new_allocator<_Tp>::max_size() const [with _Tp = std::_List_node<desenet::sensor::NetworkEntity::EventElement>]	16	static
tuple:343:17:constexpr std::_Tuple_impl<_Idx, _Head>::_Tuple_impl(const _Head&) [with unsigned int _Idx = 4; _Head = std::_Placeholder<4>]	16	static
tuple:79:17:constexpr std::_Head_base<_Idx, _Head, true>::_Head_base(const _Head&) [with unsigned int _Idx = 3; _Head = std::_Placeholder<3>]	16	static
tuple:113:7:static constexpr _Head& std::_Head_base<_Idx, _Head, true>::_M_head(std::_Head_base<_Idx, _Head, true>&) [with unsigned int _Idx = 4; _Head = std::_Placeholder<4>]	16	static
tuple:216:19:) [with _UHead = const unsigned char*; _UTail = {unsigned int}; <template-parameter-2-3> = void; unsigned int _Idx = 2; _Head = const unsigned char*&&; _Tail = {unsigned int&&}]	32	static
tuple:160:7:static constexpr _Head& std::_Head_base<_Idx, _Head, false>::_M_head(std::_Head_base<_Idx, _Head, false>&) [with unsigned int _Idx = 1; _Head = long unsigned int&&]	16	static
tuple:195:7:>&) [with unsigned int _Idx = 2; _Head = const unsigned char*&&; _Tail = {unsigned int&&}]	16	static
tuple:132:19:constexpr std::_Head_base<_Idx, _Head, false>::_Head_base(_UHead&&) [with _UHead = const unsigned char*; unsigned int _Idx = 2; _Head = const unsigned char*&&]	16	static
tuple:1309:5:>&) [with unsigned int __i = 0; _Head = desenet::NetworkInterfaceDriver&; _Tail = {long unsigned int&&, const unsigned char*&&, unsigned int&&}]	16	static
tuple:1309:5:>&) [with unsigned int __i = 1; _Head = long unsigned int&&; _Tail = {const unsigned char*&&, unsigned int&&}]	16	static
tuple:1309:5:>&) [with unsigned int __i = 2; _Head = const unsigned char*&&; _Tail = {unsigned int&&}]	16	static
tuple:1309:5:>&) [with unsigned int __i = 3; _Head = unsigned int&&; _Tail = {}]	16	static
new_allocator.h:102:7:_Tp* __gnu_cxx::new_allocator<_Tp>::allocate(__gnu_cxx::new_allocator<_Tp>::size_type, const void*) [with _Tp = std::_Sp_counted_deleter<unsigned char*, hei::SharedBuffer<T>::copy() const [with T = unsigned char]::<lambda(hei::SharedBuffer<unsigned char>::pointer)>, std::allocator<void>, __gnu_cxx::_S_single>]	24	static
move.h:47:5:constexpr _Tp* std::__addressof(_Tp&) [with _Tp = std::allocator<std::_Sp_counted_deleter<unsigned char*, hei::SharedBuffer<T>::copy() const [with T = unsigned char]::<lambda(hei::SharedBuffer<unsigned char>::pointer)>, std::allocator<void>, __gnu_cxx::_S_single> >]	16	static
new_allocator.h:119:7:void __gnu_cxx::new_allocator<_Tp>::deallocate(__gnu_cxx::new_allocator<_Tp>::pointer, __gnu_cxx::new_allocator<_Tp>::size_type) [with _Tp = std::_Sp_counted_deleter<unsigned char*, hei::SharedBuffer<T>::copy() const [with T = unsigned char]::<lambda(hei::SharedBuffer<unsigned char>::pointer)>, std::allocator<void>, __gnu_cxx::_S_single>]	24	static
shared_ptr_base.h:415:16:std::_Sp_ebo_helper<_Nm, _Tp, true>::_Sp_ebo_helper(_Tp&&) [with int _Nm = 0; _Tp = hei::SharedBuffer<T>::copy() const [with T = unsigned char]::<lambda(hei::SharedBuffer<unsigned char>::pointer)>]	16	static
shared_ptr_base.h:414:16:std::_Sp_ebo_helper<_Nm, _Tp, true>::_Sp_ebo_helper(const _Tp&) [with int _Nm = 1; _Tp = std::allocator<void>]	16	static
tuple:79:17:constexpr std::_Head_base<_Idx, _Head, true>::_Head_base(const _Head&) [with unsigned int _Idx = 4; _Head = std::_Placeholder<4>]	16	static
tuple:348:19:constexpr std::_Tuple_impl<_Idx, _Head>::_Tuple_impl(_UHead&&) [with _UHead = unsigned int; unsigned int _Idx = 3; _Head = unsigned int&&]	24	static
tuple:160:7:static constexpr _Head& std::_Head_base<_Idx, _Head, false>::_M_head(std::_Head_base<_Idx, _Head, false>&) [with unsigned int _Idx = 2; _Head = const unsigned char*&&]	16	static
tuple:334:7:static constexpr _Head& std::_Tuple_impl<_Idx, _Head>::_M_head(std::_Tuple_impl<_Idx, _Head>&) [with unsigned int _Idx = 3; _Head = unsigned int&&]	16	static
tuple:132:19:constexpr std::_Head_base<_Idx, _Head, false>::_Head_base(_UHead&&) [with _UHead = unsigned int; unsigned int _Idx = 3; _Head = unsigned int&&]	16	static
new_allocator.h:132:7:__gnu_cxx::new_allocator<_Tp>::size_type __gnu_cxx::new_allocator<_Tp>::max_size() const [with _Tp = std::_Sp_counted_deleter<unsigned char*, hei::SharedBuffer<T>::copy() const [with T = unsigned char]::<lambda(hei::SharedBuffer<unsigned char>::pointer)>, std::allocator<void>, __gnu_cxx::_S_single>]	16	static
tuple:160:7:static constexpr _Head& std::_Head_base<_Idx, _Head, false>::_M_head(std::_Head_base<_Idx, _Head, false>&) [with unsigned int _Idx = 3; _Head = unsigned int&&]	16	static
networkentity.cpp:163:1:void __static_initialization_and_destruction_0(int, int)	40	static
shared_ptr_base.h:467:7:std::_Sp_counted_deleter<_Ptr, _Deleter, _Alloc, _Lp>::~_Sp_counted_deleter() [with _Ptr = unsigned char*; _Deleter = hei::SharedBuffer<T>::copy() const [with T = unsigned char]::<lambda(hei::SharedBuffer<unsigned char>::pointer)>; _Alloc = std::allocator<void>; __gnu_cxx::_Lock_policy _Lp = __gnu_cxx::_S_single]	16	static
shared_ptr_base.h:467:7:std::_Sp_counted_deleter<_Ptr, _Deleter, _Alloc, _Lp>::~_Sp_counted_deleter() [with _Ptr = unsigned char*; _Deleter = hei::SharedBuffer<T>::copy() const [with T = unsigned char]::<lambda(hei::SharedBuffer<unsigned char>::pointer)>; _Alloc = std::allocator<void>; __gnu_cxx::_Lock_policy _Lp = __gnu_cxx::_S_single]	16	static
shared_ptr_base.h:470:7:void std::_Sp_counted_deleter<_Ptr, _Deleter, _Alloc, _Lp>::_M_dispose() [with _Ptr = unsigned char*; _Deleter = hei::SharedBuffer<T>::copy() const [with T = unsigned char]::<lambda(hei::SharedBuffer<unsigned char>::pointer)>; _Alloc = std::allocator<void>; __gnu_cxx::_Lock_policy _Lp = __gnu_cxx::_S_single]	16	static
shared_ptr_base.h:474:7:void std::_Sp_counted_deleter<_Ptr, _Deleter, _Alloc, _Lp>::_M_destroy() [with _Ptr = unsigned char*; _Deleter = hei::SharedBuffer<T>::copy() const [with T = unsigned char]::<lambda(hei::SharedBuffer<unsigned char>::pointer)>; _Alloc = std::allocator<void>; __gnu_cxx::_Lock_policy _Lp = __gnu_cxx::_S_single]	32	static
shared_ptr_base.h:482:7:void* std::_Sp_counted_deleter<_Ptr, _Deleter, _Alloc, _Lp>::_M_get_deleter(const std::type_info&) [with _Ptr = unsigned char*; _Deleter = hei::SharedBuffer<T>::copy() const [with T = unsigned char]::<lambda(hei::SharedBuffer<unsigned char>::pointer)>; _Alloc = std::allocator<void>; __gnu_cxx::_Lock_policy _Lp = __gnu_cxx::_S_single]	16	static
address.hpp:56:10:phy::Address<size>::~Address() [with unsigned int size = 4]	16	static
address.hpp:56:10:phy::Address<size>::~Address() [with unsigned int size = 4]	16	static
shared_ptr_base.h:450:12:_Deleter& std::_Sp_counted_deleter<_Ptr, _Deleter, _Alloc, _Lp>::_Impl::_M_del() [with _Ptr = unsigned char*; _Deleter = hei::SharedBuffer<T>::copy() const [with T = unsigned char]::<lambda(hei::SharedBuffer<unsigned char>::pointer)>; _Alloc = std::allocator<void>; __gnu_cxx::_Lock_policy _Lp = __gnu_cxx::_S_single]	16	static
shared_ptr_base.h:451:10:_Alloc& std::_Sp_counted_deleter<_Ptr, _Deleter, _Alloc, _Lp>::_Impl::_M_alloc() [with _Ptr = unsigned char*; _Deleter = hei::SharedBuffer<T>::copy() const [with T = unsigned char]::<lambda(hei::SharedBuffer<unsigned char>::pointer)>; _Alloc = std::allocator<void>; __gnu_cxx::_Lock_policy _Lp = __gnu_cxx::_S_single]	16	static
shared_ptr_base.h:418:7:static _Tp& std::_Sp_ebo_helper<_Nm, _Tp, true>::_S_get(std::_Sp_ebo_helper<_Nm, _Tp, true>&) [with int _Nm = 0; _Tp = hei::SharedBuffer<T>::copy() const [with T = unsigned char]::<lambda(hei::SharedBuffer<unsigned char>::pointer)>]	16	static
shared_ptr_base.h:418:7:static _Tp& std::_Sp_ebo_helper<_Nm, _Tp, true>::_S_get(std::_Sp_ebo_helper<_Nm, _Tp, true>&) [with int _Nm = 1; _Tp = std::allocator<void>]	16	static
networkentity.cpp:163:1:cpp)	8	static
networkentity.cpp:163:1:cpp)	8	static
