gthr-default.h:229:1:int __gthread_key_delete(__gthread_key_t)	16	static
frame.h:149:21:std::size_t desenet::Frame::length() const	16	static
frame.h:153:25:const uint8_t& desenet::Frame::operator[](size_t) const	16	static
frame.h:154:19:uint8_t& desenet::Frame::operator[](size_t)	16	static
nrfspi.h:19:14:bool NrfSpi::isInitialized() const	16	static
nrfspi.h:102:14:bool NrfSpi::featuresEnabled() const	16	static
nrfspi.h:122:14:void NrfSpi::sDelay(long unsigned int) const	16	static
nrfspi.h:123:14:void NrfSpi::enableCS() const	16	static
nrfspi.h:124:14:void NrfSpi::disableCS() const	16	static
nrfspi.h:131:15:Spi& NrfSpi::spi()	16	static
nrfspi.cpp:6:1:NrfSpi::NrfSpi(Spi&)	16	static
nrfspi.cpp:14:1:NrfSpi::~NrfSpi()	16	static
nrfspi.cpp:14:1:virtual NrfSpi::~NrfSpi()	16	static
nrfspi.cpp:19:6:bool NrfSpi::initialize()	16	static
nrfspi.cpp:32:17:NrfSpi::tStatus NrfSpi::status()	16	static
nrfspi.cpp:37:17:NrfSpi::tStatus NrfSpi::sendCmd(NrfSpi::eNrfSpiCmd)	24	static
nrfspi.cpp:84:17:NrfSpi::tStatus NrfSpi::sendFrame(const desenet::Frame&)	24	static
nrfspi.cpp:105:17:NrfSpi::tStatus NrfSpi::transmit(const uint8_t*, const size_t&)	32	static
nrfspi.cpp:122:17:NrfSpi::tStatus NrfSpi::readFrame(desenet::Frame&)	32	static
nrfspi.cpp:141:19:NrfSpi::tRegister NrfSpi::readRegister(NrfSpi::eNrfRegister)	24	static
nrfspi.cpp:157:17:NrfSpi::tStatus NrfSpi::readRegister(NrfSpi::eNrfRegister, NrfSpi::tAddress&)	40	static
nrfspi.cpp:176:17:NrfSpi::tStatus NrfSpi::writeRegister(NrfSpi::eNrfRegister, NrfSpi::tRegister)	24	static
nrfspi.cpp:192:17:NrfSpi::tStatus NrfSpi::writeRegister(NrfSpi::eNrfRegister, const tAddress&)	32	static
nrfspi.cpp:211:6:bool NrfSpi::activateFeatures(bool)	16	static
nrfspi.cpp:223:15:unsigned char NrfSpi::getRXFramePipeNumber()	24	static
nrfspi.cpp:239:8:size_t NrfSpi::getRXFramePaylpoadSize(uint8_t)	16	static
nrfspi.cpp:257:6:void NrfSpi::enableDataPipe(uint8_t, bool)	24	static
nrfspi.cpp:279:6:void NrfSpi::enableAutoAcknowledgementForPipe(uint8_t, bool)	24	static
nrfspi.cpp:302:6:void NrfSpi::enableDynamicTxAcknowledgment(bool)	24	static
nrfspi.cpp:325:6:bool NrfSpi::rxFifoEmpty()	24	static
nrfspi.cpp:332:6:bool NrfSpi::txFifoEmpty()	24	static
nrfspi.cpp:339:6:bool NrfSpi::rxFifoFull()	24	static
nrfspi.cpp:346:19:NrfSpi::tRegister NrfSpi::readRPDRegister()	16	static
nrfspi.cpp:351:17:NrfSpi::tStatus NrfSpi::sendByte(unsigned char)	16	static
initializer_list:71:7:constexpr std::initializer_list<_E>::size_type std::initializer_list<_E>::size() const [with _E = unsigned char]	16	static
address.hpp:47:2:phy::Address<size>::Address(std::initializer_list<unsigned char>) [with unsigned int size = 4]	32	static
sharedbuffer.hpp:234:25:T& hei::SharedBuffer<T>::operator[](hei::SharedBuffer<T>::sizeType) const [with T = unsigned char]	16	static
sharedbuffer.hpp:224:19:T& hei::SharedBuffer<T>::operator[](hei::SharedBuffer<T>::sizeType) [with T = unsigned char]	16	static
address.hpp:79:16:static size_t phy::Address<size>::addressSize() [with unsigned int size = 4]	4	static
stl_algobase.h:198:5:constexpr const _Tp& std::min(const _Tp&, const _Tp&) [with _Tp = unsigned int]	16	static
address.hpp:90:12:uint8_t& phy::Address<size>::operator[](size_t) [with unsigned int size = 4]	24	static
address.hpp:102:18:const uint8_t& phy::Address<size>::operator[](size_t) const [with unsigned int size = 4]	24	static
initializer_list:75:7:constexpr const _E* std::initializer_list<_E>::begin() const [with _E = unsigned char]	16	static
initializer_list:79:7:constexpr const _E* std::initializer_list<_E>::end() const [with _E = unsigned char]	24	static
stl_algobase.h:465:5:_OI std::copy(_II, _II, _OI) [with _II = const unsigned char*; _OI = unsigned char*]	32	static
shared_ptr_base.h:1309:7:std::__shared_ptr<_Tp, _Lp>::element_type* std::__shared_ptr<_Tp, _Lp>::get() const [with _Tp = unsigned char; __gnu_cxx::_Lock_policy _Lp = __gnu_cxx::_S_single]	16	static
cpp_type_traits.h:428:5:_Iterator std::__miter_base(_Iterator) [with _Iterator = const unsigned char*]	16	static
stl_algobase.h:438:5:_OI std::__copy_move_a2(_II, _II, _OI) [with bool _IsMove = false; _II = const unsigned char*; _OI = unsigned char*]	32	static
stl_algobase.h:280:5:_Iterator std::__niter_base(_Iterator) [with _Iterator = const unsigned char*]	16	static
stl_algobase.h:280:5:_Iterator std::__niter_base(_Iterator) [with _Iterator = unsigned char*]	16	static
stl_algobase.h:393:5:_OI std::__copy_move_a(_II, _II, _OI) [with bool _IsMove = false; _II = const unsigned char*; _OI = unsigned char*]	32	static
stl_algobase.h:295:5:_Iterator std::__niter_wrap(const _Iterator&, _Iterator) [with _Iterator = unsigned char*]	16	static
stl_algobase.h:375:2:static _Tp* std::__copy_move<_IsMove, true, std::random_access_iterator_tag>::__copy_m(const _Tp*, const _Tp*, _Tp*) [with _Tp = unsigned char; bool _IsMove = false]	32	static
nrfspi.cpp:354:1:void __static_initialization_and_destruction_0(int, int)	40	static
address.hpp:56:10:phy::Address<size>::~Address() [with unsigned int size = 4]	16	static
address.hpp:56:10:phy::Address<size>::~Address() [with unsigned int size = 4]	16	static
nrfspi.cpp:354:1:cpp)	8	static
nrfspi.cpp:354:1:cpp)	8	static
