gthr-default.h:229:1:int __gthread_key_delete(__gthread_key_t)	16	static
imonochromedisplay.h:59:19:IMonochromeDisplay::Point::Point(int, int)	24	static
initializer_list:71:7:constexpr std::initializer_list<_E>::size_type std::initializer_list<_E>::size() const [with _E = unsigned char]	16	static
initializer_list:75:7:constexpr const _E* std::initializer_list<_E>::begin() const [with _E = unsigned char]	16	static
monochromedisplaypainter.cpp:12:1:MonochromeDisplayPainter::MonochromeDisplayPainter(IMonochromeDisplay*, bool)	32	static
monochromedisplaypainter.cpp:19:1:MonochromeDisplayPainter::~MonochromeDisplayPainter()	16	static
monochromedisplaypainter.cpp:19:1:virtual MonochromeDisplayPainter::~MonochromeDisplayPainter()	16	static
monochromedisplaypainter.cpp:25:6:void MonochromeDisplayPainter::begin(IMonochromeDisplay*)	24	static
monochromedisplaypainter.cpp:35:6:void MonochromeDisplayPainter::end()	16	static
monochromedisplaypainter.cpp:52:6:void MonochromeDisplayPainter::clear(IMonochromeDisplay::PixelColor)	96	static
monochromedisplaypainter.cpp:93:6:bool MonochromeDisplayPainter::autoUpdate() const	16	static
monochromedisplaypainter.cpp:97:6:void MonochromeDisplayPainter::setAutoUpdate(bool)	16	static
monochromedisplaypainter.cpp:102:6:void MonochromeDisplayPainter::update()	24	static
monochromedisplaypainter.cpp:107:6:void MonochromeDisplayPainter::drawPixel(const IMonochromeDisplay::Point&, IMonochromeDisplay::PixelColor)	24	static
stl_algobase.h:222:5:constexpr const _Tp& std::max(const _Tp&, const _Tp&) [with _Tp = int]	16	static
monochromedisplaypainter.cpp:131:6:void MonochromeDisplayPainter::drawLine(const IMonochromeDisplay::Point&, const IMonochromeDisplay::Point&, IMonochromeDisplay::PixelColor)	64	static
monochromedisplaypainter.cpp:217:6:void MonochromeDisplayPainter::drawRectangle(const IMonochromeDisplay::Point&, const IMonochromeDisplay::Size&, IMonochromeDisplay::PixelColor, IMonochromeDisplay::PixelColor)	112	static
monochromedisplaypainter.cpp:399:6:void MonochromeDisplayPainter::drawText(const IMonochromeDisplay::Point&, const string&, IMonochromeDisplay::PixelColor)	72	static
monochromedisplaypainter.cpp:476:6:void MonochromeDisplayPainter::_createOffsetBitmap(bool)	72	static
monochromedisplaypainter.cpp:492:6:void MonochromeDisplayPainter::_setPixel(const IMonochromeDisplay::Point&, IMonochromeDisplay::PixelColor)	88	static
stl_algobase.h:198:5:constexpr const _Tp& std::min(const _Tp&, const _Tp&) [with _Tp = int]	16	static
monochromedisplaypainter.cpp:517:6:void MonochromeDisplayPainter::_syncDisplay(int, int)	80	static
address.hpp:47:2:phy::Address<size>::Address(std::initializer_list<unsigned char>) [with unsigned int size = 4]	32	static
initializer_list:79:7:constexpr const _E* std::initializer_list<_E>::end() const [with _E = unsigned char]	24	static
stl_algobase.h:465:5:_OI std::copy(_II, _II, _OI) [with _II = const unsigned char*; _OI = unsigned char*]	32	static
cpp_type_traits.h:428:5:_Iterator std::__miter_base(_Iterator) [with _Iterator = const unsigned char*]	16	static
stl_algobase.h:438:5:_OI std::__copy_move_a2(_II, _II, _OI) [with bool _IsMove = false; _II = const unsigned char*; _OI = unsigned char*]	32	static
stl_algobase.h:280:5:_Iterator std::__niter_base(_Iterator) [with _Iterator = const unsigned char*]	16	static
stl_algobase.h:280:5:_Iterator std::__niter_base(_Iterator) [with _Iterator = unsigned char*]	16	static
stl_algobase.h:393:5:_OI std::__copy_move_a(_II, _II, _OI) [with bool _IsMove = false; _II = const unsigned char*; _OI = unsigned char*]	32	static
stl_algobase.h:295:5:_Iterator std::__niter_wrap(const _Iterator&, _Iterator) [with _Iterator = unsigned char*]	16	static
stl_algobase.h:375:2:static _Tp* std::__copy_move<_IsMove, true, std::random_access_iterator_tag>::__copy_m(const _Tp*, const _Tp*, _Tp*) [with _Tp = unsigned char; bool _IsMove = false]	32	static
monochromedisplaypainter.cpp:541:1:void __static_initialization_and_destruction_0(int, int)	40	static
address.hpp:56:10:phy::Address<size>::~Address() [with unsigned int size = 4]	16	static
address.hpp:56:10:phy::Address<size>::~Address() [with unsigned int size = 4]	16	static
monochromedisplaypainter.cpp:541:1:cpp)	8	static
monochromedisplaypainter.cpp:541:1:cpp)	8	static
