gthr-default.h:229:1:int __gthread_key_delete(__gthread_key_t)	16	static
initializer_list:71:7:constexpr std::initializer_list<_E>::size_type std::initializer_list<_E>::size() const [with _E = unsigned char]	16	static
initializer_list:75:7:constexpr const _E* std::initializer_list<_E>::begin() const [with _E = unsigned char]	16	static
imonochromedisplay.h:85:19:IMonochromeDisplay::Size::Size(int, int)	24	static
imonochromedisplay.h:93:11:IMonochromeDisplay::IMonochromeDisplay()	16	static
imonochromedisplay.h:94:10:IMonochromeDisplay::~IMonochromeDisplay()	16	static
imonochromedisplay.h:94:10:virtual IMonochromeDisplay::~IMonochromeDisplay()	16	static
imonochromedisplay.h:174:15:virtual void IMonochromeDisplay::clear(IMonochromeDisplay::PixelColor)	16	static
imonochromedisplay.h:189:15:virtual void IMonochromeDisplay::writeDisplayMemory(size_t, const uint8_t*, size_t)	24	static
imonochromedisplay.h:206:15:virtual void IMonochromeDisplay::readDisplayMemory(size_t, uint8_t*, size_t)	24	static
imonochromedisplay.h:219:15:virtual void IMonochromeDisplay::drawLine(const IMonochromeDisplay::Point&, const IMonochromeDisplay::Point&, IMonochromeDisplay::PixelColor)	24	static
imonochromedisplay.h:232:15:virtual void IMonochromeDisplay::drawRectangle(const IMonochromeDisplay::Point&, const IMonochromeDisplay::Size&, IMonochromeDisplay::PixelColor)	24	static
imonochromedisplay.h:245:15:virtual void IMonochromeDisplay::fillRectangle(const IMonochromeDisplay::Point&, const IMonochromeDisplay::Size&, IMonochromeDisplay::PixelColor)	24	static
imonochromedisplay.h:258:15:virtual void IMonochromeDisplay::drawEllipse(const IMonochromeDisplay::Point&, const IMonochromeDisplay::Size&, IMonochromeDisplay::PixelColor)	24	static
imonochromedisplay.h:271:15:virtual void IMonochromeDisplay::fillEllipse(const IMonochromeDisplay::Point&, const IMonochromeDisplay::Size&, IMonochromeDisplay::PixelColor)	24	static
imonochromedisplay.h:286:15:virtual void IMonochromeDisplay::drawText(const IMonochromeDisplay::Point&, const string&, IMonochromeDisplay::PixelColor)	24	static
monochromedisplay.cpp:9:1:MonochromeDisplay::MonochromeDisplay()	16	static
monochromedisplay.cpp:17:1:MonochromeDisplay::~MonochromeDisplay()	16	static
monochromedisplay.cpp:17:1:virtual MonochromeDisplay::~MonochromeDisplay()	16	static
monochromedisplay.cpp:22:26:virtual IMonochromeDisplay::Size MonochromeDisplay::resolution() const	16	static
monochromedisplay.cpp:27:47:virtual IMonochromeDisplay::AcceleratedDrawingMethods MonochromeDisplay::acceleratedDrawingMethods() const	24	static
monochromedisplay.cpp:40:6:virtual bool MonochromeDisplay::initialize()	24	static
monochromedisplay.cpp:57:6:virtual bool MonochromeDisplay::enable()	16	static
monochromedisplay.cpp:62:6:virtual bool MonochromeDisplay::disable()	16	static
monochromedisplay.cpp:67:32:virtual IMonochromeDisplay::PixelColor MonochromeDisplay::pixel(const Point&)	16	static
monochromedisplay.cpp:75:6:virtual void MonochromeDisplay::setPixel(const Point&, IMonochromeDisplay::PixelColor)	48	static
monochromedisplay.cpp:80:6:virtual void MonochromeDisplay::clear(IMonochromeDisplay::PixelColor)	24	static
monochromedisplay.cpp:85:6:virtual void MonochromeDisplay::drawLine(const Point&, const Point&, IMonochromeDisplay::PixelColor)	72	static
monochromedisplay.cpp:91:6:virtual void MonochromeDisplay::drawText(const Point&, const string&, IMonochromeDisplay::PixelColor)	56	static
monochromedisplay.cpp:96:6:void MonochromeDisplay::sendCommand(unsigned char)	16	static
monochromedisplay.cpp:101:6:void MonochromeDisplay::sendData(unsigned char)	16	static
monochromedisplay.cpp:106:6:void MonochromeDisplay::update()	16	static
monochromedisplay.cpp:111:10:uint16_t MonochromeDisplay::toEpDisplayColor(IMonochromeDisplay::PixelColor)	16	static
address.hpp:47:2:phy::Address<size>::Address(std::initializer_list<unsigned char>) [with unsigned int size = 4]	32	static
initializer_list:79:7:constexpr const _E* std::initializer_list<_E>::end() const [with _E = unsigned char]	24	static
stl_algobase.h:465:5:_OI std::copy(_II, _II, _OI) [with _II = const unsigned char*; _OI = unsigned char*]	32	static
cpp_type_traits.h:428:5:_Iterator std::__miter_base(_Iterator) [with _Iterator = const unsigned char*]	16	static
stl_algobase.h:438:5:_OI std::__copy_move_a2(_II, _II, _OI) [with bool _IsMove = false; _II = const unsigned char*; _OI = unsigned char*]	32	static
stl_algobase.h:280:5:_Iterator std::__niter_base(_Iterator) [with _Iterator = const unsigned char*]	16	static
stl_algobase.h:280:5:_Iterator std::__niter_base(_Iterator) [with _Iterator = unsigned char*]	16	static
stl_algobase.h:393:5:_OI std::__copy_move_a(_II, _II, _OI) [with bool _IsMove = false; _II = const unsigned char*; _OI = unsigned char*]	32	static
stl_algobase.h:295:5:_Iterator std::__niter_wrap(const _Iterator&, _Iterator) [with _Iterator = unsigned char*]	16	static
stl_algobase.h:375:2:static _Tp* std::__copy_move<_IsMove, true, std::random_access_iterator_tag>::__copy_m(const _Tp*, const _Tp*, _Tp*) [with _Tp = unsigned char; bool _IsMove = false]	32	static
monochromedisplay.cpp:114:1:void __static_initialization_and_destruction_0(int, int)	40	static
address.hpp:56:10:phy::Address<size>::~Address() [with unsigned int size = 4]	16	static
address.hpp:56:10:phy::Address<size>::~Address() [with unsigned int size = 4]	16	static
monochromedisplay.cpp:114:1:cpp)	8	static
monochromedisplay.cpp:114:1:cpp)	8	static
